2025-05-06 16:33:24,353 - INFO - ====== WebDriver manager ======
2025-05-06 16:33:26,208 - INFO - Get LATEST chromedriver version for google-chrome
2025-05-06 16:33:26,478 - INFO - Get LATEST chromedriver version for google-chrome
2025-05-06 16:33:26,692 - INFO - Driver [C:\Users\Stass\.wdm\drivers\chromedriver\win64\135.0.7049.114\chromedriver-win32/chromedriver.exe] found in cache
2025-05-06 16:33:45,114 - INFO - Старт проверки "Продажа техники из магазина за наличку"
2025-05-06 16:33:45,114 - INFO - Смена офиса
2025-05-06 16:33:51,904 - INFO - Пополнение кассы
2025-05-06 16:34:49,801 - ERROR - Element with locator ('css selector', '[aria-label="Далее"]') not clickable.
2025-05-06 16:34:50,244 - INFO - Переход в магазин
2025-05-06 16:34:52,710 - INFO - Открытие фильтра справа и сортировка для продажи товаров (не ЮИ)
2025-05-06 16:35:07,628 - INFO - Продажа товара из магазина (не ЮИ)
2025-05-06 16:35:28,254 - INFO - Печать документа
2025-05-06 16:35:30,960 - INFO - Печать чека создания "догов потребит займа"
2025-05-06 16:35:35,340 - INFO - Проверка статуса продажи товара (печати чека)
2025-05-06 16:36:05,864 - ERROR - Element with locator ('css selector', 'div.content-page li:nth-child(3) div.w-100 div') still visible after 30 seconds.
2025-05-06 16:36:10,281 - INFO - Переход в карточку товара из печати чека
2025-05-06 16:36:14,802 - INFO - Проверка статуса "Нет в наличии" в карточке товара
2025-05-06 16:36:29,048 - INFO - Проверка состояния "Продан" в карточке товара
2025-05-06 16:36:29,409 - INFO - Проверка "Продажа техники из магазина за наличку" завершена успешно
2025-05-06 17:00:25,636 - INFO - ====== WebDriver manager ======
2025-05-06 17:00:27,373 - INFO - Get LATEST chromedriver version for google-chrome
2025-05-06 17:00:27,731 - INFO - Get LATEST chromedriver version for google-chrome
2025-05-06 17:00:27,958 - INFO - Driver [C:\Users\Stass\.wdm\drivers\chromedriver\win64\135.0.7049.114\chromedriver-win32/chromedriver.exe] found in cache
2025-05-06 17:00:48,894 - INFO - Старт проверки "Продажа техники из магазина за наличку"
2025-05-06 17:00:48,894 - INFO - Смена офиса
2025-05-06 17:00:54,471 - INFO - Пополнение кассы
2025-05-06 17:01:49,456 - ERROR - Element with locator ('css selector', '[aria-label="Далее"]') not clickable.
2025-05-06 17:01:49,929 - INFO - Переход в магазин
2025-05-06 17:01:52,381 - INFO - Открытие фильтра справа и сортировка для продажи товаров (не ЮИ)
2025-05-06 17:02:07,756 - INFO - Продажа товара из магазина (не ЮИ)
2025-05-07 09:15:18,579 - INFO - ====== WebDriver manager ======
2025-05-07 09:15:20,604 - INFO - Get LATEST chromedriver version for google-chrome
2025-05-07 09:15:20,964 - INFO - Get LATEST chromedriver version for google-chrome
2025-05-07 09:15:21,305 - INFO - Get LATEST chromedriver version for google-chrome
2025-05-07 09:15:22,560 - INFO - WebDriver version 135.0.7049.114 selected
2025-05-07 09:15:22,566 - INFO - Modern chrome version https://storage.googleapis.com/chrome-for-testing-public/135.0.7049.114/win32/chromedriver-win32.zip
2025-05-07 09:15:22,566 - INFO - About to download new driver from https://storage.googleapis.com/chrome-for-testing-public/135.0.7049.114/win32/chromedriver-win32.zip
2025-05-07 09:15:22,919 - INFO - Driver downloading response is 200
2025-05-07 09:15:27,545 - INFO - Get LATEST chromedriver version for google-chrome
2025-05-07 09:15:28,521 - INFO - Driver has been saved in cache [C:\Users\Stass\.wdm\drivers\chromedriver\win64\135.0.7049.114]
2025-05-07 09:16:00,347 - INFO - Старт проверки "Продажа техники из магазина за наличку"
2025-05-07 09:16:00,347 - INFO - Смена офиса
2025-05-07 09:16:06,964 - INFO - Пополнение кассы
2025-05-07 09:17:02,980 - ERROR - Element with locator ('css selector', '[aria-label="Далее"]') not clickable.
2025-05-07 09:17:04,322 - INFO - Переход в магазин
2025-05-07 09:17:11,242 - INFO - Открытие фильтра справа и сортировка для продажи товаров (не ЮИ)
2025-05-07 09:17:40,322 - INFO - Продажа товара из магазина (не ЮИ)
2025-05-07 09:18:06,587 - INFO - Печать документа
2025-05-07 09:18:09,597 - INFO - Печать чека создания "догов потребит займа"
2025-05-07 09:18:15,368 - INFO - Проверка статуса продажи товара (печати чека)
2025-05-07 09:18:45,785 - ERROR - Element with locator ('css selector', 'div.content-page li:nth-child(3) div.w-100 div') still visible after 30 seconds.
2025-05-07 09:18:51,467 - INFO - Переход в карточку товара из печати чека
2025-05-07 09:18:56,661 - INFO - Проверка статуса "Нет в наличии" в карточке товара
2025-05-07 09:18:57,866 - INFO - Проверка состояния "Продан" в карточке товара
2025-05-07 09:18:59,903 - INFO - Проверка "Продажа техники из магазина за наличку" завершена успешно
2025-05-07 09:19:06,195 - INFO - ====== WebDriver manager ======
2025-05-07 09:19:09,504 - INFO - Get LATEST chromedriver version for google-chrome
2025-05-07 09:19:13,980 - INFO - Get LATEST chromedriver version for google-chrome
2025-05-07 09:19:14,955 - INFO - Driver [C:\Users\Stass\.wdm\drivers\chromedriver\win64\135.0.7049.114\chromedriver-win32/chromedriver.exe] found in cache
2025-05-07 09:21:46,345 - ERROR - Element with locator ('css selector', 'div.content-page li:nth-child(3) div.w-100 div') still visible after 30 seconds.
2025-05-07 09:21:54,964 - INFO - ====== WebDriver manager ======
2025-05-07 09:21:56,880 - INFO - Get LATEST chromedriver version for google-chrome
2025-05-07 09:22:01,319 - INFO - Get LATEST chromedriver version for google-chrome
2025-05-07 09:22:01,666 - INFO - Driver [C:\Users\Stass\.wdm\drivers\chromedriver\win64\135.0.7049.114\chromedriver-win32/chromedriver.exe] found in cache
2025-05-07 09:25:13,288 - ERROR - Element with locator ('css selector', 'div.content-page li:nth-child(3) div.w-100 div') still visible after 30 seconds.
2025-05-07 09:25:22,715 - INFO - ====== WebDriver manager ======
2025-05-07 09:25:24,654 - INFO - Get LATEST chromedriver version for google-chrome
2025-05-07 09:25:29,037 - INFO - Get LATEST chromedriver version for google-chrome
2025-05-07 09:25:29,373 - INFO - Driver [C:\Users\Stass\.wdm\drivers\chromedriver\win64\135.0.7049.114\chromedriver-win32/chromedriver.exe] found in cache
2025-05-07 09:26:17,479 - ERROR - Element with locator ('class name', 'btn.btn-primary') not clickable after 30 seconds.
2025-05-07 09:26:17,498 - ERROR - Element with locator ('id', 'email') not found.
2025-05-07 09:26:17,531 - ERROR - Element with locator ('id', 'password') not found.
2025-05-07 09:26:20,548 - INFO - ====== WebDriver manager ======
2025-05-07 09:26:22,423 - INFO - Get LATEST chromedriver version for google-chrome
2025-05-07 09:26:22,708 - INFO - Get LATEST chromedriver version for google-chrome
2025-05-07 09:26:23,150 - INFO - Driver [C:\Users\Stass\.wdm\drivers\chromedriver\win64\135.0.7049.114\chromedriver-win32/chromedriver.exe] found in cache
2025-05-07 09:27:10,916 - INFO - ====== WebDriver manager ======
2025-05-07 09:27:12,888 - INFO - Get LATEST chromedriver version for google-chrome
2025-05-07 09:27:14,160 - INFO - Get LATEST chromedriver version for google-chrome
2025-05-07 09:27:14,497 - INFO - Driver [C:\Users\Stass\.wdm\drivers\chromedriver\win64\135.0.7049.114\chromedriver-win32/chromedriver.exe] found in cache
2025-05-07 09:27:43,525 - INFO - ====== WebDriver manager ======
2025-05-07 09:27:45,311 - INFO - Get LATEST chromedriver version for google-chrome
2025-05-07 09:27:46,625 - INFO - Get LATEST chromedriver version for google-chrome
2025-05-07 09:27:47,296 - INFO - Driver [C:\Users\Stass\.wdm\drivers\chromedriver\win64\135.0.7049.114\chromedriver-win32/chromedriver.exe] found in cache
2025-05-07 09:29:18,047 - ERROR - Element with locator ('css selector', '[aria-label="Далее"]') not clickable.
2025-05-07 09:30:33,655 - ERROR - Element with locator ('css selector', '#instanceV\\.756 > input') not visible.
2025-05-07 09:32:13,961 - ERROR - Element with locator ('css selector', 'div.content-page li:nth-child(3) div.w-100 div') still visible after 30 seconds.
2025-05-07 09:33:15,165 - ERROR - Element with locator ('css selector', 'div.content-page li:nth-child(3) div.w-100 div') still visible after 30 seconds.
2025-05-07 09:33:23,809 - INFO - ====== WebDriver manager ======
2025-05-07 09:33:25,606 - INFO - Get LATEST chromedriver version for google-chrome
2025-05-07 09:33:30,012 - INFO - Get LATEST chromedriver version for google-chrome
2025-05-07 09:33:30,376 - INFO - Driver [C:\Users\Stass\.wdm\drivers\chromedriver\win64\135.0.7049.114\chromedriver-win32/chromedriver.exe] found in cache
2025-05-07 09:34:45,270 - INFO - ====== WebDriver manager ======
2025-05-07 09:34:47,907 - INFO - Get LATEST chromedriver version for google-chrome
2025-05-07 09:34:52,340 - INFO - Get LATEST chromedriver version for google-chrome
2025-05-07 09:34:52,646 - INFO - Driver [C:\Users\Stass\.wdm\drivers\chromedriver\win64\135.0.7049.114\chromedriver-win32/chromedriver.exe] found in cache
2025-05-07 09:35:41,067 - INFO - ====== WebDriver manager ======
2025-05-07 09:35:44,119 - INFO - Get LATEST chromedriver version for google-chrome
2025-05-07 09:35:44,392 - INFO - Get LATEST chromedriver version for google-chrome
2025-05-07 09:35:44,677 - INFO - Driver [C:\Users\Stass\.wdm\drivers\chromedriver\win64\135.0.7049.114\chromedriver-win32/chromedriver.exe] found in cache
2025-05-07 09:36:14,701 - INFO - ====== WebDriver manager ======
2025-05-07 09:36:16,705 - INFO - Get LATEST chromedriver version for google-chrome
2025-05-07 09:36:17,047 - INFO - Get LATEST chromedriver version for google-chrome
2025-05-07 09:36:17,376 - INFO - Driver [C:\Users\Stass\.wdm\drivers\chromedriver\win64\135.0.7049.114\chromedriver-win32/chromedriver.exe] found in cache
2025-05-07 09:37:18,049 - INFO - ====== WebDriver manager ======
2025-05-07 09:37:19,780 - INFO - Get LATEST chromedriver version for google-chrome
2025-05-07 09:37:24,143 - INFO - Get LATEST chromedriver version for google-chrome
2025-05-07 09:37:24,417 - INFO - Driver [C:\Users\Stass\.wdm\drivers\chromedriver\win64\135.0.7049.114\chromedriver-win32/chromedriver.exe] found in cache
2025-05-07 09:38:31,625 - ERROR - Element with locator ('id', 'instanceV.730') not found.
2025-05-07 09:38:35,925 - INFO - ====== WebDriver manager ======
2025-05-07 09:38:40,042 - INFO - Get LATEST chromedriver version for google-chrome
2025-05-07 09:38:40,319 - INFO - Get LATEST chromedriver version for google-chrome
2025-05-07 09:38:40,593 - INFO - Driver [C:\Users\Stass\.wdm\drivers\chromedriver\win64\135.0.7049.114\chromedriver-win32/chromedriver.exe] found in cache
2025-05-07 09:39:10,090 - WARNING - Retrying (Retry(total=2, connect=None, read=None, redirect=None, status=None)) after connection broken by 'NewConnectionError('<urllib3.connection.HTTPConnection object at 0x000001FCE69EDAD0>: Failed to establish a new connection: [WinError 10061] Подключение не установлено, т.к. конечный компьютер отверг запрос на подключение')': /session/6fbfca989e3accdae670e83d08540b8e
2025-05-07 09:39:14,158 - WARNING - Retrying (Retry(total=1, connect=None, read=None, redirect=None, status=None)) after connection broken by 'NewConnectionError('<urllib3.connection.HTTPConnection object at 0x000001FCE69EFB10>: Failed to establish a new connection: [WinError 10061] Подключение не установлено, т.к. конечный компьютер отверг запрос на подключение')': /session/6fbfca989e3accdae670e83d08540b8e
2025-05-07 09:39:18,246 - WARNING - Retrying (Retry(total=0, connect=None, read=None, redirect=None, status=None)) after connection broken by 'NewConnectionError('<urllib3.connection.HTTPConnection object at 0x000001FCE69D4CD0>: Failed to establish a new connection: [WinError 10061] Подключение не установлено, т.к. конечный компьютер отверг запрос на подключение')': /session/6fbfca989e3accdae670e83d08540b8e
2025-05-07 09:39:26,414 - INFO - ====== WebDriver manager ======
2025-05-07 09:39:28,367 - INFO - Get LATEST chromedriver version for google-chrome
2025-05-07 09:39:32,759 - INFO - Get LATEST chromedriver version for google-chrome
2025-05-07 09:39:33,075 - INFO - Driver [C:\Users\Stass\.wdm\drivers\chromedriver\win64\135.0.7049.114\chromedriver-win32/chromedriver.exe] found in cache
2025-05-07 09:39:52,313 - WARNING - Retrying (Retry(total=2, connect=None, read=None, redirect=None, status=None)) after connection broken by 'NewConnectionError('<urllib3.connection.HTTPConnection object at 0x000001FCE6975C90>: Failed to establish a new connection: [WinError 10061] Подключение не установлено, т.к. конечный компьютер отверг запрос на подключение')': /session/95931c09d89a2279dad54307af1cd109
2025-05-07 09:39:56,381 - WARNING - Retrying (Retry(total=1, connect=None, read=None, redirect=None, status=None)) after connection broken by 'NewConnectionError('<urllib3.connection.HTTPConnection object at 0x000001FCE6975790>: Failed to establish a new connection: [WinError 10061] Подключение не установлено, т.к. конечный компьютер отверг запрос на подключение')': /session/95931c09d89a2279dad54307af1cd109
2025-05-07 09:40:00,433 - WARNING - Retrying (Retry(total=0, connect=None, read=None, redirect=None, status=None)) after connection broken by 'NewConnectionError('<urllib3.connection.HTTPConnection object at 0x000001FCE87B07D0>: Failed to establish a new connection: [WinError 10061] Подключение не установлено, т.к. конечный компьютер отверг запрос на подключение')': /session/95931c09d89a2279dad54307af1cd109
2025-05-07 09:40:08,637 - INFO - ====== WebDriver manager ======
2025-05-07 09:40:10,453 - INFO - Get LATEST chromedriver version for google-chrome
2025-05-07 09:40:14,833 - INFO - Get LATEST chromedriver version for google-chrome
2025-05-07 09:40:15,226 - INFO - Driver [C:\Users\Stass\.wdm\drivers\chromedriver\win64\135.0.7049.114\chromedriver-win32/chromedriver.exe] found in cache
2025-05-07 09:40:40,881 - WARNING - Retrying (Retry(total=2, connect=None, read=None, redirect=None, status=None)) after connection broken by 'NewConnectionError('<urllib3.connection.HTTPConnection object at 0x000001FCE6597190>: Failed to establish a new connection: [WinError 10061] Подключение не установлено, т.к. конечный компьютер отверг запрос на подключение')': /session/7b458d041a9c5a0085b0ce5c8084e18e
2025-05-07 09:40:44,951 - WARNING - Retrying (Retry(total=1, connect=None, read=None, redirect=None, status=None)) after connection broken by 'NewConnectionError('<urllib3.connection.HTTPConnection object at 0x000001FCE859D350>: Failed to establish a new connection: [WinError 10061] Подключение не установлено, т.к. конечный компьютер отверг запрос на подключение')': /session/7b458d041a9c5a0085b0ce5c8084e18e
2025-05-07 09:40:49,041 - WARNING - Retrying (Retry(total=0, connect=None, read=None, redirect=None, status=None)) after connection broken by 'NewConnectionError('<urllib3.connection.HTTPConnection object at 0x000001FCE859F190>: Failed to establish a new connection: [WinError 10061] Подключение не установлено, т.к. конечный компьютер отверг запрос на подключение')': /session/7b458d041a9c5a0085b0ce5c8084e18e
2025-05-07 09:40:57,189 - INFO - ====== WebDriver manager ======
2025-05-07 09:40:59,166 - INFO - Get LATEST chromedriver version for google-chrome
2025-05-07 09:41:03,489 - INFO - Get LATEST chromedriver version for google-chrome
2025-05-07 09:41:03,823 - INFO - Driver [C:\Users\Stass\.wdm\drivers\chromedriver\win64\135.0.7049.114\chromedriver-win32/chromedriver.exe] found in cache
2025-05-07 09:41:22,437 - WARNING - Retrying (Retry(total=2, connect=None, read=None, redirect=None, status=None)) after connection broken by 'NewConnectionError('<urllib3.connection.HTTPConnection object at 0x000001FCE69E7DD0>: Failed to establish a new connection: [WinError 10061] Подключение не установлено, т.к. конечный компьютер отверг запрос на подключение')': /session/a6f6df0ec9777142427858d63935d97a
2025-05-07 09:41:26,498 - WARNING - Retrying (Retry(total=1, connect=None, read=None, redirect=None, status=None)) after connection broken by 'NewConnectionError('<urllib3.connection.HTTPConnection object at 0x000001FCE69E63D0>: Failed to establish a new connection: [WinError 10061] Подключение не установлено, т.к. конечный компьютер отверг запрос на подключение')': /session/a6f6df0ec9777142427858d63935d97a
2025-05-07 09:41:30,594 - WARNING - Retrying (Retry(total=0, connect=None, read=None, redirect=None, status=None)) after connection broken by 'NewConnectionError('<urllib3.connection.HTTPConnection object at 0x000001FCE87B2FD0>: Failed to establish a new connection: [WinError 10061] Подключение не установлено, т.к. конечный компьютер отверг запрос на подключение')': /session/a6f6df0ec9777142427858d63935d97a
2025-05-07 09:41:38,745 - INFO - ====== WebDriver manager ======
2025-05-07 09:41:40,466 - INFO - Get LATEST chromedriver version for google-chrome
2025-05-07 09:41:49,101 - INFO - Get LATEST chromedriver version for google-chrome
2025-05-07 09:41:49,374 - INFO - Driver [C:\Users\Stass\.wdm\drivers\chromedriver\win64\135.0.7049.114\chromedriver-win32/chromedriver.exe] found in cache
2025-05-07 09:42:18,750 - INFO - ====== WebDriver manager ======
2025-05-07 09:42:20,406 - INFO - Get LATEST chromedriver version for google-chrome
2025-05-07 09:42:20,731 - INFO - Get LATEST chromedriver version for google-chrome
2025-05-07 09:42:21,063 - INFO - Driver [C:\Users\Stass\.wdm\drivers\chromedriver\win64\135.0.7049.114\chromedriver-win32/chromedriver.exe] found in cache
2025-05-07 09:42:41,845 - WARNING - Retrying (Retry(total=2, connect=None, read=None, redirect=None, status=None)) after connection broken by 'NewConnectionError('<urllib3.connection.HTTPConnection object at 0x000001FCE6934610>: Failed to establish a new connection: [WinError 10061] Подключение не установлено, т.к. конечный компьютер отверг запрос на подключение')': /session/7755582634d42e548f4c5d1a12de60c5
2025-05-07 09:42:45,920 - WARNING - Retrying (Retry(total=1, connect=None, read=None, redirect=None, status=None)) after connection broken by 'NewConnectionError('<urllib3.connection.HTTPConnection object at 0x000001FCE6935FD0>: Failed to establish a new connection: [WinError 10061] Подключение не установлено, т.к. конечный компьютер отверг запрос на подключение')': /session/7755582634d42e548f4c5d1a12de60c5
2025-05-07 09:42:50,016 - WARNING - Retrying (Retry(total=0, connect=None, read=None, redirect=None, status=None)) after connection broken by 'NewConnectionError('<urllib3.connection.HTTPConnection object at 0x000001FCE6934ED0>: Failed to establish a new connection: [WinError 10061] Подключение не установлено, т.к. конечный компьютер отверг запрос на подключение')': /session/7755582634d42e548f4c5d1a12de60c5
2025-05-07 09:42:58,198 - INFO - ====== WebDriver manager ======
2025-05-07 09:42:59,985 - INFO - Get LATEST chromedriver version for google-chrome
2025-05-07 09:43:04,501 - INFO - Get LATEST chromedriver version for google-chrome
2025-05-07 09:43:04,770 - INFO - Driver [C:\Users\Stass\.wdm\drivers\chromedriver\win64\135.0.7049.114\chromedriver-win32/chromedriver.exe] found in cache
2025-05-07 09:43:40,016 - WARNING - Retrying (Retry(total=2, connect=None, read=None, redirect=None, status=None)) after connection broken by 'NewConnectionError('<urllib3.connection.HTTPConnection object at 0x000001FCE7A34150>: Failed to establish a new connection: [WinError 10061] Подключение не установлено, т.к. конечный компьютер отверг запрос на подключение')': /session/c1fbc0ba48c3cd3a16e5902a82ea7369
2025-05-07 09:43:44,108 - WARNING - Retrying (Retry(total=1, connect=None, read=None, redirect=None, status=None)) after connection broken by 'NewConnectionError('<urllib3.connection.HTTPConnection object at 0x000001FCE7A36D90>: Failed to establish a new connection: [WinError 10061] Подключение не установлено, т.к. конечный компьютер отверг запрос на подключение')': /session/c1fbc0ba48c3cd3a16e5902a82ea7369
2025-05-07 09:43:48,191 - WARNING - Retrying (Retry(total=0, connect=None, read=None, redirect=None, status=None)) after connection broken by 'NewConnectionError('<urllib3.connection.HTTPConnection object at 0x000001FCE7A357D0>: Failed to establish a new connection: [WinError 10061] Подключение не установлено, т.к. конечный компьютер отверг запрос на подключение')': /session/c1fbc0ba48c3cd3a16e5902a82ea7369
2025-05-07 09:43:56,351 - INFO - ====== WebDriver manager ======
2025-05-07 09:43:58,091 - INFO - Get LATEST chromedriver version for google-chrome
2025-05-07 09:44:02,470 - INFO - Get LATEST chromedriver version for google-chrome
2025-05-07 09:44:02,738 - INFO - Driver [C:\Users\Stass\.wdm\drivers\chromedriver\win64\135.0.7049.114\chromedriver-win32/chromedriver.exe] found in cache
2025-05-07 09:45:20,312 - ERROR - Element with locator ('class name', 'p-button.p-component.w-100') not clickable.
2025-05-07 09:45:57,694 - ERROR - Element with locator <selenium.webdriver.remote.webelement.WebElement (session="c7e6729d20949f45113c77b26f1b19b7", element="f.9AC36D44B4B2B6C5BC4DF8D96C105C3C.d.3A2D46E0237101237BE0FD563C4154B5.e.465")> not clickable after 30 seconds.
2025-05-07 09:46:07,118 - ERROR - Element with locator ('css selector', '[aria-posinset="1"]') not found.
2025-05-07 09:46:54,616 - ERROR - Element with locator ('css selector', '[class="p-button p-component p-button-icon-only p-speeddial-button p-button-rounded p-speeddial-rotate"]') not clickable.
2025-05-07 09:46:54,637 - ERROR - Element with locator ('id', 'name') not found.
2025-05-07 10:20:30,546 - INFO - ====== WebDriver manager ======
2025-05-07 10:20:32,353 - INFO - Get LATEST chromedriver version for google-chrome
2025-05-07 10:20:32,712 - INFO - Get LATEST chromedriver version for google-chrome
2025-05-07 10:20:32,993 - INFO - Driver [C:\Users\Stass\.wdm\drivers\chromedriver\win64\135.0.7049.114\chromedriver-win32/chromedriver.exe] found in cache
2025-05-07 10:21:03,328 - INFO - Старт проверки "Продажа техники из магазина за наличку"
2025-05-07 10:21:03,328 - INFO - Смена офиса
2025-05-07 10:21:09,526 - INFO - Пополнение кассы
2025-05-07 10:22:04,060 - ERROR - Element with locator ('css selector', '[aria-label="Далее"]') not clickable.
2025-05-07 10:22:04,447 - INFO - Переход в магазин
2025-05-07 10:22:06,880 - INFO - Открытие фильтра справа и сортировка для продажи товаров (не ЮИ)
2025-05-07 10:22:21,010 - INFO - Продажа товара из магазина (не ЮИ)
2025-05-07 10:22:43,362 - INFO - Печать документа
2025-05-07 10:22:49,882 - INFO - Печать чека создания "догов потребит займа"
2025-05-07 10:22:53,972 - INFO - Проверка статуса продажи товара (печати чека)
2025-05-07 10:23:18,583 - INFO - Переход в карточку товара из печати чека
2025-05-07 10:23:22,981 - INFO - Проверка статуса "Нет в наличии" в карточке товара
2025-05-07 10:23:23,227 - INFO - Проверка состояния "Продан" в карточке товара
2025-05-07 10:23:23,467 - INFO - Продажа техники из магазина за наличку завершена успешно
2025-05-07 14:37:49,268 - INFO - ====== WebDriver manager ======
2025-05-07 14:37:51,656 - INFO - Get LATEST chromedriver version for google-chrome
2025-05-07 14:37:52,019 - INFO - Get LATEST chromedriver version for google-chrome
2025-05-07 14:37:52,294 - INFO - Driver [C:\Users\Stass\.wdm\drivers\chromedriver\win64\135.0.7049.114\chromedriver-win32/chromedriver.exe] found in cache
2025-05-07 14:38:17,511 - INFO - Старт проверки "Продажа техники из магазина за наличку"
2025-05-07 14:38:17,513 - INFO - Смена офиса
2025-05-07 14:38:24,532 - INFO - Пополнение кассы
2025-05-07 14:39:51,790 - ERROR - Element with locator ('css selector', '[aria-label="Далее"]') not clickable.
2025-05-07 14:39:53,036 - INFO - Переход в магазин
2025-05-07 14:39:56,215 - INFO - Открытие фильтра справа и сортировка для продажи товаров (не ЮИ)
2025-05-07 14:40:12,356 - INFO - Продажа товара из магазина (не ЮИ)
2025-05-07 14:40:40,091 - INFO - Печать документа
2025-05-07 14:40:42,999 - INFO - Печать чека создания "догов потребит займа"
2025-05-07 14:40:49,890 - INFO - Проверка статуса продажи товара (печати чека)
2025-05-07 14:41:20,295 - ERROR - Element with locator ('css selector', 'div.content-page li:nth-child(3) div.w-100 div') still visible after 30 seconds.
2025-05-07 14:41:26,227 - INFO - Переход в карточку товара из печати чека
2025-05-07 14:41:31,507 - INFO - Проверка статуса "Нет в наличии" в карточке товара
2025-05-07 14:41:32,536 - INFO - Проверка состояния "Продан" в карточке товара
2025-05-07 14:41:33,865 - INFO - Продажа техники из магазина за наличку завершена успешно
2025-05-07 14:41:43,792 - INFO - ====== WebDriver manager ======
2025-05-07 14:41:45,649 - INFO - Get LATEST chromedriver version for google-chrome
2025-05-07 14:41:50,134 - INFO - Get LATEST chromedriver version for google-chrome
2025-05-07 14:41:50,484 - INFO - Driver [C:\Users\Stass\.wdm\drivers\chromedriver\win64\135.0.7049.114\chromedriver-win32/chromedriver.exe] found in cache
2025-05-07 14:44:21,170 - ERROR - Element with locator ('css selector', '[class="p-button p-component p-button-icon-only p-speeddial-button p-button-rounded"]') not clickable after 30 seconds.
2025-05-07 14:44:25,328 - INFO - ====== WebDriver manager ======
2025-05-07 14:44:27,558 - INFO - Get LATEST chromedriver version for google-chrome
2025-05-07 14:44:27,884 - INFO - Get LATEST chromedriver version for google-chrome
2025-05-07 14:44:28,182 - INFO - Driver [C:\Users\Stass\.wdm\drivers\chromedriver\win64\135.0.7049.114\chromedriver-win32/chromedriver.exe] found in cache
2025-05-07 14:46:59,227 - ERROR - Element with locator ('css selector', 'div.content-page li:nth-child(3) div.w-100 div') still visible after 30 seconds.
2025-05-07 14:47:08,513 - INFO - ====== WebDriver manager ======
2025-05-07 14:47:11,332 - INFO - Get LATEST chromedriver version for google-chrome
2025-05-07 14:47:15,673 - INFO - Get LATEST chromedriver version for google-chrome
2025-05-07 14:47:16,040 - INFO - Driver [C:\Users\Stass\.wdm\drivers\chromedriver\win64\135.0.7049.114\chromedriver-win32/chromedriver.exe] found in cache
2025-05-07 14:49:48,549 - ERROR - Element with locator ('css selector', 'div.content-page li:nth-child(3) div.w-100 div') still visible after 30 seconds.
2025-05-07 14:49:59,215 - INFO - ====== WebDriver manager ======
2025-05-07 14:50:01,697 - INFO - Get LATEST chromedriver version for google-chrome
2025-05-07 14:50:06,085 - INFO - Get LATEST chromedriver version for google-chrome
2025-05-07 14:50:06,422 - INFO - Driver [C:\Users\Stass\.wdm\drivers\chromedriver\win64\135.0.7049.114\chromedriver-win32/chromedriver.exe] found in cache
2025-05-07 14:51:15,334 - ERROR - Element with locator ('css selector', '[aria-posinset="1"]') not found.
2025-05-07 14:53:14,751 - ERROR - Element with locator ('css selector', 'div.content-page li:nth-child(3) div.w-100 div') still visible after 30 seconds.
2025-05-07 14:53:23,846 - INFO - ====== WebDriver manager ======
2025-05-07 14:53:26,708 - INFO - Get LATEST chromedriver version for google-chrome
2025-05-07 14:53:31,069 - INFO - Get LATEST chromedriver version for google-chrome
2025-05-07 14:53:31,341 - INFO - Driver [C:\Users\Stass\.wdm\drivers\chromedriver\win64\135.0.7049.114\chromedriver-win32/chromedriver.exe] found in cache
2025-05-07 14:56:12,320 - ERROR - Element with locator ('css selector', 'div.content-page li:nth-child(3) div.w-100 div') still visible after 30 seconds.
2025-05-07 14:56:30,449 - ERROR - Element with locator ('css selector', '[aria-controls = "btnCreateOperation"]') not found.
2025-05-07 14:57:26,390 - ERROR - Element with locator ('css selector', 'div.content-page li:nth-child(3) div.w-100 div') still visible after 30 seconds.
2025-05-07 14:57:35,508 - INFO - ====== WebDriver manager ======
2025-05-07 14:57:37,286 - INFO - Get LATEST chromedriver version for google-chrome
2025-05-07 14:57:42,099 - INFO - Get LATEST chromedriver version for google-chrome
2025-05-07 14:57:42,466 - INFO - Driver [C:\Users\Stass\.wdm\drivers\chromedriver\win64\135.0.7049.114\chromedriver-win32/chromedriver.exe] found in cache
2025-05-07 14:59:11,968 - ERROR - Element with locator ('css selector', '[aria-label="Далее"]') not clickable.
2025-05-07 15:00:26,848 - ERROR - Element with locator ('css selector', '#instanceV\\.756 > input') not visible.
2025-05-07 15:01:04,078 - ERROR - Element with locator ('css selector', '.p-speeddial-action-icon.pi.pi-user-plus') not clickable after 30 seconds.
2025-05-07 15:01:07,867 - INFO - ====== WebDriver manager ======
2025-05-07 15:01:09,991 - INFO - Get LATEST chromedriver version for google-chrome
2025-05-07 15:01:10,324 - INFO - Get LATEST chromedriver version for google-chrome
2025-05-07 15:01:10,648 - INFO - Driver [C:\Users\Stass\.wdm\drivers\chromedriver\win64\135.0.7049.114\chromedriver-win32/chromedriver.exe] found in cache
2025-05-07 15:02:28,390 - INFO - ====== WebDriver manager ======
2025-05-07 15:02:30,407 - INFO - Get LATEST chromedriver version for google-chrome
2025-05-07 15:02:34,743 - INFO - Get LATEST chromedriver version for google-chrome
2025-05-07 15:02:35,025 - INFO - Driver [C:\Users\Stass\.wdm\drivers\chromedriver\win64\135.0.7049.114\chromedriver-win32/chromedriver.exe] found in cache
2025-05-07 15:03:52,204 - INFO - ====== WebDriver manager ======
2025-05-07 15:03:54,767 - INFO - Get LATEST chromedriver version for google-chrome
2025-05-07 15:03:59,138 - INFO - Get LATEST chromedriver version for google-chrome
2025-05-07 15:03:59,410 - INFO - Driver [C:\Users\Stass\.wdm\drivers\chromedriver\win64\135.0.7049.114\chromedriver-win32/chromedriver.exe] found in cache
2025-05-07 15:04:34,110 - INFO - ====== WebDriver manager ======
2025-05-07 15:04:40,003 - INFO - Get LATEST chromedriver version for google-chrome
2025-05-07 15:04:40,280 - INFO - Get LATEST chromedriver version for google-chrome
2025-05-07 15:04:40,558 - INFO - Driver [C:\Users\Stass\.wdm\drivers\chromedriver\win64\135.0.7049.114\chromedriver-win32/chromedriver.exe] found in cache
2025-05-07 15:05:43,948 - INFO - ====== WebDriver manager ======
2025-05-07 15:05:47,214 - INFO - Get LATEST chromedriver version for google-chrome
2025-05-07 15:05:51,633 - INFO - Get LATEST chromedriver version for google-chrome
2025-05-07 15:05:51,970 - INFO - Driver [C:\Users\Stass\.wdm\drivers\chromedriver\win64\135.0.7049.114\chromedriver-win32/chromedriver.exe] found in cache
2025-05-07 15:07:20,570 - ERROR - Element with locator ('css selector', '#instanceV\\.756 > input') not visible.
2025-05-07 15:08:00,799 - INFO - ====== WebDriver manager ======
2025-05-07 15:08:03,344 - INFO - Get LATEST chromedriver version for google-chrome
2025-05-07 15:08:03,634 - INFO - Get LATEST chromedriver version for google-chrome
2025-05-07 15:08:03,986 - INFO - Driver [C:\Users\Stass\.wdm\drivers\chromedriver\win64\135.0.7049.114\chromedriver-win32/chromedriver.exe] found in cache
2025-05-07 15:08:30,282 - WARNING - Retrying (Retry(total=2, connect=None, read=None, redirect=None, status=None)) after connection broken by 'NewConnectionError('<urllib3.connection.HTTPConnection object at 0x0000018A1F8AD910>: Failed to establish a new connection: [WinError 10061] Подключение не установлено, т.к. конечный компьютер отверг запрос на подключение')': /session/383ccb35538ee1add69b880a2541c170
2025-05-07 15:08:34,349 - WARNING - Retrying (Retry(total=1, connect=None, read=None, redirect=None, status=None)) after connection broken by 'NewConnectionError('<urllib3.connection.HTTPConnection object at 0x0000018A1E7D7850>: Failed to establish a new connection: [WinError 10061] Подключение не установлено, т.к. конечный компьютер отверг запрос на подключение')': /session/383ccb35538ee1add69b880a2541c170
2025-05-07 15:08:38,421 - WARNING - Retrying (Retry(total=0, connect=None, read=None, redirect=None, status=None)) after connection broken by 'NewConnectionError('<urllib3.connection.HTTPConnection object at 0x0000018A1E7D6950>: Failed to establish a new connection: [WinError 10061] Подключение не установлено, т.к. конечный компьютер отверг запрос на подключение')': /session/383ccb35538ee1add69b880a2541c170
2025-05-07 15:08:46,582 - INFO - ====== WebDriver manager ======
2025-05-07 15:08:48,378 - INFO - Get LATEST chromedriver version for google-chrome
2025-05-07 15:08:52,729 - INFO - Get LATEST chromedriver version for google-chrome
2025-05-07 15:08:53,046 - INFO - Driver [C:\Users\Stass\.wdm\drivers\chromedriver\win64\135.0.7049.114\chromedriver-win32/chromedriver.exe] found in cache
2025-05-07 15:09:17,587 - WARNING - Retrying (Retry(total=2, connect=None, read=None, redirect=None, status=None)) after connection broken by 'NewConnectionError('<urllib3.connection.HTTPConnection object at 0x0000018A1E3B27D0>: Failed to establish a new connection: [WinError 10061] Подключение не установлено, т.к. конечный компьютер отверг запрос на подключение')': /session/9b804529a358a29fec452de1864fe05c
2025-05-07 15:09:21,643 - WARNING - Retrying (Retry(total=1, connect=None, read=None, redirect=None, status=None)) after connection broken by 'NewConnectionError('<urllib3.connection.HTTPConnection object at 0x0000018A1E3B3C50>: Failed to establish a new connection: [WinError 10061] Подключение не установлено, т.к. конечный компьютер отверг запрос на подключение')': /session/9b804529a358a29fec452de1864fe05c
2025-05-07 15:09:25,736 - WARNING - Retrying (Retry(total=0, connect=None, read=None, redirect=None, status=None)) after connection broken by 'NewConnectionError('<urllib3.connection.HTTPConnection object at 0x0000018A1E7E8D90>: Failed to establish a new connection: [WinError 10061] Подключение не установлено, т.к. конечный компьютер отверг запрос на подключение')': /session/9b804529a358a29fec452de1864fe05c
2025-05-07 15:09:33,893 - INFO - ====== WebDriver manager ======
2025-05-07 15:09:35,915 - INFO - Get LATEST chromedriver version for google-chrome
2025-05-07 15:09:40,253 - INFO - Get LATEST chromedriver version for google-chrome
2025-05-07 15:09:40,584 - INFO - Driver [C:\Users\Stass\.wdm\drivers\chromedriver\win64\135.0.7049.114\chromedriver-win32/chromedriver.exe] found in cache
2025-05-07 15:10:01,259 - WARNING - Retrying (Retry(total=2, connect=None, read=None, redirect=None, status=None)) after connection broken by 'NewConnectionError('<urllib3.connection.HTTPConnection object at 0x0000018A1E763D90>: Failed to establish a new connection: [WinError 10061] Подключение не установлено, т.к. конечный компьютер отверг запрос на подключение')': /session/52d4eec9b222ccb0f1c876c1cb7a3d9e
2025-05-07 15:10:05,330 - WARNING - Retrying (Retry(total=1, connect=None, read=None, redirect=None, status=None)) after connection broken by 'NewConnectionError('<urllib3.connection.HTTPConnection object at 0x0000018A1E761510>: Failed to establish a new connection: [WinError 10061] Подключение не установлено, т.к. конечный компьютер отверг запрос на подключение')': /session/52d4eec9b222ccb0f1c876c1cb7a3d9e
2025-05-07 15:10:09,407 - WARNING - Retrying (Retry(total=0, connect=None, read=None, redirect=None, status=None)) after connection broken by 'NewConnectionError('<urllib3.connection.HTTPConnection object at 0x0000018A1E7624D0>: Failed to establish a new connection: [WinError 10061] Подключение не установлено, т.к. конечный компьютер отверг запрос на подключение')': /session/52d4eec9b222ccb0f1c876c1cb7a3d9e
2025-05-07 15:10:17,589 - INFO - ====== WebDriver manager ======
2025-05-07 15:10:19,228 - INFO - Get LATEST chromedriver version for google-chrome
2025-05-07 15:10:23,613 - INFO - Get LATEST chromedriver version for google-chrome
2025-05-07 15:10:23,884 - INFO - Driver [C:\Users\Stass\.wdm\drivers\chromedriver\win64\135.0.7049.114\chromedriver-win32/chromedriver.exe] found in cache
2025-05-07 15:10:52,279 - INFO - ====== WebDriver manager ======
2025-05-07 15:10:54,040 - INFO - Get LATEST chromedriver version for google-chrome
2025-05-07 15:10:54,312 - INFO - Get LATEST chromedriver version for google-chrome
2025-05-07 15:10:54,627 - INFO - Driver [C:\Users\Stass\.wdm\drivers\chromedriver\win64\135.0.7049.114\chromedriver-win32/chromedriver.exe] found in cache
2025-05-07 15:11:24,068 - INFO - ====== WebDriver manager ======
2025-05-07 15:11:25,648 - INFO - Get LATEST chromedriver version for google-chrome
2025-05-07 15:11:25,922 - INFO - Get LATEST chromedriver version for google-chrome
2025-05-07 15:11:26,195 - INFO - Driver [C:\Users\Stass\.wdm\drivers\chromedriver\win64\135.0.7049.114\chromedriver-win32/chromedriver.exe] found in cache
2025-05-07 15:11:43,843 - WARNING - Retrying (Retry(total=2, connect=None, read=None, redirect=None, status=None)) after connection broken by 'NewConnectionError('<urllib3.connection.HTTPConnection object at 0x0000018A1E7F3850>: Failed to establish a new connection: [WinError 10061] Подключение не установлено, т.к. конечный компьютер отверг запрос на подключение')': /session/b12ec0956462a97d290850588c151984
2025-05-07 15:11:47,893 - WARNING - Retrying (Retry(total=1, connect=None, read=None, redirect=None, status=None)) after connection broken by 'NewConnectionError('<urllib3.connection.HTTPConnection object at 0x0000018A1E7F2D50>: Failed to establish a new connection: [WinError 10061] Подключение не установлено, т.к. конечный компьютер отверг запрос на подключение')': /session/b12ec0956462a97d290850588c151984
2025-05-07 15:11:51,966 - WARNING - Retrying (Retry(total=0, connect=None, read=None, redirect=None, status=None)) after connection broken by 'NewConnectionError('<urllib3.connection.HTTPConnection object at 0x0000018A1F8AE890>: Failed to establish a new connection: [WinError 10061] Подключение не установлено, т.к. конечный компьютер отверг запрос на подключение')': /session/b12ec0956462a97d290850588c151984
2025-05-07 15:12:00,120 - INFO - ====== WebDriver manager ======
2025-05-07 15:12:01,694 - INFO - Get LATEST chromedriver version for google-chrome
2025-05-07 15:12:06,423 - INFO - Get LATEST chromedriver version for google-chrome
2025-05-07 15:12:06,750 - INFO - Driver [C:\Users\Stass\.wdm\drivers\chromedriver\win64\135.0.7049.114\chromedriver-win32/chromedriver.exe] found in cache
2025-05-07 15:12:23,445 - WARNING - Retrying (Retry(total=2, connect=None, read=None, redirect=None, status=None)) after connection broken by 'NewConnectionError('<urllib3.connection.HTTPConnection object at 0x0000018A1E796D50>: Failed to establish a new connection: [WinError 10061] Подключение не установлено, т.к. конечный компьютер отверг запрос на подключение')': /session/3bccebd1c7b6a2a5773febf7c77f47be
2025-05-07 15:12:27,497 - WARNING - Retrying (Retry(total=1, connect=None, read=None, redirect=None, status=None)) after connection broken by 'NewConnectionError('<urllib3.connection.HTTPConnection object at 0x0000018A1E794CD0>: Failed to establish a new connection: [WinError 10061] Подключение не установлено, т.к. конечный компьютер отверг запрос на подключение')': /session/3bccebd1c7b6a2a5773febf7c77f47be
2025-05-07 15:12:31,548 - WARNING - Retrying (Retry(total=0, connect=None, read=None, redirect=None, status=None)) after connection broken by 'NewConnectionError('<urllib3.connection.HTTPConnection object at 0x0000018A1E794350>: Failed to establish a new connection: [WinError 10061] Подключение не установлено, т.к. конечный компьютер отверг запрос на подключение')': /session/3bccebd1c7b6a2a5773febf7c77f47be
2025-05-07 15:12:39,713 - INFO - ====== WebDriver manager ======
2025-05-07 15:12:41,335 - INFO - Get LATEST chromedriver version for google-chrome
2025-05-07 15:12:52,817 - INFO - Get LATEST chromedriver version for google-chrome
2025-05-07 15:13:17,619 - INFO - Driver [C:\Users\Stass\.wdm\drivers\chromedriver\win64\135.0.7049.114\chromedriver-win32/chromedriver.exe] found in cache
2025-05-07 15:14:32,848 - ERROR - Element with locator ('class name', 'p-button.p-component.w-100') not clickable.
2025-05-07 15:15:09,692 - ERROR - Element with locator <selenium.webdriver.remote.webelement.WebElement (session="2827e1eb3f548d9d71f3866723033d33", element="f.BFC7DB989276B4AAFBE60AA169AEBE79.d.7753469354588D46F3FE70F6DD3AF94E.e.441")> not clickable after 30 seconds.
2025-05-07 15:15:16,541 - ERROR - Element with locator ('css selector', '[aria-posinset="1"]') not found.
2025-05-07 15:17:09,760 - INFO - ====== WebDriver manager ======
2025-05-07 15:17:11,559 - INFO - Get LATEST chromedriver version for google-chrome
2025-05-07 15:17:11,845 - INFO - Get LATEST chromedriver version for google-chrome
2025-05-07 15:17:12,121 - INFO - Driver [C:\Users\Stass\.wdm\drivers\chromedriver\win64\135.0.7049.114\chromedriver-win32/chromedriver.exe] found in cache
2025-05-07 15:17:41,538 - WARNING - Retrying (Retry(total=2, connect=None, read=None, redirect=None, status=None)) after connection broken by 'NewConnectionError('<urllib3.connection.HTTPConnection object at 0x00000248858893D0>: Failed to establish a new connection: [WinError 10061] Подключение не установлено, т.к. конечный компьютер отверг запрос на подключение')': /session/200a0c35c62ea0baefe12fdb5ed6fb72
2025-05-07 15:17:45,601 - WARNING - Retrying (Retry(total=1, connect=None, read=None, redirect=None, status=None)) after connection broken by 'NewConnectionError('<urllib3.connection.HTTPConnection object at 0x0000024885889F50>: Failed to establish a new connection: [WinError 10061] Подключение не установлено, т.к. конечный компьютер отверг запрос на подключение')': /session/200a0c35c62ea0baefe12fdb5ed6fb72
2025-05-07 15:17:49,703 - WARNING - Retrying (Retry(total=0, connect=None, read=None, redirect=None, status=None)) after connection broken by 'NewConnectionError('<urllib3.connection.HTTPConnection object at 0x000002488588A5D0>: Failed to establish a new connection: [WinError 10061] Подключение не установлено, т.к. конечный компьютер отверг запрос на подключение')': /session/200a0c35c62ea0baefe12fdb5ed6fb72
2025-05-12 17:31:09,494 - INFO - ====== WebDriver manager ======
2025-05-12 17:31:11,862 - INFO - Get LATEST chromedriver version for google-chrome
2025-05-12 17:31:12,354 - INFO - Get LATEST chromedriver version for google-chrome
2025-05-12 17:31:12,698 - INFO - There is no [win64] chromedriver "136.0.7103.92" for browser google-chrome "136.0.7103" in cache
2025-05-12 17:31:12,698 - INFO - Get LATEST chromedriver version for google-chrome
2025-05-12 17:31:13,609 - INFO - WebDriver version 136.0.7103.92 selected
2025-05-12 17:31:13,618 - INFO - Modern chrome version https://storage.googleapis.com/chrome-for-testing-public/136.0.7103.92/win32/chromedriver-win32.zip
2025-05-12 17:31:13,618 - INFO - About to download new driver from https://storage.googleapis.com/chrome-for-testing-public/136.0.7103.92/win32/chromedriver-win32.zip
2025-05-12 17:31:13,948 - INFO - Driver downloading response is 200
2025-05-12 17:31:19,324 - INFO - Get LATEST chromedriver version for google-chrome
2025-05-12 17:31:21,029 - INFO - Driver has been saved in cache [C:\Users\Stass\.wdm\drivers\chromedriver\win64\136.0.7103.92]
2025-05-12 17:31:43,215 - INFO - Старт проверки "Продажа техники из магазина за наличку"
2025-05-12 17:31:43,215 - INFO - Смена офиса
2025-05-12 17:31:48,625 - INFO - Пополнение кассы
2025-05-12 17:32:44,712 - ERROR - Element with locator ('css selector', '[aria-label="Далее"]') not clickable.
2025-05-12 17:32:45,175 - INFO - Переход в магазин
2025-05-12 17:32:47,694 - INFO - Открытие фильтра справа и сортировка для продажи товаров (не ЮИ)
2025-05-12 17:33:03,190 - INFO - Продажа товара из магазина (не ЮИ)
2025-05-12 17:33:25,626 - INFO - Печать документа
2025-05-12 17:33:28,851 - INFO - Печать чека создания "догов потребит займа"
2025-05-12 17:33:33,557 - INFO - Проверка статуса продажи товара (печати чека)
2025-05-12 17:34:03,562 - ERROR - Element with locator ('css selector', 'div.content-page li:nth-child(3) div.w-100 div') still visible after 30 seconds.
2025-05-12 17:34:08,234 - INFO - Переход в карточку товара из печати чека
2025-05-12 17:34:12,833 - INFO - Проверка статуса "Нет в наличии" в карточке товара
2025-05-12 17:34:13,555 - INFO - Проверка состояния "Продан" в карточке товара
2025-05-12 17:34:14,012 - INFO - Продажа техники из магазина за наличку завершена успешно
2025-05-12 17:34:19,871 - INFO - ====== WebDriver manager ======
2025-05-12 17:34:21,485 - INFO - Get LATEST chromedriver version for google-chrome
2025-05-12 17:34:25,886 - INFO - Get LATEST chromedriver version for google-chrome
2025-05-12 17:34:26,282 - INFO - Driver [C:\Users\Stass\.wdm\drivers\chromedriver\win64\136.0.7103.92\chromedriver-win32/chromedriver.exe] found in cache
2025-05-12 17:35:24,059 - ERROR - Element with locator ('css selector', '#instanceV\\.6') not found.
2025-05-12 17:35:32,961 - INFO - ====== WebDriver manager ======
2025-05-12 17:35:34,568 - INFO - Get LATEST chromedriver version for google-chrome
2025-05-12 17:35:35,251 - INFO - Get LATEST chromedriver version for google-chrome
2025-05-12 17:35:35,603 - INFO - Driver [C:\Users\Stass\.wdm\drivers\chromedriver\win64\136.0.7103.92\chromedriver-win32/chromedriver.exe] found in cache
2025-05-12 17:37:53,390 - ERROR - Element with locator ('css selector', 'div.content-page li:nth-child(3) div.w-100 div') still visible after 30 seconds.
2025-05-12 17:38:03,479 - INFO - ====== WebDriver manager ======
2025-05-12 17:38:05,053 - INFO - Get LATEST chromedriver version for google-chrome
2025-05-12 17:38:09,459 - INFO - Get LATEST chromedriver version for google-chrome
2025-05-12 17:38:09,742 - INFO - Driver [C:\Users\Stass\.wdm\drivers\chromedriver\win64\136.0.7103.92\chromedriver-win32/chromedriver.exe] found in cache
2025-05-12 17:40:14,012 - ERROR - Element with locator ('css selector', 'div.content-page li:nth-child(3) div.w-100 div') still visible after 30 seconds.
2025-05-12 17:40:24,283 - INFO - ====== WebDriver manager ======
2025-05-12 17:40:25,948 - INFO - Get LATEST chromedriver version for google-chrome
2025-05-12 17:40:30,293 - INFO - Get LATEST chromedriver version for google-chrome
2025-05-12 17:40:30,641 - INFO - Driver [C:\Users\Stass\.wdm\drivers\chromedriver\win64\136.0.7103.92\chromedriver-win32/chromedriver.exe] found in cache
2025-05-12 17:41:20,880 - ERROR - Element with locator ('css selector', '[aria-posinset="1"]') not found.
2025-05-12 17:42:58,509 - ERROR - Element with locator ('css selector', 'div.content-page li:nth-child(3) div.w-100 div') still visible after 30 seconds.
2025-05-12 17:43:08,442 - INFO - ====== WebDriver manager ======
2025-05-12 17:43:10,040 - INFO - Get LATEST chromedriver version for google-chrome
2025-05-12 17:43:14,462 - INFO - Get LATEST chromedriver version for google-chrome
2025-05-12 17:43:14,802 - INFO - Driver [C:\Users\Stass\.wdm\drivers\chromedriver\win64\136.0.7103.92\chromedriver-win32/chromedriver.exe] found in cache
2025-05-12 17:45:25,023 - ERROR - Element with locator ('css selector', 'div.content-page li:nth-child(3) div.w-100 div') still visible after 30 seconds.
2025-05-12 17:46:23,372 - ERROR - Element with locator ('css selector', 'div.content-page li:nth-child(3) div.w-100 div') still visible after 30 seconds.
2025-05-12 17:46:32,938 - INFO - ====== WebDriver manager ======
2025-05-12 17:46:34,469 - INFO - Get LATEST chromedriver version for google-chrome
2025-05-12 17:46:38,825 - INFO - Get LATEST chromedriver version for google-chrome
2025-05-12 17:46:39,107 - INFO - Driver [C:\Users\Stass\.wdm\drivers\chromedriver\win64\136.0.7103.92\chromedriver-win32/chromedriver.exe] found in cache
2025-05-12 17:48:05,298 - ERROR - Element with locator ('css selector', '[aria-label="Далее"]') not clickable.
2025-05-12 17:49:09,148 - ERROR - Element with locator ('css selector', '#instanceV\\.756 > input') not visible.
2025-05-12 17:49:45,461 - ERROR - Element with locator ('css selector', '.p-speeddial-action-icon.pi.pi-user-plus') not clickable after 30 seconds.
2025-05-12 17:49:50,903 - INFO - ====== WebDriver manager ======
2025-05-12 17:49:52,508 - INFO - Get LATEST chromedriver version for google-chrome
2025-05-12 17:49:52,790 - INFO - Get LATEST chromedriver version for google-chrome
2025-05-12 17:49:53,070 - INFO - Driver [C:\Users\Stass\.wdm\drivers\chromedriver\win64\136.0.7103.92\chromedriver-win32/chromedriver.exe] found in cache
2025-05-12 17:50:58,307 - INFO - ====== WebDriver manager ======
2025-05-12 17:50:59,827 - INFO - Get LATEST chromedriver version for google-chrome
2025-05-12 17:51:08,335 - INFO - Get LATEST chromedriver version for google-chrome
2025-05-12 17:51:12,671 - INFO - Driver [C:\Users\Stass\.wdm\drivers\chromedriver\win64\136.0.7103.92\chromedriver-win32/chromedriver.exe] found in cache
2025-05-12 17:52:16,694 - INFO - ====== WebDriver manager ======
2025-05-12 17:52:18,516 - INFO - Get LATEST chromedriver version for google-chrome
2025-05-12 17:52:22,920 - INFO - Get LATEST chromedriver version for google-chrome
2025-05-12 17:52:23,266 - INFO - Driver [C:\Users\Stass\.wdm\drivers\chromedriver\win64\136.0.7103.92\chromedriver-win32/chromedriver.exe] found in cache
2025-05-12 17:53:42,498 - INFO - ====== WebDriver manager ======
2025-05-12 17:53:44,184 - INFO - Get LATEST chromedriver version for google-chrome
2025-05-12 17:53:48,582 - INFO - Get LATEST chromedriver version for google-chrome
2025-05-12 17:53:49,064 - INFO - Driver [C:\Users\Stass\.wdm\drivers\chromedriver\win64\136.0.7103.92\chromedriver-win32/chromedriver.exe] found in cache
2025-05-12 17:54:43,039 - INFO - ====== WebDriver manager ======
2025-05-12 17:54:44,676 - INFO - Get LATEST chromedriver version for google-chrome
2025-05-12 17:54:49,033 - INFO - Get LATEST chromedriver version for google-chrome
2025-05-12 17:54:49,385 - INFO - Driver [C:\Users\Stass\.wdm\drivers\chromedriver\win64\136.0.7103.92\chromedriver-win32/chromedriver.exe] found in cache
2025-05-12 17:56:08,324 - ERROR - Element with locator ('css selector', '#instanceV\\.756 > input') not visible.
2025-05-12 17:56:28,786 - INFO - ====== WebDriver manager ======
2025-05-12 17:56:30,366 - INFO - Get LATEST chromedriver version for google-chrome
2025-05-12 17:56:34,788 - INFO - Get LATEST chromedriver version for google-chrome
2025-05-12 17:56:35,080 - INFO - Driver [C:\Users\Stass\.wdm\drivers\chromedriver\win64\136.0.7103.92\chromedriver-win32/chromedriver.exe] found in cache
2025-05-12 17:57:04,190 - WARNING - Retrying (Retry(total=2, connect=None, read=None, redirect=None, status=None)) after connection broken by 'NewConnectionError('<urllib3.connection.HTTPConnection object at 0x0000014E47F0C350>: Failed to establish a new connection: [WinError 10061] Подключение не установлено, т.к. конечный компьютер отверг запрос на подключение')': /session/883eea1d862039d063f900b738050704
2025-05-12 17:57:08,253 - WARNING - Retrying (Retry(total=1, connect=None, read=None, redirect=None, status=None)) after connection broken by 'NewConnectionError('<urllib3.connection.HTTPConnection object at 0x0000014E47F0DD10>: Failed to establish a new connection: [WinError 10061] Подключение не установлено, т.к. конечный компьютер отверг запрос на подключение')': /session/883eea1d862039d063f900b738050704
2025-05-12 17:57:12,343 - WARNING - Retrying (Retry(total=0, connect=None, read=None, redirect=None, status=None)) after connection broken by 'NewConnectionError('<urllib3.connection.HTTPConnection object at 0x0000014E47F0D750>: Failed to establish a new connection: [WinError 10061] Подключение не установлено, т.к. конечный компьютер отверг запрос на подключение')': /session/883eea1d862039d063f900b738050704
2025-05-12 17:57:20,516 - INFO - ====== WebDriver manager ======
2025-05-12 17:57:22,064 - INFO - Get LATEST chromedriver version for google-chrome
2025-05-12 17:57:26,554 - INFO - Get LATEST chromedriver version for google-chrome
2025-05-12 17:57:26,892 - INFO - Driver [C:\Users\Stass\.wdm\drivers\chromedriver\win64\136.0.7103.92\chromedriver-win32/chromedriver.exe] found in cache
2025-05-12 17:57:58,000 - INFO - ====== WebDriver manager ======
2025-05-12 17:57:59,509 - INFO - Get LATEST chromedriver version for google-chrome
2025-05-12 17:57:59,850 - INFO - Get LATEST chromedriver version for google-chrome
2025-05-12 17:58:00,203 - INFO - Driver [C:\Users\Stass\.wdm\drivers\chromedriver\win64\136.0.7103.92\chromedriver-win32/chromedriver.exe] found in cache
2025-05-12 17:58:18,625 - WARNING - Retrying (Retry(total=2, connect=None, read=None, redirect=None, status=None)) after connection broken by 'NewConnectionError('<urllib3.connection.HTTPConnection object at 0x0000014E49BE76D0>: Failed to establish a new connection: [WinError 10061] Подключение не установлено, т.к. конечный компьютер отверг запрос на подключение')': /session/be31d7e019fb85668b624c52594aa99d
2025-05-12 17:58:22,717 - WARNING - Retrying (Retry(total=1, connect=None, read=None, redirect=None, status=None)) after connection broken by 'NewConnectionError('<urllib3.connection.HTTPConnection object at 0x0000014E47B19B90>: Failed to establish a new connection: [WinError 10061] Подключение не установлено, т.к. конечный компьютер отверг запрос на подключение')': /session/be31d7e019fb85668b624c52594aa99d
2025-05-12 17:58:26,799 - WARNING - Retrying (Retry(total=0, connect=None, read=None, redirect=None, status=None)) after connection broken by 'NewConnectionError('<urllib3.connection.HTTPConnection object at 0x0000014E47B1AD90>: Failed to establish a new connection: [WinError 10061] Подключение не установлено, т.к. конечный компьютер отверг запрос на подключение')': /session/be31d7e019fb85668b624c52594aa99d
2025-05-12 17:58:34,960 - INFO - ====== WebDriver manager ======
2025-05-12 17:58:36,497 - INFO - Get LATEST chromedriver version for google-chrome
2025-05-12 17:58:40,853 - INFO - Get LATEST chromedriver version for google-chrome
2025-05-12 17:58:41,211 - INFO - Driver [C:\Users\Stass\.wdm\drivers\chromedriver\win64\136.0.7103.92\chromedriver-win32/chromedriver.exe] found in cache
2025-05-12 17:59:09,515 - WARNING - Retrying (Retry(total=2, connect=None, read=None, redirect=None, status=None)) after connection broken by 'NewConnectionError('<urllib3.connection.HTTPConnection object at 0x0000014E47ED70D0>: Failed to establish a new connection: [WinError 10061] Подключение не установлено, т.к. конечный компьютер отверг запрос на подключение')': /session/760db5029d3c50d5f62c8bb7097fc616
2025-05-12 17:59:13,576 - WARNING - Retrying (Retry(total=1, connect=None, read=None, redirect=None, status=None)) after connection broken by 'NewConnectionError('<urllib3.connection.HTTPConnection object at 0x0000014E47ED7290>: Failed to establish a new connection: [WinError 10061] Подключение не установлено, т.к. конечный компьютер отверг запрос на подключение')': /session/760db5029d3c50d5f62c8bb7097fc616
2025-05-12 17:59:17,643 - WARNING - Retrying (Retry(total=0, connect=None, read=None, redirect=None, status=None)) after connection broken by 'NewConnectionError('<urllib3.connection.HTTPConnection object at 0x0000014E47ED4E90>: Failed to establish a new connection: [WinError 10061] Подключение не установлено, т.к. конечный компьютер отверг запрос на подключение')': /session/760db5029d3c50d5f62c8bb7097fc616
2025-05-12 17:59:25,785 - INFO - ====== WebDriver manager ======
2025-05-12 17:59:27,380 - INFO - Get LATEST chromedriver version for google-chrome
2025-05-12 17:59:31,818 - INFO - Get LATEST chromedriver version for google-chrome
2025-05-12 17:59:32,117 - INFO - Driver [C:\Users\Stass\.wdm\drivers\chromedriver\win64\136.0.7103.92\chromedriver-win32/chromedriver.exe] found in cache
2025-05-12 17:59:50,549 - WARNING - Retrying (Retry(total=2, connect=None, read=None, redirect=None, status=None)) after connection broken by 'NewConnectionError('<urllib3.connection.HTTPConnection object at 0x0000014E49E02B10>: Failed to establish a new connection: [WinError 10061] Подключение не установлено, т.к. конечный компьютер отверг запрос на подключение')': /session/1f84c257e61bf8908403fa5070db992d
2025-05-12 17:59:54,595 - WARNING - Retrying (Retry(total=1, connect=None, read=None, redirect=None, status=None)) after connection broken by 'NewConnectionError('<urllib3.connection.HTTPConnection object at 0x0000014E49E01FD0>: Failed to establish a new connection: [WinError 10061] Подключение не установлено, т.к. конечный компьютер отверг запрос на подключение')': /session/1f84c257e61bf8908403fa5070db992d
2025-05-12 17:59:58,665 - WARNING - Retrying (Retry(total=0, connect=None, read=None, redirect=None, status=None)) after connection broken by 'NewConnectionError('<urllib3.connection.HTTPConnection object at 0x0000014E49E02790>: Failed to establish a new connection: [WinError 10061] Подключение не установлено, т.к. конечный компьютер отверг запрос на подключение')': /session/1f84c257e61bf8908403fa5070db992d
2025-05-12 18:00:06,846 - INFO - ====== WebDriver manager ======
2025-05-12 18:00:08,384 - INFO - Get LATEST chromedriver version for google-chrome
2025-05-12 18:00:12,732 - INFO - Get LATEST chromedriver version for google-chrome
2025-05-12 18:00:13,092 - INFO - Driver [C:\Users\Stass\.wdm\drivers\chromedriver\win64\136.0.7103.92\chromedriver-win32/chromedriver.exe] found in cache
2025-05-12 18:00:31,223 - WARNING - Retrying (Retry(total=2, connect=None, read=None, redirect=None, status=None)) after connection broken by 'NewConnectionError('<urllib3.connection.HTTPConnection object at 0x0000014E49D92210>: Failed to establish a new connection: [WinError 10061] Подключение не установлено, т.к. конечный компьютер отверг запрос на подключение')': /session/da0ca97897e4b7b66c6c875e0b7665f9
2025-05-12 18:00:35,304 - WARNING - Retrying (Retry(total=1, connect=None, read=None, redirect=None, status=None)) after connection broken by 'NewConnectionError('<urllib3.connection.HTTPConnection object at 0x0000014E49D91850>: Failed to establish a new connection: [WinError 10061] Подключение не установлено, т.к. конечный компьютер отверг запрос на подключение')': /session/da0ca97897e4b7b66c6c875e0b7665f9
2025-05-12 18:00:39,380 - WARNING - Retrying (Retry(total=0, connect=None, read=None, redirect=None, status=None)) after connection broken by 'NewConnectionError('<urllib3.connection.HTTPConnection object at 0x0000014E49D93D90>: Failed to establish a new connection: [WinError 10061] Подключение не установлено, т.к. конечный компьютер отверг запрос на подключение')': /session/da0ca97897e4b7b66c6c875e0b7665f9
2025-05-12 18:00:47,525 - INFO - ====== WebDriver manager ======
2025-05-12 18:00:49,106 - INFO - Get LATEST chromedriver version for google-chrome
2025-05-12 18:00:53,450 - INFO - Get LATEST chromedriver version for google-chrome
2025-05-12 18:00:53,800 - INFO - Driver [C:\Users\Stass\.wdm\drivers\chromedriver\win64\136.0.7103.92\chromedriver-win32/chromedriver.exe] found in cache
2025-05-12 18:01:11,747 - WARNING - Retrying (Retry(total=2, connect=None, read=None, redirect=None, status=None)) after connection broken by 'NewConnectionError('<urllib3.connection.HTTPConnection object at 0x0000014E47F0A5D0>: Failed to establish a new connection: [WinError 10061] Подключение не установлено, т.к. конечный компьютер отверг запрос на подключение')': /session/0d37675b11de8c403b0918e8cff7643b
2025-05-12 18:01:15,830 - WARNING - Retrying (Retry(total=1, connect=None, read=None, redirect=None, status=None)) after connection broken by 'NewConnectionError('<urllib3.connection.HTTPConnection object at 0x0000014E47F08090>: Failed to establish a new connection: [WinError 10061] Подключение не установлено, т.к. конечный компьютер отверг запрос на подключение')': /session/0d37675b11de8c403b0918e8cff7643b
2025-05-12 18:01:19,908 - WARNING - Retrying (Retry(total=0, connect=None, read=None, redirect=None, status=None)) after connection broken by 'NewConnectionError('<urllib3.connection.HTTPConnection object at 0x0000014E49D31710>: Failed to establish a new connection: [WinError 10061] Подключение не установлено, т.к. конечный компьютер отверг запрос на подключение')': /session/0d37675b11de8c403b0918e8cff7643b
2025-05-12 18:01:28,060 - INFO - ====== WebDriver manager ======
2025-05-12 18:01:29,627 - INFO - Get LATEST chromedriver version for google-chrome
2025-05-12 18:01:34,019 - INFO - Get LATEST chromedriver version for google-chrome
2025-05-12 18:01:34,369 - INFO - Driver [C:\Users\Stass\.wdm\drivers\chromedriver\win64\136.0.7103.92\chromedriver-win32/chromedriver.exe] found in cache
2025-05-12 18:02:32,711 - ERROR - Element with locator ('class name', 'p-button.p-component.w-100') not clickable.
2025-05-12 18:03:09,565 - ERROR - Element with locator <selenium.webdriver.remote.webelement.WebElement (session="786736a6915c0668f9da8e9146700da0", element="f.A2FE7A8EAE78E3666226039155DB2F4D.d.CDA0B8FBC3ABF23BB251449ABA84E0B9.e.75365")> not clickable after 30 seconds.
2025-05-12 18:03:16,093 - ERROR - Element with locator ('css selector', '[aria-posinset="1"]') not found.
2025-05-13 12:08:30,315 - INFO - ====== WebDriver manager ======
2025-05-13 12:08:31,985 - INFO - Get LATEST chromedriver version for google-chrome
2025-05-13 12:08:32,387 - INFO - Get LATEST chromedriver version for google-chrome
2025-05-13 12:08:32,784 - INFO - Get LATEST chromedriver version for google-chrome
2025-05-13 12:08:33,489 - INFO - WebDriver version 136.0.7103.92 selected
2025-05-13 12:08:33,496 - INFO - Modern chrome version https://storage.googleapis.com/chrome-for-testing-public/136.0.7103.92/win32/chromedriver-win32.zip
2025-05-13 12:08:33,496 - INFO - About to download new driver from https://storage.googleapis.com/chrome-for-testing-public/136.0.7103.92/win32/chromedriver-win32.zip
2025-05-13 12:08:33,739 - INFO - Driver downloading response is 200
2025-05-13 12:08:39,839 - INFO - Get LATEST chromedriver version for google-chrome
2025-05-13 12:08:40,386 - INFO - Driver has been saved in cache [C:\Users\Stass\.wdm\drivers\chromedriver\win64\136.0.7103.92]
2025-05-13 12:09:07,279 - INFO - Старт проверки "Продажа техники из магазина за наличку"
2025-05-13 12:09:07,279 - INFO - Смена офиса
2025-05-13 12:09:17,115 - INFO - Пополнение кассы
2025-05-13 12:10:15,343 - ERROR - Element with locator ('css selector', '[aria-label="Далее"]') not clickable.
2025-05-13 12:10:16,087 - INFO - Переход в магазин
2025-05-13 12:10:18,739 - INFO - Открытие фильтра справа и сортировка для продажи товаров (не ЮИ)
2025-05-13 12:10:45,508 - INFO - Продажа товара из магазина (не ЮИ)
2025-05-13 12:11:07,912 - INFO - Печать документа
2025-05-13 12:11:09,730 - INFO - Печать чека создания "догов потребит займа"
2025-05-13 12:11:14,116 - INFO - Проверка статуса продажи товара (печати чека)
2025-05-13 12:11:44,331 - ERROR - Element with locator ('css selector', 'div.content-page li:nth-child(3) div.w-100 div') still visible after 30 seconds.
2025-05-13 12:11:49,298 - INFO - Переход в карточку товара из печати чека
2025-05-13 12:11:54,050 - INFO - Проверка статуса "Нет в наличии" в карточке товара
2025-05-13 12:11:54,624 - INFO - Проверка состояния "Продан" в карточке товара
2025-05-13 12:11:55,210 - INFO - Продажа техники из магазина за наличку завершена успешно
2025-05-13 12:11:58,589 - INFO - ====== WebDriver manager ======
2025-05-13 12:12:00,118 - INFO - Get LATEST chromedriver version for google-chrome
2025-05-13 12:12:04,412 - INFO - Get LATEST chromedriver version for google-chrome
2025-05-13 12:12:04,650 - INFO - Driver [C:\Users\Stass\.wdm\drivers\chromedriver\win64\136.0.7103.92\chromedriver-win32/chromedriver.exe] found in cache
2025-05-13 12:14:24,384 - ERROR - Element with locator ('css selector', 'div.content-page li:nth-child(3) div.w-100 div') still visible after 30 seconds.
2025-05-13 12:14:32,182 - INFO - ====== WebDriver manager ======
2025-05-13 12:14:33,921 - INFO - Get LATEST chromedriver version for google-chrome
2025-05-13 12:14:38,239 - INFO - Get LATEST chromedriver version for google-chrome
2025-05-13 12:14:38,459 - INFO - Driver [C:\Users\Stass\.wdm\drivers\chromedriver\win64\136.0.7103.92\chromedriver-win32/chromedriver.exe] found in cache
2025-05-13 12:17:09,620 - ERROR - Element with locator ('css selector', 'div.content-page li:nth-child(3) div.w-100 div') still visible after 30 seconds.
2025-05-13 12:17:18,849 - INFO - ====== WebDriver manager ======
2025-05-13 12:17:20,950 - INFO - Get LATEST chromedriver version for google-chrome
2025-05-13 12:17:25,833 - INFO - Get LATEST chromedriver version for google-chrome
2025-05-13 12:17:26,179 - INFO - Driver [C:\Users\Stass\.wdm\drivers\chromedriver\win64\136.0.7103.92\chromedriver-win32/chromedriver.exe] found in cache
2025-05-13 12:19:05,285 - ERROR - Element with locator ('css selector', '[aria-label="Проверить"]') not clickable after 30 seconds.
2025-05-13 12:19:35,474 - ERROR - Element with locator ('css selector', '[aria-label="Проверить"]') not clickable.
2025-05-13 12:19:49,686 - INFO - ====== WebDriver manager ======
2025-05-13 12:19:51,781 - INFO - Get LATEST chromedriver version for google-chrome
2025-05-13 12:19:52,021 - INFO - Get LATEST chromedriver version for google-chrome
2025-05-13 12:19:52,562 - INFO - Driver [C:\Users\Stass\.wdm\drivers\chromedriver\win64\136.0.7103.92\chromedriver-win32/chromedriver.exe] found in cache
2025-05-13 12:20:46,398 - ERROR - Element with locator ('css selector', '[aria-posinset="1"]') not found.
2025-05-13 12:22:23,621 - ERROR - Element with locator ('css selector', 'div.content-page li:nth-child(3) div.w-100 div') still visible after 30 seconds.
2025-05-13 12:22:31,297 - INFO - ====== WebDriver manager ======
2025-05-13 12:22:32,810 - INFO - Get LATEST chromedriver version for google-chrome
2025-05-13 12:22:37,095 - INFO - Get LATEST chromedriver version for google-chrome
2025-05-13 12:22:37,405 - INFO - Driver [C:\Users\Stass\.wdm\drivers\chromedriver\win64\136.0.7103.92\chromedriver-win32/chromedriver.exe] found in cache
2025-05-13 12:24:35,227 - ERROR - Element with locator ('css selector', 'div.content-page li:nth-child(3) div.w-100 div') still visible after 30 seconds.
2025-05-13 12:25:27,771 - ERROR - Element with locator ('css selector', '[class="p-button p-component p-button-icon-only p-speeddial-button p-button-rounded p-button-warning"]') not clickable.
2025-05-13 12:26:01,487 - INFO - ====== WebDriver manager ======
2025-05-13 12:26:03,060 - INFO - Get LATEST chromedriver version for google-chrome
2025-05-13 12:26:03,908 - INFO - Get LATEST chromedriver version for google-chrome
2025-05-13 12:26:04,174 - INFO - Driver [C:\Users\Stass\.wdm\drivers\chromedriver\win64\136.0.7103.92\chromedriver-win32/chromedriver.exe] found in cache
2025-05-13 12:27:25,296 - ERROR - Element with locator ('css selector', '[aria-label="Далее"]') not clickable.
2025-05-13 12:28:32,902 - ERROR - Element with locator ('css selector', '#instanceV\\.756 > input') not visible.
2025-05-13 12:30:01,003 - ERROR - Element with locator ('css selector', 'div.content-page li:nth-child(3) div.w-100 div') still visible after 30 seconds.
2025-05-13 12:31:01,802 - ERROR - Element with locator ('css selector', 'div.content-page li:nth-child(3) div.w-100 div') still visible after 30 seconds.
2025-05-13 12:31:10,032 - INFO - ====== WebDriver manager ======
2025-05-13 12:31:12,616 - INFO - Get LATEST chromedriver version for google-chrome
2025-05-13 12:31:16,976 - INFO - Get LATEST chromedriver version for google-chrome
2025-05-13 12:31:17,304 - INFO - Driver [C:\Users\Stass\.wdm\drivers\chromedriver\win64\136.0.7103.92\chromedriver-win32/chromedriver.exe] found in cache
2025-05-13 12:32:22,246 - INFO - ====== WebDriver manager ======
2025-05-13 12:32:23,962 - INFO - Get LATEST chromedriver version for google-chrome
2025-05-13 12:32:28,245 - INFO - Get LATEST chromedriver version for google-chrome
2025-05-13 12:32:28,548 - INFO - Driver [C:\Users\Stass\.wdm\drivers\chromedriver\win64\136.0.7103.92\chromedriver-win32/chromedriver.exe] found in cache
2025-05-13 12:33:37,990 - INFO - ====== WebDriver manager ======
2025-05-13 12:33:39,517 - INFO - Get LATEST chromedriver version for google-chrome
2025-05-13 12:33:44,012 - INFO - Get LATEST chromedriver version for google-chrome
2025-05-13 12:33:44,750 - INFO - Driver [C:\Users\Stass\.wdm\drivers\chromedriver\win64\136.0.7103.92\chromedriver-win32/chromedriver.exe] found in cache
2025-05-13 12:35:00,883 - INFO - ====== WebDriver manager ======
2025-05-13 12:35:03,388 - INFO - Get LATEST chromedriver version for google-chrome
2025-05-13 12:35:07,673 - INFO - Get LATEST chromedriver version for google-chrome
2025-05-13 12:35:08,155 - INFO - Driver [C:\Users\Stass\.wdm\drivers\chromedriver\win64\136.0.7103.92\chromedriver-win32/chromedriver.exe] found in cache
2025-05-13 12:36:04,141 - INFO - ====== WebDriver manager ======
2025-05-13 12:36:05,981 - INFO - Get LATEST chromedriver version for google-chrome
2025-05-13 12:36:10,342 - INFO - Get LATEST chromedriver version for google-chrome
2025-05-13 12:36:10,673 - INFO - Driver [C:\Users\Stass\.wdm\drivers\chromedriver\win64\136.0.7103.92\chromedriver-win32/chromedriver.exe] found in cache
2025-05-13 12:37:44,105 - ERROR - Element with locator ('css selector', '#instanceV\\.756 > input') not visible.
2025-05-13 12:38:11,960 - INFO - ====== WebDriver manager ======
2025-05-13 12:38:14,905 - INFO - Get LATEST chromedriver version for google-chrome
2025-05-13 12:38:19,937 - INFO - Get LATEST chromedriver version for google-chrome
2025-05-13 12:38:20,440 - INFO - Driver [C:\Users\Stass\.wdm\drivers\chromedriver\win64\136.0.7103.92\chromedriver-win32/chromedriver.exe] found in cache
2025-05-13 12:39:04,891 - WARNING - Retrying (Retry(total=2, connect=None, read=None, redirect=None, status=None)) after connection broken by 'NewConnectionError('<urllib3.connection.HTTPConnection object at 0x00000237A69EE310>: Failed to establish a new connection: [WinError 10061] Подключение не установлено, т.к. конечный компьютер отверг запрос на подключение')': /session/7fc09fcabe3064caf687c73f0f8169c4
2025-05-13 12:39:08,953 - WARNING - Retrying (Retry(total=1, connect=None, read=None, redirect=None, status=None)) after connection broken by 'NewConnectionError('<urllib3.connection.HTTPConnection object at 0x00000237A69EDCD0>: Failed to establish a new connection: [WinError 10061] Подключение не установлено, т.к. конечный компьютер отверг запрос на подключение')': /session/7fc09fcabe3064caf687c73f0f8169c4
2025-05-13 12:39:13,039 - WARNING - Retrying (Retry(total=0, connect=None, read=None, redirect=None, status=None)) after connection broken by 'NewConnectionError('<urllib3.connection.HTTPConnection object at 0x00000237A69EE790>: Failed to establish a new connection: [WinError 10061] Подключение не установлено, т.к. конечный компьютер отверг запрос на подключение')': /session/7fc09fcabe3064caf687c73f0f8169c4
2025-05-13 12:39:21,193 - INFO - ====== WebDriver manager ======
2025-05-13 12:39:22,691 - INFO - Get LATEST chromedriver version for google-chrome
2025-05-13 12:39:26,963 - INFO - Get LATEST chromedriver version for google-chrome
2025-05-13 12:39:27,150 - INFO - Driver [C:\Users\Stass\.wdm\drivers\chromedriver\win64\136.0.7103.92\chromedriver-win32/chromedriver.exe] found in cache
2025-05-13 12:39:44,346 - WARNING - Retrying (Retry(total=2, connect=None, read=None, redirect=None, status=None)) after connection broken by 'NewConnectionError('<urllib3.connection.HTTPConnection object at 0x00000237A69A4710>: Failed to establish a new connection: [WinError 10061] Подключение не установлено, т.к. конечный компьютер отверг запрос на подключение')': /session/6d5e9858ea678ffbfc69b0c41dc121e3
2025-05-13 12:39:48,408 - WARNING - Retrying (Retry(total=1, connect=None, read=None, redirect=None, status=None)) after connection broken by 'NewConnectionError('<urllib3.connection.HTTPConnection object at 0x00000237A6A2B350>: Failed to establish a new connection: [WinError 10061] Подключение не установлено, т.к. конечный компьютер отверг запрос на подключение')': /session/6d5e9858ea678ffbfc69b0c41dc121e3
2025-05-13 12:39:52,617 - WARNING - Retrying (Retry(total=0, connect=None, read=None, redirect=None, status=None)) after connection broken by 'NewConnectionError('<urllib3.connection.HTTPConnection object at 0x00000237A6A2B5D0>: Failed to establish a new connection: [WinError 10061] Подключение не установлено, т.к. конечный компьютер отверг запрос на подключение')': /session/6d5e9858ea678ffbfc69b0c41dc121e3
2025-05-13 12:40:00,766 - INFO - ====== WebDriver manager ======
2025-05-13 12:40:02,620 - INFO - Get LATEST chromedriver version for google-chrome
2025-05-13 12:40:06,937 - INFO - Get LATEST chromedriver version for google-chrome
2025-05-13 12:40:07,164 - INFO - Driver [C:\Users\Stass\.wdm\drivers\chromedriver\win64\136.0.7103.92\chromedriver-win32/chromedriver.exe] found in cache
2025-05-13 12:40:24,812 - WARNING - Retrying (Retry(total=2, connect=None, read=None, redirect=None, status=None)) after connection broken by 'NewConnectionError('<urllib3.connection.HTTPConnection object at 0x00000237A6A289D0>: Failed to establish a new connection: [WinError 10061] Подключение не установлено, т.к. конечный компьютер отверг запрос на подключение')': /session/9f4c443d82c55ac1923de4f2352ff8f0
2025-05-13 12:40:28,888 - WARNING - Retrying (Retry(total=1, connect=None, read=None, redirect=None, status=None)) after connection broken by 'NewConnectionError('<urllib3.connection.HTTPConnection object at 0x00000237A6A29C90>: Failed to establish a new connection: [WinError 10061] Подключение не установлено, т.к. конечный компьютер отверг запрос на подключение')': /session/9f4c443d82c55ac1923de4f2352ff8f0
2025-05-13 12:40:32,979 - WARNING - Retrying (Retry(total=0, connect=None, read=None, redirect=None, status=None)) after connection broken by 'NewConnectionError('<urllib3.connection.HTTPConnection object at 0x00000237A6A2B810>: Failed to establish a new connection: [WinError 10061] Подключение не установлено, т.к. конечный компьютер отверг запрос на подключение')': /session/9f4c443d82c55ac1923de4f2352ff8f0
2025-05-13 12:40:41,128 - INFO - ====== WebDriver manager ======
2025-05-13 12:40:43,604 - INFO - Get LATEST chromedriver version for google-chrome
2025-05-13 12:40:48,059 - INFO - Get LATEST chromedriver version for google-chrome
2025-05-13 12:40:48,265 - INFO - Driver [C:\Users\Stass\.wdm\drivers\chromedriver\win64\136.0.7103.92\chromedriver-win32/chromedriver.exe] found in cache
2025-05-13 12:41:15,556 - WARNING - Retrying (Retry(total=2, connect=None, read=None, redirect=None, status=None)) after connection broken by 'NewConnectionError('<urllib3.connection.HTTPConnection object at 0x00000237A6960690>: Failed to establish a new connection: [WinError 10061] Подключение не установлено, т.к. конечный компьютер отверг запрос на подключение')': /session/6b7a3d6e771f058e0fcdced25c0ee4a0
2025-05-13 12:41:19,603 - WARNING - Retrying (Retry(total=1, connect=None, read=None, redirect=None, status=None)) after connection broken by 'NewConnectionError('<urllib3.connection.HTTPConnection object at 0x00000237A6963F90>: Failed to establish a new connection: [WinError 10061] Подключение не установлено, т.к. конечный компьютер отверг запрос на подключение')': /session/6b7a3d6e771f058e0fcdced25c0ee4a0
2025-05-13 12:41:23,648 - WARNING - Retrying (Retry(total=0, connect=None, read=None, redirect=None, status=None)) after connection broken by 'NewConnectionError('<urllib3.connection.HTTPConnection object at 0x00000237A6960D90>: Failed to establish a new connection: [WinError 10061] Подключение не установлено, т.к. конечный компьютер отверг запрос на подключение')': /session/6b7a3d6e771f058e0fcdced25c0ee4a0
2025-05-13 12:41:31,783 - INFO - ====== WebDriver manager ======
2025-05-13 12:41:33,305 - INFO - Get LATEST chromedriver version for google-chrome
2025-05-13 12:41:37,579 - INFO - Get LATEST chromedriver version for google-chrome
2025-05-13 12:41:37,818 - INFO - Driver [C:\Users\Stass\.wdm\drivers\chromedriver\win64\136.0.7103.92\chromedriver-win32/chromedriver.exe] found in cache
2025-05-13 12:42:06,114 - INFO - ====== WebDriver manager ======
2025-05-13 12:42:07,672 - INFO - Get LATEST chromedriver version for google-chrome
2025-05-13 12:42:07,994 - INFO - Get LATEST chromedriver version for google-chrome
2025-05-13 12:42:08,327 - INFO - Driver [C:\Users\Stass\.wdm\drivers\chromedriver\win64\136.0.7103.92\chromedriver-win32/chromedriver.exe] found in cache
2025-05-13 12:42:25,880 - WARNING - Retrying (Retry(total=2, connect=None, read=None, redirect=None, status=None)) after connection broken by 'NewConnectionError('<urllib3.connection.HTTPConnection object at 0x00000237A69B2350>: Failed to establish a new connection: [WinError 10061] Подключение не установлено, т.к. конечный компьютер отверг запрос на подключение')': /session/78a9648109e4c331ce3b22edbd61a12d
2025-05-13 12:42:29,963 - WARNING - Retrying (Retry(total=1, connect=None, read=None, redirect=None, status=None)) after connection broken by 'NewConnectionError('<urllib3.connection.HTTPConnection object at 0x00000237A69B2990>: Failed to establish a new connection: [WinError 10061] Подключение не установлено, т.к. конечный компьютер отверг запрос на подключение')': /session/78a9648109e4c331ce3b22edbd61a12d
2025-05-13 12:42:34,026 - WARNING - Retrying (Retry(total=0, connect=None, read=None, redirect=None, status=None)) after connection broken by 'NewConnectionError('<urllib3.connection.HTTPConnection object at 0x00000237A69B3DD0>: Failed to establish a new connection: [WinError 10061] Подключение не установлено, т.к. конечный компьютер отверг запрос на подключение')': /session/78a9648109e4c331ce3b22edbd61a12d
2025-05-13 12:42:42,155 - INFO - ====== WebDriver manager ======
2025-05-13 12:42:43,710 - INFO - Get LATEST chromedriver version for google-chrome
2025-05-13 12:42:48,572 - INFO - Get LATEST chromedriver version for google-chrome
2025-05-13 12:42:48,928 - INFO - Driver [C:\Users\Stass\.wdm\drivers\chromedriver\win64\136.0.7103.92\chromedriver-win32/chromedriver.exe] found in cache
2025-05-13 12:43:07,737 - WARNING - Retrying (Retry(total=2, connect=None, read=None, redirect=None, status=None)) after connection broken by 'NewConnectionError('<urllib3.connection.HTTPConnection object at 0x00000237A6988D50>: Failed to establish a new connection: [WinError 10061] Подключение не установлено, т.к. конечный компьютер отверг запрос на подключение')': /session/935397ee7300ffafaaed2d1eb454c8f8
2025-05-13 12:43:11,823 - WARNING - Retrying (Retry(total=1, connect=None, read=None, redirect=None, status=None)) after connection broken by 'NewConnectionError('<urllib3.connection.HTTPConnection object at 0x00000237A69B0C90>: Failed to establish a new connection: [WinError 10061] Подключение не установлено, т.к. конечный компьютер отверг запрос на подключение')': /session/935397ee7300ffafaaed2d1eb454c8f8
2025-05-13 12:43:15,886 - WARNING - Retrying (Retry(total=0, connect=None, read=None, redirect=None, status=None)) after connection broken by 'NewConnectionError('<urllib3.connection.HTTPConnection object at 0x00000237A69B1F90>: Failed to establish a new connection: [WinError 10061] Подключение не установлено, т.к. конечный компьютер отверг запрос на подключение')': /session/935397ee7300ffafaaed2d1eb454c8f8
2025-05-13 12:43:24,028 - INFO - ====== WebDriver manager ======
2025-05-13 12:43:25,589 - INFO - Get LATEST chromedriver version for google-chrome
2025-05-13 12:43:42,238 - INFO - Get LATEST chromedriver version for google-chrome
2025-05-13 12:43:42,981 - INFO - Driver [C:\Users\Stass\.wdm\drivers\chromedriver\win64\136.0.7103.92\chromedriver-win32/chromedriver.exe] found in cache
2025-05-13 12:44:52,924 - ERROR - Element with locator ('class name', 'p-button.p-component.w-100') not clickable.
2025-05-13 12:45:29,767 - ERROR - Element with locator <selenium.webdriver.remote.webelement.WebElement (session="867af35efb90083153c55eb0f7d23b7e", element="f.521DDD04BEAEB8DB040C35FFACCD8BDE.d.81F444A6E8D64A32923DD33ECEF5528B.e.425")> not clickable after 30 seconds.
2025-05-13 12:45:35,585 - ERROR - Element with locator ('css selector', '[aria-posinset="1"]') not found.
2025-05-13 13:02:55,825 - INFO - ====== WebDriver manager ======
2025-05-13 13:02:57,505 - INFO - Get LATEST chromedriver version for google-chrome
2025-05-13 13:02:57,836 - INFO - Get LATEST chromedriver version for google-chrome
2025-05-13 13:02:58,166 - INFO - Driver [C:\Users\Stass\.wdm\drivers\chromedriver\win64\136.0.7103.92\chromedriver-win32/chromedriver.exe] found in cache
2025-05-13 13:03:19,385 - INFO - Старт проверки "Продажа техники из магазина за наличку"
2025-05-13 13:03:25,527 - INFO - Пополнение кассы
2025-05-13 13:04:06,784 - ERROR - Element with locator ('css selector', '[class="p-button p-component p-button-icon-only p-speeddial-button p-button-rounded"]') not clickable after 30 seconds.
2025-05-13 13:04:40,216 - ERROR - Element with locator ('css selector', '[class="p-button p-component p-button-icon-only p-speeddial-button p-button-rounded"]') not clickable after 30 seconds.
2025-05-13 14:29:44,210 - INFO - ====== WebDriver manager ======
2025-05-13 14:29:46,015 - INFO - Get LATEST chromedriver version for google-chrome
2025-05-13 14:29:46,382 - INFO - Get LATEST chromedriver version for google-chrome
2025-05-13 14:29:46,636 - INFO - Driver [C:\Users\Stass\.wdm\drivers\chromedriver\win64\136.0.7103.92\chromedriver-win32/chromedriver.exe] found in cache
2025-05-13 14:30:23,784 - INFO - Старт проверки "Продажа техники из магазина за наличку"
2025-05-13 14:30:28,460 - INFO - Пополнение кассы
2025-05-13 14:31:36,281 - ERROR - Element with locator ('css selector', '[aria-label="Далее"]') not clickable.
2025-05-13 14:31:36,645 - INFO - Переход в магазин
2025-05-13 14:31:39,051 - INFO - Открытие фильтра справа и сортировка для продажи товаров (не ЮИ)
2025-05-13 14:31:54,028 - INFO - Продажа товара из магазина (не ЮИ)
2025-05-13 14:32:16,543 - INFO - Печать документа
2025-05-13 14:32:19,005 - INFO - Печать чека создания "догов потребит займа"
2025-05-13 14:32:23,171 - INFO - Проверка статуса продажи товара (печати чека)
2025-05-13 14:32:53,347 - ERROR - Element with locator ('css selector', 'div.content-page li:nth-child(3) div.w-100 div') still visible after 30 seconds.
2025-05-13 14:32:57,762 - INFO - Переход в карточку товара из печати чека
2025-05-13 14:33:02,161 - INFO - Проверка статуса "Нет в наличии" в карточке товара
2025-05-13 14:33:14,264 - INFO - Проверка состояния "Продан" в карточке товара
2025-05-13 14:33:14,613 - INFO - Продажа техники из магазина за наличку завершена успешно
2025-05-13 14:36:35,248 - INFO - ====== WebDriver manager ======
2025-05-13 14:36:36,886 - INFO - Get LATEST chromedriver version for google-chrome
2025-05-13 14:36:37,248 - INFO - Get LATEST chromedriver version for google-chrome
2025-05-13 14:36:37,585 - INFO - Driver [C:\Users\Stass\.wdm\drivers\chromedriver\win64\136.0.7103.92\chromedriver-win32/chromedriver.exe] found in cache
2025-05-13 14:36:56,923 - INFO - Старт проверки "Продажа техники из магазина за наличку"
2025-05-13 14:37:03,087 - INFO - Пополнение кассы
2025-05-13 14:37:59,235 - ERROR - Element with locator ('css selector', '[aria-label="Далее"]') not clickable.
2025-05-13 14:37:59,659 - INFO - Переход в магазин
2025-05-13 14:38:02,141 - INFO - Открытие фильтра справа и сортировка для продажи товаров (не ЮИ)
2025-05-13 14:38:17,446 - INFO - Продажа товара из магазина (не ЮИ)
2025-05-13 14:38:40,104 - INFO - Печать документа
2025-05-13 14:39:10,422 - ERROR - Element with locator ('css selector', '[class="p-button p-component p-button-icon-only p-speeddial-button p-button-rounded"]') not clickable after 30 seconds.
2025-05-13 14:41:15,863 - INFO - ====== WebDriver manager ======
2025-05-13 14:41:17,428 - INFO - Get LATEST chromedriver version for google-chrome
2025-05-13 14:41:17,681 - INFO - Get LATEST chromedriver version for google-chrome
2025-05-13 14:41:17,949 - INFO - Driver [C:\Users\Stass\.wdm\drivers\chromedriver\win64\136.0.7103.92\chromedriver-win32/chromedriver.exe] found in cache
2025-05-13 14:41:39,524 - INFO - Старт проверки "Продажа техники из магазина за наличку"
2025-05-13 14:41:45,394 - INFO - Переход в магазин
2025-05-13 14:41:47,857 - INFO - Открытие фильтра справа и сортировка для продажи товаров (не ЮИ)
2025-05-13 14:42:04,254 - INFO - Продажа товара из магазина (не ЮИ)
2025-05-13 14:42:27,218 - INFO - Печать документа
2025-05-13 14:42:57,724 - ERROR - Element with locator ('css selector', '[class="p-button p-component p-button-icon-only p-speeddial-button p-button-rounded"]') not clickable after 30 seconds.
2025-05-13 15:06:04,968 - INFO - ====== WebDriver manager ======
2025-05-13 15:06:06,706 - INFO - Get LATEST chromedriver version for google-chrome
2025-05-13 15:06:07,158 - INFO - Get LATEST chromedriver version for google-chrome
2025-05-13 15:06:07,463 - INFO - Driver [C:\Users\Stass\.wdm\drivers\chromedriver\win64\136.0.7103.92\chromedriver-win32/chromedriver.exe] found in cache
2025-05-13 15:06:41,160 - INFO - Старт проверки "Продажа техники из магазина за наличку"
2025-05-13 15:06:46,262 - INFO - Переход в магазин
2025-05-13 15:06:48,781 - INFO - Открытие фильтра справа и сортировка для продажи товаров (не ЮИ)
2025-05-13 15:07:05,160 - INFO - Продажа товара из магазина (не ЮИ)
2025-05-13 15:07:27,460 - INFO - Печать документа
2025-05-13 15:07:57,748 - ERROR - Element with locator ('css selector', '[class="p-button p-component p-button-icon-only p-speeddial-button p-button-rounded"]') not clickable after 30 seconds.
2025-05-13 15:22:47,441 - INFO - ====== WebDriver manager ======
2025-05-13 15:22:49,245 - INFO - Get LATEST chromedriver version for google-chrome
2025-05-13 15:22:49,610 - INFO - Get LATEST chromedriver version for google-chrome
2025-05-13 15:22:49,846 - INFO - Driver [C:\Users\Stass\.wdm\drivers\chromedriver\win64\136.0.7103.92\chromedriver-win32/chromedriver.exe] found in cache
2025-05-13 15:23:15,910 - INFO - Старт проверки "Продажа техники из магазина за наличку"
2025-05-13 15:23:21,837 - INFO - Переход в магазин
2025-05-13 15:23:24,619 - INFO - Открытие фильтра справа и сортировка для продажи товаров (не ЮИ)
2025-05-13 15:23:40,781 - INFO - Продажа товара из магазина (не ЮИ)
2025-05-13 15:24:03,609 - INFO - Печать документа
2025-05-13 15:24:33,867 - ERROR - Element with locator ('css selector', '[class="p-button p-component p-button-icon-only p-speeddial-button p-button-rounded"]') not clickable after 30 seconds.
2025-05-13 15:25:06,767 - INFO - ====== WebDriver manager ======
2025-05-13 15:25:08,414 - INFO - Get LATEST chromedriver version for google-chrome
2025-05-13 15:25:08,763 - INFO - Get LATEST chromedriver version for google-chrome
2025-05-13 15:25:09,107 - INFO - Driver [C:\Users\Stass\.wdm\drivers\chromedriver\win64\136.0.7103.92\chromedriver-win32/chromedriver.exe] found in cache
2025-05-13 15:25:29,369 - INFO - Старт проверки "Продажа техники из магазина за наличку"
2025-05-13 15:25:34,690 - INFO - Переход в магазин
2025-05-13 15:25:37,410 - INFO - Открытие фильтра справа и сортировка для продажи товаров (не ЮИ)
2025-05-13 15:25:56,355 - INFO - Продажа товара из магазина (не ЮИ)
2025-05-13 15:26:19,127 - INFO - Печать документа
2025-05-13 15:26:49,375 - ERROR - Element with locator ('css selector', '[class="p-button p-component p-button-icon-only p-speeddial-button p-button-rounded"]') not clickable after 30 seconds.
2025-05-13 15:45:07,684 - INFO - ====== WebDriver manager ======
2025-05-13 15:45:09,319 - INFO - Get LATEST chromedriver version for google-chrome
2025-05-13 15:45:09,566 - INFO - Get LATEST chromedriver version for google-chrome
2025-05-13 15:45:09,891 - INFO - Driver [C:\Users\Stass\.wdm\drivers\chromedriver\win64\136.0.7103.92\chromedriver-win32/chromedriver.exe] found in cache
2025-05-13 15:45:26,852 - INFO - Старт проверки "Продажа техники из магазина за наличку"
2025-05-13 15:45:33,114 - INFO - Переход в магазин
2025-05-13 15:45:36,090 - INFO - Открытие фильтра справа и сортировка для продажи товаров (не ЮИ)
2025-05-13 15:45:53,499 - INFO - Продажа товара из магазина (не ЮИ)
2025-05-13 15:46:16,098 - INFO - Печать документа
2025-05-13 15:46:46,601 - ERROR - Element with locator ('css selector', '[class="p-button p-component p-button-icon-only p-speeddial-button p-button-rounded"]') not clickable after 30 seconds.
2025-05-13 15:52:22,370 - INFO - ====== WebDriver manager ======
2025-05-13 15:52:23,941 - INFO - Get LATEST chromedriver version for google-chrome
2025-05-13 15:52:24,315 - INFO - Get LATEST chromedriver version for google-chrome
2025-05-13 15:52:24,564 - INFO - Driver [C:\Users\Stass\.wdm\drivers\chromedriver\win64\136.0.7103.92\chromedriver-win32/chromedriver.exe] found in cache
2025-05-13 15:53:03,119 - INFO - Старт проверки "Продажа техники из магазина за наличку"
2025-05-13 15:53:09,386 - INFO - Переход в магазин
2025-05-13 15:53:12,826 - INFO - Открытие фильтра справа и сортировка для продажи товаров (не ЮИ)
2025-05-13 15:53:26,596 - INFO - Продажа товара из магазина (не ЮИ)
2025-05-13 15:53:52,159 - INFO - Печать документа
2025-05-13 15:54:22,579 - ERROR - Element with locator ('css selector', '[class="p-button p-component p-button-icon-only p-speeddial-button p-button-rounded"]') not clickable after 30 seconds.
2025-05-13 17:16:39,831 - INFO - ====== WebDriver manager ======
2025-05-13 17:16:41,509 - INFO - Get LATEST chromedriver version for google-chrome
2025-05-13 17:16:41,838 - INFO - Get LATEST chromedriver version for google-chrome
2025-05-13 17:16:42,097 - INFO - Driver [C:\Users\Stass\.wdm\drivers\chromedriver\win64\136.0.7103.92\chromedriver-win32/chromedriver.exe] found in cache
2025-05-13 17:16:59,836 - INFO - Старт проверки "Продажа техники из магазина за наличку"
2025-05-13 17:17:05,180 - INFO - Переход в магазин
2025-05-13 17:17:09,799 - INFO - Открытие фильтра справа и сортировка для продажи товаров (не ЮИ)
2025-05-13 17:17:30,139 - INFO - Продажа товара из магазина (не ЮИ)
2025-05-13 17:17:53,221 - INFO - Печать документа
2025-05-13 17:18:23,402 - ERROR - Element with locator ('css selector', '[class="p-button p-component p-button-icon-only p-speeddial-button p-button-rounded"]') not clickable after 30 seconds.
2025-05-15 09:51:05,325 - INFO - ====== WebDriver manager ======
2025-05-15 09:51:13,441 - INFO - Get LATEST chromedriver version for google-chrome
2025-05-15 09:51:13,872 - INFO - Get LATEST chromedriver version for google-chrome
2025-05-15 09:51:14,162 - INFO - There is no [win64] chromedriver "136.0.7103.94" for browser google-chrome "136.0.7103" in cache
2025-05-15 09:51:14,163 - INFO - Get LATEST chromedriver version for google-chrome
2025-05-15 09:51:14,866 - INFO - WebDriver version 136.0.7103.94 selected
2025-05-15 09:51:14,872 - INFO - Modern chrome version https://storage.googleapis.com/chrome-for-testing-public/136.0.7103.94/win32/chromedriver-win32.zip
2025-05-15 09:51:14,872 - INFO - About to download new driver from https://storage.googleapis.com/chrome-for-testing-public/136.0.7103.94/win32/chromedriver-win32.zip
2025-05-15 09:51:15,144 - INFO - Driver downloading response is 200
2025-05-15 09:51:19,270 - INFO - Get LATEST chromedriver version for google-chrome
2025-05-15 09:51:21,095 - INFO - Driver has been saved in cache [C:\Users\Stass\.wdm\drivers\chromedriver\win64\136.0.7103.94]
2025-05-15 09:52:02,497 - INFO - Старт проверки "Продажа техники из магазина за наличку"
2025-05-15 09:52:10,066 - INFO - Переход в магазин
2025-05-15 09:52:15,336 - INFO - Открытие фильтра справа и сортировка для продажи товаров (не ЮИ)
2025-05-15 09:52:35,428 - INFO - Продажа товара из магазина (не ЮИ)
2025-05-15 09:52:47,675 - INFO - ====== WebDriver manager ======
2025-05-15 09:52:53,326 - INFO - Get LATEST chromedriver version for google-chrome
2025-05-15 09:52:53,621 - INFO - Get LATEST chromedriver version for google-chrome
2025-05-15 09:52:53,869 - INFO - Driver [C:\Users\Stass\.wdm\drivers\chromedriver\win64\136.0.7103.94\chromedriver-win32/chromedriver.exe] found in cache
2025-05-15 09:53:13,136 - INFO - ====== WebDriver manager ======
2025-05-15 09:53:18,992 - INFO - Get LATEST chromedriver version for google-chrome
2025-05-15 09:53:23,345 - INFO - Get LATEST chromedriver version for google-chrome
2025-05-15 09:53:33,298 - INFO - Driver [C:\Users\Stass\.wdm\drivers\chromedriver\win64\136.0.7103.94\chromedriver-win32/chromedriver.exe] found in cache
2025-05-15 09:53:53,163 - INFO - ====== WebDriver manager ======
2025-05-15 09:53:58,111 - INFO - Get LATEST chromedriver version for google-chrome
2025-05-15 09:54:02,450 - INFO - Get LATEST chromedriver version for google-chrome
2025-05-15 09:54:02,763 - INFO - Driver [C:\Users\Stass\.wdm\drivers\chromedriver\win64\136.0.7103.94\chromedriver-win32/chromedriver.exe] found in cache
2025-05-15 09:54:22,098 - INFO - ====== WebDriver manager ======
2025-05-15 09:54:26,474 - INFO - Get LATEST chromedriver version for google-chrome
2025-05-15 09:54:30,789 - INFO - Get LATEST chromedriver version for google-chrome
2025-05-15 09:54:31,108 - INFO - Driver [C:\Users\Stass\.wdm\drivers\chromedriver\win64\136.0.7103.94\chromedriver-win32/chromedriver.exe] found in cache
2025-05-15 09:55:01,550 - INFO - ====== WebDriver manager ======
2025-05-15 09:55:10,062 - INFO - Get LATEST chromedriver version for google-chrome
2025-05-15 09:55:10,321 - INFO - Get LATEST chromedriver version for google-chrome
2025-05-15 09:55:10,572 - INFO - Driver [C:\Users\Stass\.wdm\drivers\chromedriver\win64\136.0.7103.94\chromedriver-win32/chromedriver.exe] found in cache
2025-05-15 09:55:43,491 - INFO - ====== WebDriver manager ======
2025-05-15 09:55:48,798 - INFO - Get LATEST chromedriver version for google-chrome
2025-05-15 09:55:53,187 - INFO - Get LATEST chromedriver version for google-chrome
2025-05-15 09:55:53,509 - INFO - Driver [C:\Users\Stass\.wdm\drivers\chromedriver\win64\136.0.7103.94\chromedriver-win32/chromedriver.exe] found in cache
2025-05-15 09:56:18,894 - INFO - ====== WebDriver manager ======
2025-05-15 09:56:23,957 - INFO - Get LATEST chromedriver version for google-chrome
2025-05-15 09:56:28,262 - INFO - Get LATEST chromedriver version for google-chrome
2025-05-15 09:56:28,546 - INFO - Driver [C:\Users\Stass\.wdm\drivers\chromedriver\win64\136.0.7103.94\chromedriver-win32/chromedriver.exe] found in cache
2025-05-15 09:56:38,183 - INFO - ====== WebDriver manager ======
2025-05-15 09:56:44,310 - INFO - Get LATEST chromedriver version for google-chrome
2025-05-15 09:56:48,707 - INFO - Get LATEST chromedriver version for google-chrome
2025-05-15 09:56:48,982 - INFO - Driver [C:\Users\Stass\.wdm\drivers\chromedriver\win64\136.0.7103.94\chromedriver-win32/chromedriver.exe] found in cache
2025-05-15 09:56:56,338 - INFO - ====== WebDriver manager ======
2025-05-15 09:57:03,740 - INFO - Get LATEST chromedriver version for google-chrome
2025-05-15 09:57:08,065 - INFO - Get LATEST chromedriver version for google-chrome
2025-05-15 09:57:08,382 - INFO - Driver [C:\Users\Stass\.wdm\drivers\chromedriver\win64\136.0.7103.94\chromedriver-win32/chromedriver.exe] found in cache
2025-05-15 09:57:15,898 - INFO - ====== WebDriver manager ======
2025-05-15 09:57:21,489 - INFO - Get LATEST chromedriver version for google-chrome
2025-05-15 09:57:25,810 - INFO - Get LATEST chromedriver version for google-chrome
2025-05-15 09:57:26,120 - INFO - Driver [C:\Users\Stass\.wdm\drivers\chromedriver\win64\136.0.7103.94\chromedriver-win32/chromedriver.exe] found in cache
2025-05-15 09:57:47,962 - INFO - ====== WebDriver manager ======
2025-05-15 09:57:54,331 - INFO - Get LATEST chromedriver version for google-chrome
2025-05-15 09:57:58,638 - INFO - Get LATEST chromedriver version for google-chrome
2025-05-15 09:57:58,950 - INFO - Driver [C:\Users\Stass\.wdm\drivers\chromedriver\win64\136.0.7103.94\chromedriver-win32/chromedriver.exe] found in cache
2025-05-15 09:58:33,123 - INFO - ====== WebDriver manager ======
2025-05-15 09:58:39,318 - INFO - Get LATEST chromedriver version for google-chrome
2025-05-15 09:58:43,691 - INFO - Get LATEST chromedriver version for google-chrome
2025-05-15 09:58:44,006 - INFO - Driver [C:\Users\Stass\.wdm\drivers\chromedriver\win64\136.0.7103.94\chromedriver-win32/chromedriver.exe] found in cache
2025-05-15 09:59:12,009 - WARNING - Retrying (Retry(total=2, connect=None, read=None, redirect=None, status=None)) after connection broken by 'NewConnectionError('<urllib3.connection.HTTPConnection object at 0x000001AC61D93A50>: Failed to establish a new connection: [WinError 10061] Подключение не установлено, т.к. конечный компьютер отверг запрос на подключение')': /session/428e0d601ef0abdda19085f187ee5ac5
2025-05-15 09:59:16,118 - WARNING - Retrying (Retry(total=1, connect=None, read=None, redirect=None, status=None)) after connection broken by 'NewConnectionError('<urllib3.connection.HTTPConnection object at 0x000001AC61D93190>: Failed to establish a new connection: [WinError 10061] Подключение не установлено, т.к. конечный компьютер отверг запрос на подключение')': /session/428e0d601ef0abdda19085f187ee5ac5
2025-05-15 09:59:20,167 - WARNING - Retrying (Retry(total=0, connect=None, read=None, redirect=None, status=None)) after connection broken by 'NewConnectionError('<urllib3.connection.HTTPConnection object at 0x000001AC61D6C350>: Failed to establish a new connection: [WinError 10061] Подключение не установлено, т.к. конечный компьютер отверг запрос на подключение')': /session/428e0d601ef0abdda19085f187ee5ac5
2025-05-15 09:59:28,309 - INFO - ====== WebDriver manager ======
2025-05-15 09:59:33,170 - INFO - Get LATEST chromedriver version for google-chrome
2025-05-15 09:59:37,544 - INFO - Get LATEST chromedriver version for google-chrome
2025-05-15 09:59:37,845 - INFO - Driver [C:\Users\Stass\.wdm\drivers\chromedriver\win64\136.0.7103.94\chromedriver-win32/chromedriver.exe] found in cache
2025-05-15 09:59:56,625 - WARNING - Retrying (Retry(total=2, connect=None, read=None, redirect=None, status=None)) after connection broken by 'NewConnectionError('<urllib3.connection.HTTPConnection object at 0x000001AC63CA7290>: Failed to establish a new connection: [WinError 10061] Подключение не установлено, т.к. конечный компьютер отверг запрос на подключение')': /session/969476f1b10a5cc856edd00f4075fe8c
2025-05-15 10:00:00,715 - WARNING - Retrying (Retry(total=1, connect=None, read=None, redirect=None, status=None)) after connection broken by 'NewConnectionError('<urllib3.connection.HTTPConnection object at 0x000001AC63CA6C90>: Failed to establish a new connection: [WinError 10061] Подключение не установлено, т.к. конечный компьютер отверг запрос на подключение')': /session/969476f1b10a5cc856edd00f4075fe8c
2025-05-15 10:00:04,826 - WARNING - Retrying (Retry(total=0, connect=None, read=None, redirect=None, status=None)) after connection broken by 'NewConnectionError('<urllib3.connection.HTTPConnection object at 0x000001AC63CA5ED0>: Failed to establish a new connection: [WinError 10061] Подключение не установлено, т.к. конечный компьютер отверг запрос на подключение')': /session/969476f1b10a5cc856edd00f4075fe8c
2025-05-15 10:00:12,984 - INFO - ====== WebDriver manager ======
2025-05-15 10:00:17,662 - INFO - Get LATEST chromedriver version for google-chrome
2025-05-15 10:00:21,971 - INFO - Get LATEST chromedriver version for google-chrome
2025-05-15 10:00:22,215 - INFO - Driver [C:\Users\Stass\.wdm\drivers\chromedriver\win64\136.0.7103.94\chromedriver-win32/chromedriver.exe] found in cache
2025-05-15 10:00:53,946 - WARNING - Retrying (Retry(total=2, connect=None, read=None, redirect=None, status=None)) after connection broken by 'NewConnectionError('<urllib3.connection.HTTPConnection object at 0x000001AC63C75810>: Failed to establish a new connection: [WinError 10061] Подключение не установлено, т.к. конечный компьютер отверг запрос на подключение')': /session/67e6ffd2d18bf1d45440d20d8a4fcc11
2025-05-15 10:00:58,045 - WARNING - Retrying (Retry(total=1, connect=None, read=None, redirect=None, status=None)) after connection broken by 'NewConnectionError('<urllib3.connection.HTTPConnection object at 0x000001AC61D8F110>: Failed to establish a new connection: [WinError 10061] Подключение не установлено, т.к. конечный компьютер отверг запрос на подключение')': /session/67e6ffd2d18bf1d45440d20d8a4fcc11
2025-05-15 10:01:02,134 - WARNING - Retrying (Retry(total=0, connect=None, read=None, redirect=None, status=None)) after connection broken by 'NewConnectionError('<urllib3.connection.HTTPConnection object at 0x000001AC61D8D4D0>: Failed to establish a new connection: [WinError 10061] Подключение не установлено, т.к. конечный компьютер отверг запрос на подключение')': /session/67e6ffd2d18bf1d45440d20d8a4fcc11
2025-05-15 10:01:10,289 - INFO - ====== WebDriver manager ======
2025-05-15 10:01:15,383 - INFO - Get LATEST chromedriver version for google-chrome
2025-05-15 10:01:19,832 - INFO - Get LATEST chromedriver version for google-chrome
2025-05-15 10:01:20,098 - INFO - Driver [C:\Users\Stass\.wdm\drivers\chromedriver\win64\136.0.7103.94\chromedriver-win32/chromedriver.exe] found in cache
2025-05-15 10:01:52,948 - WARNING - Retrying (Retry(total=2, connect=None, read=None, redirect=None, status=None)) after connection broken by 'NewConnectionError('<urllib3.connection.HTTPConnection object at 0x000001AC63C5BC90>: Failed to establish a new connection: [WinError 10061] Подключение не установлено, т.к. конечный компьютер отверг запрос на подключение')': /session/6f72a00ac9548436e033f4cda8138a3c
2025-05-15 10:01:56,999 - WARNING - Retrying (Retry(total=1, connect=None, read=None, redirect=None, status=None)) after connection broken by 'NewConnectionError('<urllib3.connection.HTTPConnection object at 0x000001AC63C5AA90>: Failed to establish a new connection: [WinError 10061] Подключение не установлено, т.к. конечный компьютер отверг запрос на подключение')': /session/6f72a00ac9548436e033f4cda8138a3c
2025-05-15 10:02:01,066 - WARNING - Retrying (Retry(total=0, connect=None, read=None, redirect=None, status=None)) after connection broken by 'NewConnectionError('<urllib3.connection.HTTPConnection object at 0x000001AC619AFE90>: Failed to establish a new connection: [WinError 10061] Подключение не установлено, т.к. конечный компьютер отверг запрос на подключение')': /session/6f72a00ac9548436e033f4cda8138a3c
2025-05-15 10:02:09,186 - INFO - ====== WebDriver manager ======
2025-05-15 10:02:13,618 - INFO - Get LATEST chromedriver version for google-chrome
2025-05-15 10:02:17,955 - INFO - Get LATEST chromedriver version for google-chrome
2025-05-15 10:02:18,387 - INFO - Driver [C:\Users\Stass\.wdm\drivers\chromedriver\win64\136.0.7103.94\chromedriver-win32/chromedriver.exe] found in cache
2025-05-15 10:02:36,857 - WARNING - Retrying (Retry(total=2, connect=None, read=None, redirect=None, status=None)) after connection broken by 'NewConnectionError('<urllib3.connection.HTTPConnection object at 0x000001AC61D6E010>: Failed to establish a new connection: [WinError 10061] Подключение не установлено, т.к. конечный компьютер отверг запрос на подключение')': /session/96065aa297c1d424f5f1ae980f2756fd
2025-05-15 10:02:40,936 - WARNING - Retrying (Retry(total=1, connect=None, read=None, redirect=None, status=None)) after connection broken by 'NewConnectionError('<urllib3.connection.HTTPConnection object at 0x000001AC61D6EC50>: Failed to establish a new connection: [WinError 10061] Подключение не установлено, т.к. конечный компьютер отверг запрос на подключение')': /session/96065aa297c1d424f5f1ae980f2756fd
2025-05-15 10:02:44,993 - WARNING - Retrying (Retry(total=0, connect=None, read=None, redirect=None, status=None)) after connection broken by 'NewConnectionError('<urllib3.connection.HTTPConnection object at 0x000001AC61D6DF10>: Failed to establish a new connection: [WinError 10061] Подключение не установлено, т.к. конечный компьютер отверг запрос на подключение')': /session/96065aa297c1d424f5f1ae980f2756fd
2025-05-15 10:02:53,146 - INFO - ====== WebDriver manager ======
2025-05-15 10:02:58,711 - INFO - Get LATEST chromedriver version for google-chrome
2025-05-15 10:03:03,236 - INFO - Get LATEST chromedriver version for google-chrome
2025-05-15 10:03:03,525 - INFO - Driver [C:\Users\Stass\.wdm\drivers\chromedriver\win64\136.0.7103.94\chromedriver-win32/chromedriver.exe] found in cache
2025-05-15 10:03:35,397 - WARNING - Retrying (Retry(total=2, connect=None, read=None, redirect=None, status=None)) after connection broken by 'NewConnectionError('<urllib3.connection.HTTPConnection object at 0x000001AC63A957D0>: Failed to establish a new connection: [WinError 10061] Подключение не установлено, т.к. конечный компьютер отверг запрос на подключение')': /session/2feec4bc419ff2726a2eb16120016a72
2025-05-15 10:03:39,470 - WARNING - Retrying (Retry(total=1, connect=None, read=None, redirect=None, status=None)) after connection broken by 'NewConnectionError('<urllib3.connection.HTTPConnection object at 0x000001AC63C1F1D0>: Failed to establish a new connection: [WinError 10061] Подключение не установлено, т.к. конечный компьютер отверг запрос на подключение')': /session/2feec4bc419ff2726a2eb16120016a72
2025-05-15 10:03:43,509 - WARNING - Retrying (Retry(total=0, connect=None, read=None, redirect=None, status=None)) after connection broken by 'NewConnectionError('<urllib3.connection.HTTPConnection object at 0x000001AC63C1FC50>: Failed to establish a new connection: [WinError 10061] Подключение не установлено, т.к. конечный компьютер отверг запрос на подключение')': /session/2feec4bc419ff2726a2eb16120016a72
2025-05-15 10:03:51,682 - INFO - ====== WebDriver manager ======
2025-05-15 10:03:58,942 - INFO - Get LATEST chromedriver version for google-chrome
2025-05-15 10:04:03,252 - INFO - Get LATEST chromedriver version for google-chrome
2025-05-15 10:04:03,646 - INFO - Driver [C:\Users\Stass\.wdm\drivers\chromedriver\win64\136.0.7103.94\chromedriver-win32/chromedriver.exe] found in cache
2025-05-15 10:04:23,043 - WARNING - Retrying (Retry(total=2, connect=None, read=None, redirect=None, status=None)) after connection broken by 'NewConnectionError('<urllib3.connection.HTTPConnection object at 0x000001AC63C9EF90>: Failed to establish a new connection: [WinError 10061] Подключение не установлено, т.к. конечный компьютер отверг запрос на подключение')': /session/ab8e5e612070f02a975f5e1396c04e5e
2025-05-15 10:04:27,099 - WARNING - Retrying (Retry(total=1, connect=None, read=None, redirect=None, status=None)) after connection broken by 'NewConnectionError('<urllib3.connection.HTTPConnection object at 0x000001AC63C9D610>: Failed to establish a new connection: [WinError 10061] Подключение не установлено, т.к. конечный компьютер отверг запрос на подключение')': /session/ab8e5e612070f02a975f5e1396c04e5e
2025-05-15 10:04:31,176 - WARNING - Retrying (Retry(total=0, connect=None, read=None, redirect=None, status=None)) after connection broken by 'NewConnectionError('<urllib3.connection.HTTPConnection object at 0x000001AC63C9E390>: Failed to establish a new connection: [WinError 10061] Подключение не установлено, т.к. конечный компьютер отверг запрос на подключение')': /session/ab8e5e612070f02a975f5e1396c04e5e
2025-05-15 10:04:39,309 - INFO - ====== WebDriver manager ======
2025-05-15 10:04:45,016 - INFO - Get LATEST chromedriver version for google-chrome
2025-05-15 10:04:49,383 - INFO - Get LATEST chromedriver version for google-chrome
2025-05-15 10:04:49,706 - INFO - Driver [C:\Users\Stass\.wdm\drivers\chromedriver\win64\136.0.7103.94\chromedriver-win32/chromedriver.exe] found in cache
2025-05-15 10:05:54,517 - ERROR - Element with locator ('class name', 'p-button.p-component.w-100') not clickable.
2025-05-15 10:06:33,018 - ERROR - Element with locator <selenium.webdriver.remote.webelement.WebElement (session="4ac9bb24932de86c86af6c74dd41cf20", element="f.74BAED1A56FAB23B91373C45D8243466.d.73ECBE3C07D078F5F82651D08BC1B427.e.453")> not clickable after 30 seconds.
2025-05-15 10:06:39,652 - ERROR - Element with locator ('css selector', '[aria-posinset="1"]') not found.
2025-05-15 10:07:28,312 - ERROR - Element with locator ('css selector', '[class="p-button p-component p-button-icon-only p-speeddial-button p-button-rounded p-speeddial-rotate"]') not clickable.
2025-05-15 10:07:30,031 - ERROR - Element with locator ('id', 'name') not found.
2025-05-15 10:46:13,278 - INFO - ====== WebDriver manager ======
2025-05-15 10:46:18,335 - INFO - Get LATEST chromedriver version for google-chrome
2025-05-15 10:46:18,676 - INFO - Get LATEST chromedriver version for google-chrome
2025-05-15 10:46:18,953 - INFO - Driver [C:\Users\Stass\.wdm\drivers\chromedriver\win64\136.0.7103.94\chromedriver-win32/chromedriver.exe] found in cache
2025-05-15 10:46:40,859 - INFO - Старт проверки "Продажа техники из магазина за наличку"
2025-05-15 10:46:48,901 - INFO - Переход в магазин
2025-05-15 10:46:52,321 - INFO - Открытие фильтра справа и сортировка для продажи товаров (не ЮИ)
2025-05-15 10:47:07,993 - INFO - Продажа товара из магазина (не ЮИ)
2025-05-15 10:47:31,217 - INFO - Печать документа
2025-05-15 10:47:44,144 - INFO - Печать чека создания "догов потребит займа"
2025-05-15 10:47:48,864 - INFO - Проверка статуса продажи товара (печати чека)
2025-05-15 10:48:18,964 - ERROR - Element with locator ('css selector', 'div.content-page li:nth-child(3) div.w-100 div') still visible after 30 seconds.
2025-05-15 10:48:24,051 - INFO - Переход в карточку товара из печати чека
2025-05-15 10:48:28,777 - INFO - Проверка статуса "Нет в наличии" в карточке товара
2025-05-15 10:48:29,537 - INFO - Проверка состояния "Продан" в карточке товара
2025-05-15 10:48:30,049 - INFO - Продажа техники из магазина за наличку завершена успешно
2025-05-15 10:48:36,795 - INFO - ====== WebDriver manager ======
2025-05-15 10:48:41,742 - INFO - Get LATEST chromedriver version for google-chrome
2025-05-15 10:48:46,197 - INFO - Get LATEST chromedriver version for google-chrome
2025-05-15 10:48:46,451 - INFO - Driver [C:\Users\Stass\.wdm\drivers\chromedriver\win64\136.0.7103.94\chromedriver-win32/chromedriver.exe] found in cache
2025-05-15 10:51:03,065 - ERROR - Element with locator ('css selector', 'div.content-page li:nth-child(3) div.w-100 div') still visible after 30 seconds.
2025-05-15 10:51:14,540 - INFO - ====== WebDriver manager ======
2025-05-15 10:51:19,715 - INFO - Get LATEST chromedriver version for google-chrome
2025-05-15 10:51:24,049 - INFO - Get LATEST chromedriver version for google-chrome
2025-05-15 10:51:24,976 - INFO - Driver [C:\Users\Stass\.wdm\drivers\chromedriver\win64\136.0.7103.94\chromedriver-win32/chromedriver.exe] found in cache
2025-05-15 10:53:36,644 - ERROR - Element with locator ('css selector', 'div.content-page li:nth-child(3) div.w-100 div') still visible after 30 seconds.
2025-05-15 10:53:47,215 - INFO - ====== WebDriver manager ======
2025-05-15 10:53:52,003 - INFO - Get LATEST chromedriver version for google-chrome
2025-05-15 10:53:56,580 - INFO - Get LATEST chromedriver version for google-chrome
2025-05-15 10:54:00,980 - INFO - Driver [C:\Users\Stass\.wdm\drivers\chromedriver\win64\136.0.7103.94\chromedriver-win32/chromedriver.exe] found in cache
2025-05-15 10:56:11,309 - ERROR - Element with locator ('css selector', 'div.content-page li:nth-child(3) div.w-100 div') still visible after 30 seconds.
2025-05-15 10:56:17,731 - INFO - ====== WebDriver manager ======
2025-05-15 10:56:23,604 - INFO - Get LATEST chromedriver version for google-chrome
2025-05-15 10:56:23,988 - INFO - Get LATEST chromedriver version for google-chrome
2025-05-15 10:56:25,258 - INFO - Driver [C:\Users\Stass\.wdm\drivers\chromedriver\win64\136.0.7103.94\chromedriver-win32/chromedriver.exe] found in cache
2025-05-15 10:57:41,514 - ERROR - Element with locator ('css selector', '[aria-posinset="1"]') not found.
2025-05-15 10:59:14,849 - ERROR - Element with locator ('css selector', '[class="p-button p-component p-button-icon-only p-speeddial-button p-button-rounded"]') not clickable after 30 seconds.
2025-05-15 10:59:18,690 - INFO - ====== WebDriver manager ======
2025-05-15 10:59:25,221 - INFO - Get LATEST chromedriver version for google-chrome
2025-05-15 10:59:25,537 - INFO - Get LATEST chromedriver version for google-chrome
2025-05-15 10:59:25,786 - INFO - Driver [C:\Users\Stass\.wdm\drivers\chromedriver\win64\136.0.7103.94\chromedriver-win32/chromedriver.exe] found in cache
2025-05-15 10:59:51,940 - INFO - ====== WebDriver manager ======
2025-05-15 10:59:58,164 - INFO - Get LATEST chromedriver version for google-chrome
2025-05-15 11:00:02,561 - INFO - Get LATEST chromedriver version for google-chrome
2025-05-15 11:00:02,861 - INFO - Driver [C:\Users\Stass\.wdm\drivers\chromedriver\win64\136.0.7103.94\chromedriver-win32/chromedriver.exe] found in cache
2025-05-15 11:00:32,966 - INFO - ====== WebDriver manager ======
2025-05-15 11:00:39,217 - INFO - Get LATEST chromedriver version for google-chrome
2025-05-15 11:00:43,651 - INFO - Get LATEST chromedriver version for google-chrome
2025-05-15 11:00:43,983 - INFO - Driver [C:\Users\Stass\.wdm\drivers\chromedriver\win64\136.0.7103.94\chromedriver-win32/chromedriver.exe] found in cache
2025-05-15 11:00:51,931 - INFO - ====== WebDriver manager ======
2025-05-15 11:00:56,951 - INFO - Get LATEST chromedriver version for google-chrome
2025-05-15 11:01:01,337 - INFO - Get LATEST chromedriver version for google-chrome
2025-05-15 11:01:01,588 - INFO - Driver [C:\Users\Stass\.wdm\drivers\chromedriver\win64\136.0.7103.94\chromedriver-win32/chromedriver.exe] found in cache
2025-05-15 11:01:10,243 - INFO - ====== WebDriver manager ======
2025-05-15 11:01:15,045 - INFO - Get LATEST chromedriver version for google-chrome
2025-05-15 11:01:19,565 - INFO - Get LATEST chromedriver version for google-chrome
2025-05-15 11:01:19,824 - INFO - Driver [C:\Users\Stass\.wdm\drivers\chromedriver\win64\136.0.7103.94\chromedriver-win32/chromedriver.exe] found in cache
2025-05-15 11:01:28,995 - INFO - ====== WebDriver manager ======
2025-05-15 11:01:34,133 - INFO - Get LATEST chromedriver version for google-chrome
2025-05-15 11:01:38,517 - INFO - Get LATEST chromedriver version for google-chrome
2025-05-15 11:01:38,781 - INFO - Driver [C:\Users\Stass\.wdm\drivers\chromedriver\win64\136.0.7103.94\chromedriver-win32/chromedriver.exe] found in cache
2025-05-15 11:02:04,852 - INFO - ====== WebDriver manager ======
2025-05-15 11:02:10,850 - INFO - Get LATEST chromedriver version for google-chrome
2025-05-15 11:02:15,167 - INFO - Get LATEST chromedriver version for google-chrome
2025-05-15 11:02:15,429 - INFO - Driver [C:\Users\Stass\.wdm\drivers\chromedriver\win64\136.0.7103.94\chromedriver-win32/chromedriver.exe] found in cache
2025-05-15 11:02:41,980 - INFO - ====== WebDriver manager ======
2025-05-15 11:02:46,834 - INFO - Get LATEST chromedriver version for google-chrome
2025-05-15 11:02:51,183 - INFO - Get LATEST chromedriver version for google-chrome
2025-05-15 11:02:51,444 - INFO - Driver [C:\Users\Stass\.wdm\drivers\chromedriver\win64\136.0.7103.94\chromedriver-win32/chromedriver.exe] found in cache
2025-05-15 11:03:19,972 - WARNING - Retrying (Retry(total=2, connect=None, read=None, redirect=None, status=None)) after connection broken by 'NewConnectionError('<urllib3.connection.HTTPConnection object at 0x00000204BC7B9B90>: Failed to establish a new connection: [WinError 10061] Подключение не установлено, т.к. конечный компьютер отверг запрос на подключение')': /session/72a0cba12d6c4983e52e7f13ed3d9472
2025-05-15 11:03:24,062 - WARNING - Retrying (Retry(total=1, connect=None, read=None, redirect=None, status=None)) after connection broken by 'NewConnectionError('<urllib3.connection.HTTPConnection object at 0x00000204BC3BDB10>: Failed to establish a new connection: [WinError 10061] Подключение не установлено, т.к. конечный компьютер отверг запрос на подключение')': /session/72a0cba12d6c4983e52e7f13ed3d9472
2025-05-15 11:03:28,121 - WARNING - Retrying (Retry(total=0, connect=None, read=None, redirect=None, status=None)) after connection broken by 'NewConnectionError('<urllib3.connection.HTTPConnection object at 0x00000204BC3A6A90>: Failed to establish a new connection: [WinError 10061] Подключение не установлено, т.к. конечный компьютер отверг запрос на подключение')': /session/72a0cba12d6c4983e52e7f13ed3d9472
2025-05-15 11:03:36,231 - INFO - ====== WebDriver manager ======
2025-05-15 11:03:41,218 - INFO - Get LATEST chromedriver version for google-chrome
2025-05-15 11:03:45,576 - INFO - Get LATEST chromedriver version for google-chrome
2025-05-15 11:03:45,897 - INFO - Driver [C:\Users\Stass\.wdm\drivers\chromedriver\win64\136.0.7103.94\chromedriver-win32/chromedriver.exe] found in cache
2025-05-15 11:04:28,778 - WARNING - Retrying (Retry(total=2, connect=None, read=None, redirect=None, status=None)) after connection broken by 'NewConnectionError('<urllib3.connection.HTTPConnection object at 0x00000204BC857790>: Failed to establish a new connection: [WinError 10061] Подключение не установлено, т.к. конечный компьютер отверг запрос на подключение')': /session/0634f3309822f251e240fc4112a62909
2025-05-15 11:04:32,824 - WARNING - Retrying (Retry(total=1, connect=None, read=None, redirect=None, status=None)) after connection broken by 'NewConnectionError('<urllib3.connection.HTTPConnection object at 0x00000204BC856E90>: Failed to establish a new connection: [WinError 10061] Подключение не установлено, т.к. конечный компьютер отверг запрос на подключение')': /session/0634f3309822f251e240fc4112a62909
2025-05-15 11:04:36,901 - WARNING - Retrying (Retry(total=0, connect=None, read=None, redirect=None, status=None)) after connection broken by 'NewConnectionError('<urllib3.connection.HTTPConnection object at 0x00000204BC856150>: Failed to establish a new connection: [WinError 10061] Подключение не установлено, т.к. конечный компьютер отверг запрос на подключение')': /session/0634f3309822f251e240fc4112a62909
2025-05-15 11:04:45,027 - INFO - ====== WebDriver manager ======
2025-05-15 11:04:49,861 - INFO - Get LATEST chromedriver version for google-chrome
2025-05-15 11:04:54,249 - INFO - Get LATEST chromedriver version for google-chrome
2025-05-15 11:04:54,567 - INFO - Driver [C:\Users\Stass\.wdm\drivers\chromedriver\win64\136.0.7103.94\chromedriver-win32/chromedriver.exe] found in cache
2025-05-15 11:05:26,922 - WARNING - Retrying (Retry(total=2, connect=None, read=None, redirect=None, status=None)) after connection broken by 'NewConnectionError('<urllib3.connection.HTTPConnection object at 0x00000204BC743D10>: Failed to establish a new connection: [WinError 10061] Подключение не установлено, т.к. конечный компьютер отверг запрос на подключение')': /session/8282a2a3702b2c80c4b04385c80a3f9c
2025-05-15 11:05:30,961 - WARNING - Retrying (Retry(total=1, connect=None, read=None, redirect=None, status=None)) after connection broken by 'NewConnectionError('<urllib3.connection.HTTPConnection object at 0x00000204BC743790>: Failed to establish a new connection: [WinError 10061] Подключение не установлено, т.к. конечный компьютер отверг запрос на подключение')': /session/8282a2a3702b2c80c4b04385c80a3f9c
2025-05-15 11:05:35,004 - WARNING - Retrying (Retry(total=0, connect=None, read=None, redirect=None, status=None)) after connection broken by 'NewConnectionError('<urllib3.connection.HTTPConnection object at 0x00000204BC84D610>: Failed to establish a new connection: [WinError 10061] Подключение не установлено, т.к. конечный компьютер отверг запрос на подключение')': /session/8282a2a3702b2c80c4b04385c80a3f9c
2025-05-15 11:05:43,170 - INFO - ====== WebDriver manager ======
2025-05-15 11:05:47,898 - INFO - Get LATEST chromedriver version for google-chrome
2025-05-15 11:05:52,323 - INFO - Get LATEST chromedriver version for google-chrome
2025-05-15 11:05:52,648 - INFO - Driver [C:\Users\Stass\.wdm\drivers\chromedriver\win64\136.0.7103.94\chromedriver-win32/chromedriver.exe] found in cache
2025-05-15 11:06:28,213 - WARNING - Retrying (Retry(total=2, connect=None, read=None, redirect=None, status=None)) after connection broken by 'NewConnectionError('<urllib3.connection.HTTPConnection object at 0x00000204BC858E90>: Failed to establish a new connection: [WinError 10061] Подключение не установлено, т.к. конечный компьютер отверг запрос на подключение')': /session/1a65273310668a89b0a022eada89df83
2025-05-15 11:06:32,270 - WARNING - Retrying (Retry(total=1, connect=None, read=None, redirect=None, status=None)) after connection broken by 'NewConnectionError('<urllib3.connection.HTTPConnection object at 0x00000204BC858B90>: Failed to establish a new connection: [WinError 10061] Подключение не установлено, т.к. конечный компьютер отверг запрос на подключение')': /session/1a65273310668a89b0a022eada89df83
2025-05-15 11:06:36,334 - WARNING - Retrying (Retry(total=0, connect=None, read=None, redirect=None, status=None)) after connection broken by 'NewConnectionError('<urllib3.connection.HTTPConnection object at 0x00000204BC85BA50>: Failed to establish a new connection: [WinError 10061] Подключение не установлено, т.к. конечный компьютер отверг запрос на подключение')': /session/1a65273310668a89b0a022eada89df83
2025-05-15 11:06:44,457 - INFO - ====== WebDriver manager ======
2025-05-15 11:06:49,489 - INFO - Get LATEST chromedriver version for google-chrome
2025-05-15 11:06:53,854 - INFO - Get LATEST chromedriver version for google-chrome
2025-05-15 11:06:54,112 - INFO - Driver [C:\Users\Stass\.wdm\drivers\chromedriver\win64\136.0.7103.94\chromedriver-win32/chromedriver.exe] found in cache
2025-05-15 11:07:25,071 - INFO - ====== WebDriver manager ======
2025-05-15 11:07:30,263 - INFO - Get LATEST chromedriver version for google-chrome
2025-05-15 11:07:31,387 - INFO - Get LATEST chromedriver version for google-chrome
2025-05-15 11:07:31,697 - INFO - Driver [C:\Users\Stass\.wdm\drivers\chromedriver\win64\136.0.7103.94\chromedriver-win32/chromedriver.exe] found in cache
2025-05-15 11:08:02,359 - WARNING - Retrying (Retry(total=2, connect=None, read=None, redirect=None, status=None)) after connection broken by 'NewConnectionError('<urllib3.connection.HTTPConnection object at 0x00000204BC7B4310>: Failed to establish a new connection: [WinError 10061] Подключение не установлено, т.к. конечный компьютер отверг запрос на подключение')': /session/c34bcf9f224405f87b136cdc36b9bb30
2025-05-15 11:08:06,435 - WARNING - Retrying (Retry(total=1, connect=None, read=None, redirect=None, status=None)) after connection broken by 'NewConnectionError('<urllib3.connection.HTTPConnection object at 0x00000204BC7B5C10>: Failed to establish a new connection: [WinError 10061] Подключение не установлено, т.к. конечный компьютер отверг запрос на подключение')': /session/c34bcf9f224405f87b136cdc36b9bb30
2025-05-15 11:08:10,500 - WARNING - Retrying (Retry(total=0, connect=None, read=None, redirect=None, status=None)) after connection broken by 'NewConnectionError('<urllib3.connection.HTTPConnection object at 0x00000204BC7B6990>: Failed to establish a new connection: [WinError 10061] Подключение не установлено, т.к. конечный компьютер отверг запрос на подключение')': /session/c34bcf9f224405f87b136cdc36b9bb30
2025-05-15 11:08:18,651 - INFO - ====== WebDriver manager ======
2025-05-15 11:08:23,788 - INFO - Get LATEST chromedriver version for google-chrome
2025-05-15 11:08:28,089 - INFO - Get LATEST chromedriver version for google-chrome
2025-05-15 11:08:29,998 - INFO - Driver [C:\Users\Stass\.wdm\drivers\chromedriver\win64\136.0.7103.94\chromedriver-win32/chromedriver.exe] found in cache
2025-05-15 11:08:59,150 - WARNING - Retrying (Retry(total=2, connect=None, read=None, redirect=None, status=None)) after connection broken by 'NewConnectionError('<urllib3.connection.HTTPConnection object at 0x00000204BC7C6390>: Failed to establish a new connection: [WinError 10061] Подключение не установлено, т.к. конечный компьютер отверг запрос на подключение')': /session/1724aec53088baaceb956d246458dc16
2025-05-15 11:09:03,228 - WARNING - Retrying (Retry(total=1, connect=None, read=None, redirect=None, status=None)) after connection broken by 'NewConnectionError('<urllib3.connection.HTTPConnection object at 0x00000204BC7C4150>: Failed to establish a new connection: [WinError 10061] Подключение не установлено, т.к. конечный компьютер отверг запрос на подключение')': /session/1724aec53088baaceb956d246458dc16
2025-05-15 11:09:07,264 - WARNING - Retrying (Retry(total=0, connect=None, read=None, redirect=None, status=None)) after connection broken by 'NewConnectionError('<urllib3.connection.HTTPConnection object at 0x00000204BC7C6210>: Failed to establish a new connection: [WinError 10061] Подключение не установлено, т.к. конечный компьютер отверг запрос на подключение')': /session/1724aec53088baaceb956d246458dc16
2025-05-15 11:09:15,440 - INFO - ====== WebDriver manager ======
2025-05-15 11:09:20,410 - INFO - Get LATEST chromedriver version for google-chrome
2025-05-15 11:09:25,429 - INFO - Get LATEST chromedriver version for google-chrome
2025-05-15 11:09:25,756 - INFO - Driver [C:\Users\Stass\.wdm\drivers\chromedriver\win64\136.0.7103.94\chromedriver-win32/chromedriver.exe] found in cache
2025-05-15 11:10:28,059 - ERROR - Element with locator ('class name', 'p-button.p-component.w-100') not clickable.
2025-05-15 11:11:05,756 - ERROR - Element with locator <selenium.webdriver.remote.webelement.WebElement (session="6d345902f79899762d43ff5a4d8df7eb", element="f.1354472A18A78C5CD24B07F12683428D.d.83DF9E80C923140AD69A400E9B141343.e.75607")> not clickable after 30 seconds.
2025-05-15 11:11:12,764 - ERROR - Element with locator ('css selector', '[aria-posinset="1"]') not found.
2025-05-15 12:04:44,673 - INFO - ====== WebDriver manager ======
2025-05-15 12:04:49,657 - INFO - Get LATEST chromedriver version for google-chrome
2025-05-15 12:04:50,052 - INFO - Get LATEST chromedriver version for google-chrome
2025-05-15 12:04:50,316 - INFO - Driver [C:\Users\Stass\.wdm\drivers\chromedriver\win64\136.0.7103.94\chromedriver-win32/chromedriver.exe] found in cache
2025-05-15 12:06:31,542 - ERROR - Element with locator ('css selector', '.p-speeddial-action-icon.pi.pi-user-plus') not clickable after 30 seconds.
2025-05-15 12:10:00,609 - INFO - ====== WebDriver manager ======
2025-05-15 12:10:05,269 - INFO - Get LATEST chromedriver version for google-chrome
2025-05-15 12:10:11,098 - INFO - Get LATEST chromedriver version for google-chrome
2025-05-15 12:10:11,409 - INFO - Driver [C:\Users\Stass\.wdm\drivers\chromedriver\win64\136.0.7103.94\chromedriver-win32/chromedriver.exe] found in cache
2025-05-15 12:12:51,953 - ERROR - Element with locator ('css selector', 'div.content-page li:nth-child(3) div.w-100 div') still visible after 30 seconds.
2025-05-15 14:10:26,469 - INFO - ====== WebDriver manager ======
2025-05-15 14:10:29,031 - INFO - Get LATEST chromedriver version for google-chrome
2025-05-15 14:10:29,325 - INFO - Get LATEST chromedriver version for google-chrome
2025-05-15 14:10:29,582 - INFO - Driver [C:\Users\Stass\.wdm\drivers\chromedriver\win64\136.0.7103.94\chromedriver-win32/chromedriver.exe] found in cache
2025-05-15 14:10:47,526 - INFO - Старт проверки "Продажа техники из магазина за наличку"
2025-05-15 14:10:54,625 - INFO - Переход в магазин
2025-05-15 14:10:57,366 - INFO - Открытие фильтра справа и сортировка для продажи товаров (не ЮИ)
2025-05-15 14:11:12,584 - INFO - Продажа товара из магазина (не ЮИ)
2025-05-15 14:11:34,916 - INFO - Печать документа
2025-05-15 14:11:38,387 - INFO - Печать чека создания "догов потребит займа"
2025-05-15 14:11:42,869 - INFO - Проверка статуса продажи товара (печати чека)
2025-05-15 14:12:12,983 - ERROR - Element with locator ('css selector', 'div.content-page li:nth-child(3) div.w-100 div') still visible after 30 seconds.
2025-05-15 14:12:17,751 - INFO - Переход в карточку товара из печати чека
2025-05-15 14:12:22,304 - INFO - Проверка статуса "Нет в наличии" в карточке товара
2025-05-15 14:12:22,788 - INFO - Проверка состояния "Продан" в карточке товара
2025-05-15 14:12:23,205 - INFO - Продажа техники из магазина за наличку завершена успешно
2025-05-15 14:12:27,982 - INFO - ====== WebDriver manager ======
2025-05-15 14:12:29,559 - INFO - Get LATEST chromedriver version for google-chrome
2025-05-15 14:12:33,870 - INFO - Get LATEST chromedriver version for google-chrome
2025-05-15 14:12:34,142 - INFO - Driver [C:\Users\Stass\.wdm\drivers\chromedriver\win64\136.0.7103.94\chromedriver-win32/chromedriver.exe] found in cache
2025-05-15 14:13:27,162 - ERROR - Element with locator ('css selector', '#instanceV\\.6') not found.
2025-05-15 14:13:34,239 - INFO - ====== WebDriver manager ======
2025-05-15 14:13:35,800 - INFO - Get LATEST chromedriver version for google-chrome
2025-05-15 14:13:36,043 - INFO - Get LATEST chromedriver version for google-chrome
2025-05-15 14:13:36,292 - INFO - Driver [C:\Users\Stass\.wdm\drivers\chromedriver\win64\136.0.7103.94\chromedriver-win32/chromedriver.exe] found in cache
2025-05-15 14:14:05,473 - INFO - ====== WebDriver manager ======
2025-05-15 14:14:07,001 - INFO - Get LATEST chromedriver version for google-chrome
2025-05-15 14:14:07,327 - INFO - Get LATEST chromedriver version for google-chrome
2025-05-15 14:14:07,594 - INFO - Driver [C:\Users\Stass\.wdm\drivers\chromedriver\win64\136.0.7103.94\chromedriver-win32/chromedriver.exe] found in cache
2025-05-15 14:15:24,656 - ERROR - Element with locator ('css selector', '[aria-label="Проверить"]') not clickable after 30 seconds.
2025-05-15 14:15:54,769 - ERROR - Element with locator ('css selector', '[aria-label="Проверить"]') not clickable.
2025-05-15 14:16:10,069 - INFO - ====== WebDriver manager ======
2025-05-15 14:16:11,574 - INFO - Get LATEST chromedriver version for google-chrome
2025-05-15 14:16:11,862 - INFO - Get LATEST chromedriver version for google-chrome
2025-05-15 14:16:12,113 - INFO - Driver [C:\Users\Stass\.wdm\drivers\chromedriver\win64\136.0.7103.94\chromedriver-win32/chromedriver.exe] found in cache
2025-05-15 14:16:58,261 - ERROR - Element with locator ('css selector', '[aria-posinset="1"]') not found.
2025-05-15 14:18:52,200 - ERROR - Element with locator ('css selector', 'div.content-page li:nth-child(3) div.w-100 div') still visible after 30 seconds.
2025-05-15 14:19:01,163 - INFO - ====== WebDriver manager ======
2025-05-15 14:19:02,685 - INFO - Get LATEST chromedriver version for google-chrome
2025-05-15 14:19:06,995 - INFO - Get LATEST chromedriver version for google-chrome
2025-05-15 14:19:07,300 - INFO - Driver [C:\Users\Stass\.wdm\drivers\chromedriver\win64\136.0.7103.94\chromedriver-win32/chromedriver.exe] found in cache
2025-05-15 14:19:30,453 - INFO - ====== WebDriver manager ======
2025-05-15 14:19:31,961 - INFO - Get LATEST chromedriver version for google-chrome
2025-05-15 14:19:36,375 - INFO - Get LATEST chromedriver version for google-chrome
2025-05-15 14:19:36,683 - INFO - Driver [C:\Users\Stass\.wdm\drivers\chromedriver\win64\136.0.7103.94\chromedriver-win32/chromedriver.exe] found in cache
2025-05-15 14:20:09,738 - INFO - ====== WebDriver manager ======
2025-05-15 14:20:11,233 - INFO - Get LATEST chromedriver version for google-chrome
2025-05-15 14:20:15,584 - INFO - Get LATEST chromedriver version for google-chrome
2025-05-15 14:20:15,833 - INFO - Driver [C:\Users\Stass\.wdm\drivers\chromedriver\win64\136.0.7103.94\chromedriver-win32/chromedriver.exe] found in cache
2025-05-15 14:20:23,634 - INFO - ====== WebDriver manager ======
2025-05-15 14:20:25,106 - INFO - Get LATEST chromedriver version for google-chrome
2025-05-15 14:20:29,422 - INFO - Get LATEST chromedriver version for google-chrome
2025-05-15 14:20:29,735 - INFO - Driver [C:\Users\Stass\.wdm\drivers\chromedriver\win64\136.0.7103.94\chromedriver-win32/chromedriver.exe] found in cache
2025-05-15 14:20:38,796 - INFO - ====== WebDriver manager ======
2025-05-15 14:20:40,288 - INFO - Get LATEST chromedriver version for google-chrome
2025-05-15 14:20:44,580 - INFO - Get LATEST chromedriver version for google-chrome
2025-05-15 14:20:44,840 - INFO - Driver [C:\Users\Stass\.wdm\drivers\chromedriver\win64\136.0.7103.94\chromedriver-win32/chromedriver.exe] found in cache
2025-05-15 14:20:52,566 - INFO - ====== WebDriver manager ======
2025-05-15 14:20:54,060 - INFO - Get LATEST chromedriver version for google-chrome
2025-05-15 14:20:58,433 - INFO - Get LATEST chromedriver version for google-chrome
2025-05-15 14:20:58,712 - INFO - Driver [C:\Users\Stass\.wdm\drivers\chromedriver\win64\136.0.7103.94\chromedriver-win32/chromedriver.exe] found in cache
2025-05-15 14:21:21,194 - INFO - ====== WebDriver manager ======
2025-05-15 14:21:22,717 - INFO - Get LATEST chromedriver version for google-chrome
2025-05-15 14:21:27,042 - INFO - Get LATEST chromedriver version for google-chrome
2025-05-15 14:21:27,361 - INFO - Driver [C:\Users\Stass\.wdm\drivers\chromedriver\win64\136.0.7103.94\chromedriver-win32/chromedriver.exe] found in cache
2025-05-15 14:21:55,144 - INFO - ====== WebDriver manager ======
2025-05-15 14:21:57,988 - INFO - Get LATEST chromedriver version for google-chrome
2025-05-15 14:22:02,298 - INFO - Get LATEST chromedriver version for google-chrome
2025-05-15 14:22:02,564 - INFO - Driver [C:\Users\Stass\.wdm\drivers\chromedriver\win64\136.0.7103.94\chromedriver-win32/chromedriver.exe] found in cache
2025-05-15 14:22:35,999 - WARNING - Retrying (Retry(total=2, connect=None, read=None, redirect=None, status=None)) after connection broken by 'NewConnectionError('<urllib3.connection.HTTPConnection object at 0x000001E7A3A84E50>: Failed to establish a new connection: [WinError 10061] Подключение не установлено, т.к. конечный компьютер отверг запрос на подключение')': /session/5a61ba515d25d4a3944325ae7460ba89
2025-05-15 14:22:40,049 - WARNING - Retrying (Retry(total=1, connect=None, read=None, redirect=None, status=None)) after connection broken by 'NewConnectionError('<urllib3.connection.HTTPConnection object at 0x000001E7A3A85AD0>: Failed to establish a new connection: [WinError 10061] Подключение не установлено, т.к. конечный компьютер отверг запрос на подключение')': /session/5a61ba515d25d4a3944325ae7460ba89
2025-05-15 14:22:44,101 - WARNING - Retrying (Retry(total=0, connect=None, read=None, redirect=None, status=None)) after connection broken by 'NewConnectionError('<urllib3.connection.HTTPConnection object at 0x000001E7A3BCAD10>: Failed to establish a new connection: [WinError 10061] Подключение не установлено, т.к. конечный компьютер отверг запрос на подключение')': /session/5a61ba515d25d4a3944325ae7460ba89
2025-05-15 14:22:52,286 - INFO - ====== WebDriver manager ======
2025-05-15 14:22:53,764 - INFO - Get LATEST chromedriver version for google-chrome
2025-05-15 14:22:58,267 - INFO - Get LATEST chromedriver version for google-chrome
2025-05-15 14:23:04,895 - INFO - Driver [C:\Users\Stass\.wdm\drivers\chromedriver\win64\136.0.7103.94\chromedriver-win32/chromedriver.exe] found in cache
2025-05-15 14:23:30,789 - WARNING - Retrying (Retry(total=2, connect=None, read=None, redirect=None, status=None)) after connection broken by 'NewConnectionError('<urllib3.connection.HTTPConnection object at 0x000001E7A3BCB9D0>: Failed to establish a new connection: [WinError 10061] Подключение не установлено, т.к. конечный компьютер отверг запрос на подключение')': /session/5b864e624214e44a2b3cc94e6d809c64
2025-05-15 14:23:34,850 - WARNING - Retrying (Retry(total=1, connect=None, read=None, redirect=None, status=None)) after connection broken by 'NewConnectionError('<urllib3.connection.HTTPConnection object at 0x000001E7A3BCB750>: Failed to establish a new connection: [WinError 10061] Подключение не установлено, т.к. конечный компьютер отверг запрос на подключение')': /session/5b864e624214e44a2b3cc94e6d809c64
2025-05-15 14:23:38,906 - WARNING - Retrying (Retry(total=0, connect=None, read=None, redirect=None, status=None)) after connection broken by 'NewConnectionError('<urllib3.connection.HTTPConnection object at 0x000001E7A3BCB5D0>: Failed to establish a new connection: [WinError 10061] Подключение не установлено, т.к. конечный компьютер отверг запрос на подключение')': /session/5b864e624214e44a2b3cc94e6d809c64
2025-05-15 14:23:47,070 - INFO - ====== WebDriver manager ======
2025-05-15 14:23:48,544 - INFO - Get LATEST chromedriver version for google-chrome
2025-05-15 14:23:52,861 - INFO - Get LATEST chromedriver version for google-chrome
2025-05-15 14:23:53,151 - INFO - Driver [C:\Users\Stass\.wdm\drivers\chromedriver\win64\136.0.7103.94\chromedriver-win32/chromedriver.exe] found in cache
2025-05-15 14:24:22,446 - WARNING - Retrying (Retry(total=2, connect=None, read=None, redirect=None, status=None)) after connection broken by 'NewConnectionError('<urllib3.connection.HTTPConnection object at 0x000001E7A3A4A950>: Failed to establish a new connection: [WinError 10061] Подключение не установлено, т.к. конечный компьютер отверг запрос на подключение')': /session/810fad3b47d6c9ba7920471a1a6afa93
2025-05-15 14:24:26,491 - WARNING - Retrying (Retry(total=1, connect=None, read=None, redirect=None, status=None)) after connection broken by 'NewConnectionError('<urllib3.connection.HTTPConnection object at 0x000001E7A3683B10>: Failed to establish a new connection: [WinError 10061] Подключение не установлено, т.к. конечный компьютер отверг запрос на подключение')': /session/810fad3b47d6c9ba7920471a1a6afa93
2025-05-15 14:24:30,558 - WARNING - Retrying (Retry(total=0, connect=None, read=None, redirect=None, status=None)) after connection broken by 'NewConnectionError('<urllib3.connection.HTTPConnection object at 0x000001E7A3682D50>: Failed to establish a new connection: [WinError 10061] Подключение не установлено, т.к. конечный компьютер отверг запрос на подключение')': /session/810fad3b47d6c9ba7920471a1a6afa93
2025-05-15 14:24:38,733 - INFO - ====== WebDriver manager ======
2025-05-15 14:24:40,197 - INFO - Get LATEST chromedriver version for google-chrome
2025-05-15 14:24:44,495 - INFO - Get LATEST chromedriver version for google-chrome
2025-05-15 14:24:44,803 - INFO - Driver [C:\Users\Stass\.wdm\drivers\chromedriver\win64\136.0.7103.94\chromedriver-win32/chromedriver.exe] found in cache
2025-05-15 14:25:02,593 - WARNING - Retrying (Retry(total=2, connect=None, read=None, redirect=None, status=None)) after connection broken by 'NewConnectionError('<urllib3.connection.HTTPConnection object at 0x000001E7A3AD7110>: Failed to establish a new connection: [WinError 10061] Подключение не установлено, т.к. конечный компьютер отверг запрос на подключение')': /session/c42bcd62f6f3e868296bd7eec1e5353f
2025-05-15 14:25:06,638 - WARNING - Retrying (Retry(total=1, connect=None, read=None, redirect=None, status=None)) after connection broken by 'NewConnectionError('<urllib3.connection.HTTPConnection object at 0x000001E7A3AD7DD0>: Failed to establish a new connection: [WinError 10061] Подключение не установлено, т.к. конечный компьютер отверг запрос на подключение')': /session/c42bcd62f6f3e868296bd7eec1e5353f
2025-05-15 14:25:10,707 - WARNING - Retrying (Retry(total=0, connect=None, read=None, redirect=None, status=None)) after connection broken by 'NewConnectionError('<urllib3.connection.HTTPConnection object at 0x000001E7A3AE4890>: Failed to establish a new connection: [WinError 10061] Подключение не установлено, т.к. конечный компьютер отверг запрос на подключение')': /session/c42bcd62f6f3e868296bd7eec1e5353f
2025-05-15 14:25:18,852 - INFO - ====== WebDriver manager ======
2025-05-15 14:25:20,301 - INFO - Get LATEST chromedriver version for google-chrome
2025-05-15 14:25:24,657 - INFO - Get LATEST chromedriver version for google-chrome
2025-05-15 14:25:24,911 - INFO - Driver [C:\Users\Stass\.wdm\drivers\chromedriver\win64\136.0.7103.94\chromedriver-win32/chromedriver.exe] found in cache
2025-05-15 14:25:42,551 - WARNING - Retrying (Retry(total=2, connect=None, read=None, redirect=None, status=None)) after connection broken by 'NewConnectionError('<urllib3.connection.HTTPConnection object at 0x000001E7A3A4AB90>: Failed to establish a new connection: [WinError 10061] Подключение не установлено, т.к. конечный компьютер отверг запрос на подключение')': /session/f37adb40b1dd796239fb04f74ad47e73
2025-05-15 14:25:46,605 - WARNING - Retrying (Retry(total=1, connect=None, read=None, redirect=None, status=None)) after connection broken by 'NewConnectionError('<urllib3.connection.HTTPConnection object at 0x000001E7A3BC5650>: Failed to establish a new connection: [WinError 10061] Подключение не установлено, т.к. конечный компьютер отверг запрос на подключение')': /session/f37adb40b1dd796239fb04f74ad47e73
2025-05-15 14:25:50,656 - WARNING - Retrying (Retry(total=0, connect=None, read=None, redirect=None, status=None)) after connection broken by 'NewConnectionError('<urllib3.connection.HTTPConnection object at 0x000001E7A3BC4F90>: Failed to establish a new connection: [WinError 10061] Подключение не установлено, т.к. конечный компьютер отверг запрос на подключение')': /session/f37adb40b1dd796239fb04f74ad47e73
2025-05-15 14:25:58,786 - INFO - ====== WebDriver manager ======
2025-05-15 14:26:00,308 - INFO - Get LATEST chromedriver version for google-chrome
2025-05-15 14:26:04,653 - INFO - Get LATEST chromedriver version for google-chrome
2025-05-15 14:26:04,945 - INFO - Driver [C:\Users\Stass\.wdm\drivers\chromedriver\win64\136.0.7103.94\chromedriver-win32/chromedriver.exe] found in cache
2025-05-15 14:26:22,551 - WARNING - Retrying (Retry(total=2, connect=None, read=None, redirect=None, status=None)) after connection broken by 'NewConnectionError('<urllib3.connection.HTTPConnection object at 0x000001E7A3ADBFD0>: Failed to establish a new connection: [WinError 10061] Подключение не установлено, т.к. конечный компьютер отверг запрос на подключение')': /session/ff31b2b7b7c9ed61f02a0b6506ca0a29
2025-05-15 14:26:26,596 - WARNING - Retrying (Retry(total=1, connect=None, read=None, redirect=None, status=None)) after connection broken by 'NewConnectionError('<urllib3.connection.HTTPConnection object at 0x000001E7A3AD9B90>: Failed to establish a new connection: [WinError 10061] Подключение не установлено, т.к. конечный компьютер отверг запрос на подключение')': /session/ff31b2b7b7c9ed61f02a0b6506ca0a29
2025-05-15 14:26:30,651 - WARNING - Retrying (Retry(total=0, connect=None, read=None, redirect=None, status=None)) after connection broken by 'NewConnectionError('<urllib3.connection.HTTPConnection object at 0x000001E7A3AD8A90>: Failed to establish a new connection: [WinError 10061] Подключение не установлено, т.к. конечный компьютер отверг запрос на подключение')': /session/ff31b2b7b7c9ed61f02a0b6506ca0a29
2025-05-15 14:26:38,797 - INFO - ====== WebDriver manager ======
2025-05-15 14:26:40,278 - INFO - Get LATEST chromedriver version for google-chrome
2025-05-15 14:26:44,680 - INFO - Get LATEST chromedriver version for google-chrome
2025-05-15 14:26:44,925 - INFO - Driver [C:\Users\Stass\.wdm\drivers\chromedriver\win64\136.0.7103.94\chromedriver-win32/chromedriver.exe] found in cache
2025-05-15 14:27:17,731 - WARNING - Retrying (Retry(total=2, connect=None, read=None, redirect=None, status=None)) after connection broken by 'NewConnectionError('<urllib3.connection.HTTPConnection object at 0x000001E7A3B5F410>: Failed to establish a new connection: [WinError 10061] Подключение не установлено, т.к. конечный компьютер отверг запрос на подключение')': /session/48352f086ea5fec2f42dea34149cb0a7
2025-05-15 14:27:21,807 - WARNING - Retrying (Retry(total=1, connect=None, read=None, redirect=None, status=None)) after connection broken by 'NewConnectionError('<urllib3.connection.HTTPConnection object at 0x000001E7A3B5E010>: Failed to establish a new connection: [WinError 10061] Подключение не установлено, т.к. конечный компьютер отверг запрос на подключение')': /session/48352f086ea5fec2f42dea34149cb0a7
2025-05-15 14:27:25,870 - WARNING - Retrying (Retry(total=0, connect=None, read=None, redirect=None, status=None)) after connection broken by 'NewConnectionError('<urllib3.connection.HTTPConnection object at 0x000001E7A3B5E550>: Failed to establish a new connection: [WinError 10061] Подключение не установлено, т.к. конечный компьютер отверг запрос на подключение')': /session/48352f086ea5fec2f42dea34149cb0a7
2025-05-15 14:27:34,003 - INFO - ====== WebDriver manager ======
2025-05-15 14:27:35,569 - INFO - Get LATEST chromedriver version for google-chrome
2025-05-15 14:27:39,902 - INFO - Get LATEST chromedriver version for google-chrome
2025-05-15 14:27:40,158 - INFO - Driver [C:\Users\Stass\.wdm\drivers\chromedriver\win64\136.0.7103.94\chromedriver-win32/chromedriver.exe] found in cache
2025-05-15 14:28:40,420 - ERROR - Element with locator ('class name', 'p-button.p-component.w-100') not clickable.
2025-05-15 14:29:17,475 - ERROR - Element with locator <selenium.webdriver.remote.webelement.WebElement (session="50514ccaa95d0972470630bc6aed57ef", element="f.6B01A970BC43773AAF8159589FF7DCA8.d.1048FC23CF9DF57206222E2E3B4E7250.e.76224")> not clickable after 30 seconds.
2025-05-15 14:29:23,387 - ERROR - Element with locator ('css selector', '[aria-posinset="1"]') not found.
2025-05-15 14:30:10,117 - ERROR - Element with locator ('css selector', '[class="p-button p-component p-button-icon-only p-speeddial-button p-button-rounded p-speeddial-rotate"]') not clickable.
2025-05-15 14:30:10,531 - ERROR - Element with locator ('id', 'name') not found.
2025-05-15 14:54:04,965 - INFO - ====== WebDriver manager ======
2025-05-15 14:54:06,567 - INFO - Get LATEST chromedriver version for google-chrome
2025-05-15 14:54:06,900 - INFO - Get LATEST chromedriver version for google-chrome
2025-05-15 14:54:07,212 - INFO - Driver [C:\Users\Stass\.wdm\drivers\chromedriver\win64\136.0.7103.94\chromedriver-win32/chromedriver.exe] found in cache
2025-05-15 14:54:24,277 - INFO - Старт проверки "Продажа техники из магазина за наличку"
2025-05-15 14:54:29,804 - INFO - Переход в магазин
2025-05-15 14:54:32,999 - INFO - Открытие фильтра справа и сортировка для продажи товаров (не ЮИ)
2025-05-15 14:54:47,558 - INFO - Продажа товара из магазина (не ЮИ)
2025-05-15 14:55:10,975 - INFO - Печать документа
2025-05-15 14:55:17,474 - INFO - Печать чека создания "догов потребит займа"
2025-05-15 14:55:22,006 - INFO - Проверка статуса продажи товара (печати чека)
2025-05-15 14:55:52,490 - ERROR - Element with locator ('css selector', 'div.content-page li:nth-child(3) div.w-100 div') still visible after 30 seconds.
2025-05-15 14:55:57,278 - INFO - Переход в карточку товара из печати чека
2025-05-15 14:56:01,829 - INFO - Проверка статуса "Нет в наличии" в карточке товара
2025-05-15 14:56:02,278 - INFO - Проверка состояния "Продан" в карточке товара
2025-05-15 14:56:02,727 - INFO - Продажа техники из магазина за наличку завершена успешно
2025-05-15 14:56:08,732 - INFO - ====== WebDriver manager ======
2025-05-15 14:56:10,232 - INFO - Get LATEST chromedriver version for google-chrome
2025-05-15 14:56:14,671 - INFO - Get LATEST chromedriver version for google-chrome
2025-05-15 14:56:15,093 - INFO - Driver [C:\Users\Stass\.wdm\drivers\chromedriver\win64\136.0.7103.94\chromedriver-win32/chromedriver.exe] found in cache
2025-05-15 14:58:26,937 - ERROR - Element with locator ('css selector', 'div.content-page li:nth-child(3) div.w-100 div') still visible after 30 seconds.
2025-05-15 14:58:35,755 - INFO - ====== WebDriver manager ======
2025-05-15 14:58:37,322 - INFO - Get LATEST chromedriver version for google-chrome
2025-05-15 14:58:41,630 - INFO - Get LATEST chromedriver version for google-chrome
2025-05-15 14:58:41,885 - INFO - Driver [C:\Users\Stass\.wdm\drivers\chromedriver\win64\136.0.7103.94\chromedriver-win32/chromedriver.exe] found in cache
2025-05-15 14:59:11,868 - INFO - ====== WebDriver manager ======
2025-05-15 14:59:13,337 - INFO - Get LATEST chromedriver version for google-chrome
2025-05-15 14:59:13,597 - INFO - Get LATEST chromedriver version for google-chrome
2025-05-15 14:59:13,857 - INFO - Driver [C:\Users\Stass\.wdm\drivers\chromedriver\win64\136.0.7103.94\chromedriver-win32/chromedriver.exe] found in cache
2025-05-15 15:01:15,611 - ERROR - Element with locator ('css selector', 'div.content-page li:nth-child(3) div.w-100 div') still visible after 30 seconds.
2025-05-15 15:01:24,653 - INFO - ====== WebDriver manager ======
2025-05-15 15:01:26,156 - INFO - Get LATEST chromedriver version for google-chrome
2025-05-15 15:01:30,542 - INFO - Get LATEST chromedriver version for google-chrome
2025-05-15 15:01:30,796 - INFO - Driver [C:\Users\Stass\.wdm\drivers\chromedriver\win64\136.0.7103.94\chromedriver-win32/chromedriver.exe] found in cache
2025-05-15 15:02:12,933 - ERROR - Element with locator ('css selector', '[aria-posinset="1"]') not found.
2025-05-15 15:02:38,983 - ERROR - Element with locator ('css selector', '#instanceV\\.6') not found.
2025-05-15 15:02:46,418 - INFO - ====== WebDriver manager ======
2025-05-15 15:02:48,734 - INFO - Get LATEST chromedriver version for google-chrome
2025-05-15 15:02:48,997 - INFO - Get LATEST chromedriver version for google-chrome
2025-05-15 15:02:49,247 - INFO - Driver [C:\Users\Stass\.wdm\drivers\chromedriver\win64\136.0.7103.94\chromedriver-win32/chromedriver.exe] found in cache
2025-05-15 15:04:54,548 - ERROR - Element with locator ('css selector', 'div.content-page li:nth-child(3) div.w-100 div') still visible after 30 seconds.
2025-05-15 15:05:51,784 - ERROR - Element with locator ('css selector', 'div.content-page li:nth-child(3) div.w-100 div') still visible after 30 seconds.
2025-05-15 15:05:59,564 - INFO - ====== WebDriver manager ======
2025-05-15 15:06:01,096 - INFO - Get LATEST chromedriver version for google-chrome
2025-05-15 15:06:05,416 - INFO - Get LATEST chromedriver version for google-chrome
2025-05-15 15:06:05,750 - INFO - Driver [C:\Users\Stass\.wdm\drivers\chromedriver\win64\136.0.7103.94\chromedriver-win32/chromedriver.exe] found in cache
2025-05-15 15:07:29,312 - ERROR - Element with locator ('css selector', '[aria-label="Далее"]') not clickable.
2025-05-15 15:08:36,711 - ERROR - Element with locator ('css selector', '#instanceV\\.756 > input') not visible.
2025-05-15 15:09:13,664 - ERROR - Element with locator ('css selector', '.p-speeddial-action-icon.pi.pi-user-plus') not clickable after 30 seconds.
2025-05-15 15:09:22,285 - INFO - ====== WebDriver manager ======
2025-05-15 15:09:23,787 - INFO - Get LATEST chromedriver version for google-chrome
2025-05-15 15:09:24,096 - INFO - Get LATEST chromedriver version for google-chrome
2025-05-15 15:09:24,397 - INFO - Driver [C:\Users\Stass\.wdm\drivers\chromedriver\win64\136.0.7103.94\chromedriver-win32/chromedriver.exe] found in cache
2025-05-15 15:10:27,699 - INFO - ====== WebDriver manager ======
2025-05-15 15:10:29,232 - INFO - Get LATEST chromedriver version for google-chrome
2025-05-15 15:10:33,626 - INFO - Get LATEST chromedriver version for google-chrome
2025-05-15 15:10:33,894 - INFO - Driver [C:\Users\Stass\.wdm\drivers\chromedriver\win64\136.0.7103.94\chromedriver-win32/chromedriver.exe] found in cache
2025-05-15 15:11:44,092 - INFO - ====== WebDriver manager ======
2025-05-15 15:11:45,588 - INFO - Get LATEST chromedriver version for google-chrome
2025-05-15 15:11:49,953 - INFO - Get LATEST chromedriver version for google-chrome
2025-05-15 15:11:50,221 - INFO - Driver [C:\Users\Stass\.wdm\drivers\chromedriver\win64\136.0.7103.94\chromedriver-win32/chromedriver.exe] found in cache
2025-05-15 15:12:57,260 - INFO - ====== WebDriver manager ======
2025-05-15 15:12:58,710 - INFO - Get LATEST chromedriver version for google-chrome
2025-05-15 15:13:03,026 - INFO - Get LATEST chromedriver version for google-chrome
2025-05-15 15:13:03,357 - INFO - Driver [C:\Users\Stass\.wdm\drivers\chromedriver\win64\136.0.7103.94\chromedriver-win32/chromedriver.exe] found in cache
2025-05-15 15:13:55,838 - INFO - ====== WebDriver manager ======
2025-05-15 15:13:57,267 - INFO - Get LATEST chromedriver version for google-chrome
2025-05-15 15:14:01,576 - INFO - Get LATEST chromedriver version for google-chrome
2025-05-15 15:14:01,888 - INFO - Driver [C:\Users\Stass\.wdm\drivers\chromedriver\win64\136.0.7103.94\chromedriver-win32/chromedriver.exe] found in cache
2025-05-15 15:15:24,777 - ERROR - Element with locator ('css selector', '#instanceV\\.756 > input') not visible.
2025-05-15 15:15:41,021 - INFO - ====== WebDriver manager ======
2025-05-15 15:15:42,456 - INFO - Get LATEST chromedriver version for google-chrome
2025-05-15 15:15:46,760 - INFO - Get LATEST chromedriver version for google-chrome
2025-05-15 15:15:47,003 - INFO - Driver [C:\Users\Stass\.wdm\drivers\chromedriver\win64\136.0.7103.94\chromedriver-win32/chromedriver.exe] found in cache
2025-05-15 15:16:14,168 - WARNING - Retrying (Retry(total=2, connect=None, read=None, redirect=None, status=None)) after connection broken by 'NewConnectionError('<urllib3.connection.HTTPConnection object at 0x000001CE196E10D0>: Failed to establish a new connection: [WinError 10061] Подключение не установлено, т.к. конечный компьютер отверг запрос на подключение')': /session/a227c8e81512691197c84b175559049b
2025-05-15 15:16:18,269 - WARNING - Retrying (Retry(total=1, connect=None, read=None, redirect=None, status=None)) after connection broken by 'NewConnectionError('<urllib3.connection.HTTPConnection object at 0x000001CE196E0490>: Failed to establish a new connection: [WinError 10061] Подключение не установлено, т.к. конечный компьютер отверг запрос на подключение')': /session/a227c8e81512691197c84b175559049b
2025-05-15 15:16:22,353 - WARNING - Retrying (Retry(total=0, connect=None, read=None, redirect=None, status=None)) after connection broken by 'NewConnectionError('<urllib3.connection.HTTPConnection object at 0x000001CE196E2DD0>: Failed to establish a new connection: [WinError 10061] Подключение не установлено, т.к. конечный компьютер отверг запрос на подключение')': /session/a227c8e81512691197c84b175559049b
2025-05-15 15:16:30,474 - INFO - ====== WebDriver manager ======
2025-05-15 15:16:33,165 - INFO - Get LATEST chromedriver version for google-chrome
2025-05-15 15:16:37,511 - INFO - Get LATEST chromedriver version for google-chrome
2025-05-15 15:16:37,829 - INFO - Driver [C:\Users\Stass\.wdm\drivers\chromedriver\win64\136.0.7103.94\chromedriver-win32/chromedriver.exe] found in cache
2025-05-15 15:17:01,973 - WARNING - Retrying (Retry(total=2, connect=None, read=None, redirect=None, status=None)) after connection broken by 'NewConnectionError('<urllib3.connection.HTTPConnection object at 0x000001CE196E2550>: Failed to establish a new connection: [WinError 10061] Подключение не установлено, т.к. конечный компьютер отверг запрос на подключение')': /session/75349b953e91f244c5f15fd456c1d855
2025-05-15 15:17:06,052 - WARNING - Retrying (Retry(total=1, connect=None, read=None, redirect=None, status=None)) after connection broken by 'NewConnectionError('<urllib3.connection.HTTPConnection object at 0x000001CE196E3990>: Failed to establish a new connection: [WinError 10061] Подключение не установлено, т.к. конечный компьютер отверг запрос на подключение')': /session/75349b953e91f244c5f15fd456c1d855
2025-05-15 15:17:10,121 - WARNING - Retrying (Retry(total=0, connect=None, read=None, redirect=None, status=None)) after connection broken by 'NewConnectionError('<urllib3.connection.HTTPConnection object at 0x000001CE196B8110>: Failed to establish a new connection: [WinError 10061] Подключение не установлено, т.к. конечный компьютер отверг запрос на подключение')': /session/75349b953e91f244c5f15fd456c1d855
2025-05-15 15:17:18,260 - INFO - ====== WebDriver manager ======
2025-05-15 15:17:19,795 - INFO - Get LATEST chromedriver version for google-chrome
2025-05-15 15:17:24,141 - INFO - Get LATEST chromedriver version for google-chrome
2025-05-15 15:17:24,448 - INFO - Driver [C:\Users\Stass\.wdm\drivers\chromedriver\win64\136.0.7103.94\chromedriver-win32/chromedriver.exe] found in cache
2025-05-15 15:17:43,118 - WARNING - Retrying (Retry(total=2, connect=None, read=None, redirect=None, status=None)) after connection broken by 'NewConnectionError('<urllib3.connection.HTTPConnection object at 0x000001CE19680350>: Failed to establish a new connection: [WinError 10061] Подключение не установлено, т.к. конечный компьютер отверг запрос на подключение')': /session/0c735b7c2e1c86bcc7eff37adbac3831
2025-05-15 15:17:47,200 - WARNING - Retrying (Retry(total=1, connect=None, read=None, redirect=None, status=None)) after connection broken by 'NewConnectionError('<urllib3.connection.HTTPConnection object at 0x000001CE19680990>: Failed to establish a new connection: [WinError 10061] Подключение не установлено, т.к. конечный компьютер отверг запрос на подключение')': /session/0c735b7c2e1c86bcc7eff37adbac3831
2025-05-15 15:17:51,270 - WARNING - Retrying (Retry(total=0, connect=None, read=None, redirect=None, status=None)) after connection broken by 'NewConnectionError('<urllib3.connection.HTTPConnection object at 0x000001CE19681350>: Failed to establish a new connection: [WinError 10061] Подключение не установлено, т.к. конечный компьютер отверг запрос на подключение')': /session/0c735b7c2e1c86bcc7eff37adbac3831
2025-05-15 15:17:59,397 - INFO - ====== WebDriver manager ======
2025-05-15 15:18:00,934 - INFO - Get LATEST chromedriver version for google-chrome
2025-05-15 15:18:05,259 - INFO - Get LATEST chromedriver version for google-chrome
2025-05-15 15:18:05,514 - INFO - Driver [C:\Users\Stass\.wdm\drivers\chromedriver\win64\136.0.7103.94\chromedriver-win32/chromedriver.exe] found in cache
2025-05-15 15:18:27,451 - WARNING - Retrying (Retry(total=2, connect=None, read=None, redirect=None, status=None)) after connection broken by 'NewConnectionError('<urllib3.connection.HTTPConnection object at 0x000001CE196B7150>: Failed to establish a new connection: [WinError 10061] Подключение не установлено, т.к. конечный компьютер отверг запрос на подключение')': /session/8283cf330afc3ab321ec22b7c4f65aac
2025-05-15 15:18:31,539 - WARNING - Retrying (Retry(total=1, connect=None, read=None, redirect=None, status=None)) after connection broken by 'NewConnectionError('<urllib3.connection.HTTPConnection object at 0x000001CE196B6210>: Failed to establish a new connection: [WinError 10061] Подключение не установлено, т.к. конечный компьютер отверг запрос на подключение')': /session/8283cf330afc3ab321ec22b7c4f65aac
2025-05-15 15:18:35,619 - WARNING - Retrying (Retry(total=0, connect=None, read=None, redirect=None, status=None)) after connection broken by 'NewConnectionError('<urllib3.connection.HTTPConnection object at 0x000001CE196B6590>: Failed to establish a new connection: [WinError 10061] Подключение не установлено, т.к. конечный компьютер отверг запрос на подключение')': /session/8283cf330afc3ab321ec22b7c4f65aac
2025-05-15 15:18:43,746 - INFO - ====== WebDriver manager ======
2025-05-15 15:18:45,281 - INFO - Get LATEST chromedriver version for google-chrome
2025-05-15 15:18:49,603 - INFO - Get LATEST chromedriver version for google-chrome
2025-05-15 15:18:49,864 - INFO - Driver [C:\Users\Stass\.wdm\drivers\chromedriver\win64\136.0.7103.94\chromedriver-win32/chromedriver.exe] found in cache
2025-05-15 15:19:09,041 - WARNING - Retrying (Retry(total=2, connect=None, read=None, redirect=None, status=None)) after connection broken by 'NewConnectionError('<urllib3.connection.HTTPConnection object at 0x000001CE191E3210>: Failed to establish a new connection: [WinError 10061] Подключение не установлено, т.к. конечный компьютер отверг запрос на подключение')': /session/2cf9d07360720500fc780e538b4fda10
2025-05-15 15:19:13,114 - WARNING - Retrying (Retry(total=1, connect=None, read=None, redirect=None, status=None)) after connection broken by 'NewConnectionError('<urllib3.connection.HTTPConnection object at 0x000001CE19681950>: Failed to establish a new connection: [WinError 10061] Подключение не установлено, т.к. конечный компьютер отверг запрос на подключение')': /session/2cf9d07360720500fc780e538b4fda10
2025-05-15 15:19:17,205 - WARNING - Retrying (Retry(total=0, connect=None, read=None, redirect=None, status=None)) after connection broken by 'NewConnectionError('<urllib3.connection.HTTPConnection object at 0x000001CE19682850>: Failed to establish a new connection: [WinError 10061] Подключение не установлено, т.к. конечный компьютер отверг запрос на подключение')': /session/2cf9d07360720500fc780e538b4fda10
2025-05-15 15:19:25,351 - INFO - ====== WebDriver manager ======
2025-05-15 15:19:26,947 - INFO - Get LATEST chromedriver version for google-chrome
2025-05-15 15:19:31,283 - INFO - Get LATEST chromedriver version for google-chrome
2025-05-15 15:19:31,597 - INFO - Driver [C:\Users\Stass\.wdm\drivers\chromedriver\win64\136.0.7103.94\chromedriver-win32/chromedriver.exe] found in cache
2025-05-15 15:19:48,425 - WARNING - Retrying (Retry(total=2, connect=None, read=None, redirect=None, status=None)) after connection broken by 'NewConnectionError('<urllib3.connection.HTTPConnection object at 0x000001CE196B9050>: Failed to establish a new connection: [WinError 10061] Подключение не установлено, т.к. конечный компьютер отверг запрос на подключение')': /session/389d774a25312b38a4976d192bfc2928
2025-05-15 15:19:52,507 - WARNING - Retrying (Retry(total=1, connect=None, read=None, redirect=None, status=None)) after connection broken by 'NewConnectionError('<urllib3.connection.HTTPConnection object at 0x000001CE196BBBD0>: Failed to establish a new connection: [WinError 10061] Подключение не установлено, т.к. конечный компьютер отверг запрос на подключение')': /session/389d774a25312b38a4976d192bfc2928
2025-05-15 15:19:56,561 - WARNING - Retrying (Retry(total=0, connect=None, read=None, redirect=None, status=None)) after connection broken by 'NewConnectionError('<urllib3.connection.HTTPConnection object at 0x000001CE196B94D0>: Failed to establish a new connection: [WinError 10061] Подключение не установлено, т.к. конечный компьютер отверг запрос на подключение')': /session/389d774a25312b38a4976d192bfc2928
2025-05-15 15:20:04,763 - INFO - ====== WebDriver manager ======
2025-05-15 15:20:06,530 - INFO - Get LATEST chromedriver version for google-chrome
2025-05-15 15:20:10,946 - INFO - Get LATEST chromedriver version for google-chrome
2025-05-15 15:20:11,263 - INFO - Driver [C:\Users\Stass\.wdm\drivers\chromedriver\win64\136.0.7103.94\chromedriver-win32/chromedriver.exe] found in cache
2025-05-15 15:20:30,486 - WARNING - Retrying (Retry(total=2, connect=None, read=None, redirect=None, status=None)) after connection broken by 'NewConnectionError('<urllib3.connection.HTTPConnection object at 0x000001CE191F2190>: Failed to establish a new connection: [WinError 10061] Подключение не установлено, т.к. конечный компьютер отверг запрос на подключение')': /session/c752f646199e4af91fa5a11498a26c48
2025-05-15 15:20:34,562 - WARNING - Retrying (Retry(total=1, connect=None, read=None, redirect=None, status=None)) after connection broken by 'NewConnectionError('<urllib3.connection.HTTPConnection object at 0x000001CE191D0410>: Failed to establish a new connection: [WinError 10061] Подключение не установлено, т.к. конечный компьютер отверг запрос на подключение')': /session/c752f646199e4af91fa5a11498a26c48
2025-05-15 15:20:38,661 - WARNING - Retrying (Retry(total=0, connect=None, read=None, redirect=None, status=None)) after connection broken by 'NewConnectionError('<urllib3.connection.HTTPConnection object at 0x000001CE191D0490>: Failed to establish a new connection: [WinError 10061] Подключение не установлено, т.к. конечный компьютер отверг запрос на подключение')': /session/c752f646199e4af91fa5a11498a26c48
2025-05-15 15:20:46,817 - INFO - ====== WebDriver manager ======
2025-05-15 15:20:48,289 - INFO - Get LATEST chromedriver version for google-chrome
2025-05-15 15:20:52,693 - INFO - Get LATEST chromedriver version for google-chrome
2025-05-15 15:20:52,947 - INFO - Driver [C:\Users\Stass\.wdm\drivers\chromedriver\win64\136.0.7103.94\chromedriver-win32/chromedriver.exe] found in cache
2025-05-15 15:21:53,851 - ERROR - Element with locator ('class name', 'p-button.p-component.w-100') not clickable.
2025-05-15 15:22:31,049 - ERROR - Element with locator <selenium.webdriver.remote.webelement.WebElement (session="4b0bde700c0d36442366e04574b54f98", element="f.1837A2E039AB6EACF997B0D749DCDA65.d.660F25227A6187A4F9E8E661EECB6C62.e.75707")> not clickable after 30 seconds.
2025-05-15 15:22:36,929 - ERROR - Element with locator ('css selector', '[aria-posinset="1"]') not found.
2025-05-18 09:02:57,797 - INFO - ====== WebDriver manager ======
2025-05-18 09:02:59,814 - INFO - Get LATEST chromedriver version for google-chrome
2025-05-18 09:03:00,254 - INFO - Get LATEST chromedriver version for google-chrome
2025-05-18 09:03:00,605 - INFO - Get LATEST chromedriver version for google-chrome
2025-05-18 09:03:01,388 - INFO - WebDriver version 136.0.7103.94 selected
2025-05-18 09:03:01,392 - INFO - Modern chrome version https://storage.googleapis.com/chrome-for-testing-public/136.0.7103.94/win32/chromedriver-win32.zip
2025-05-18 09:03:01,394 - INFO - About to download new driver from https://storage.googleapis.com/chrome-for-testing-public/136.0.7103.94/win32/chromedriver-win32.zip
2025-05-18 09:03:01,808 - INFO - Driver downloading response is 200
2025-05-18 09:03:07,634 - INFO - Get LATEST chromedriver version for google-chrome
2025-05-18 09:03:08,499 - INFO - Driver has been saved in cache [C:\Users\Stass\.wdm\drivers\chromedriver\win64\136.0.7103.94]
2025-05-18 09:03:29,797 - INFO - Старт проверки "Продажа техники из магазина за наличку"
2025-05-18 09:03:35,853 - INFO - Переход в магазин
2025-05-18 09:03:38,873 - INFO - Открытие фильтра справа и сортировка для продажи товаров (не ЮИ)
2025-05-18 09:03:57,065 - INFO - Продажа товара из магазина (не ЮИ)
2025-05-18 09:04:23,814 - INFO - Печать документа
2025-05-18 09:04:29,778 - INFO - Печать чека создания "догов потребит займа"
2025-05-18 09:04:46,379 - INFO - Проверка статуса продажи товара (печати чека)
2025-05-18 09:04:53,585 - INFO - Переход в карточку товара из печати чека
2025-05-18 09:05:02,737 - INFO - Проверка статуса "Нет в наличии" в карточке товара
2025-05-18 09:05:03,838 - INFO - Проверка состояния "Продан" в карточке товара
2025-05-18 09:05:04,585 - INFO - Продажа техники из магазина за наличку завершена успешно
2025-05-18 09:05:16,825 - INFO - ====== WebDriver manager ======
2025-05-18 09:05:20,358 - INFO - Get LATEST chromedriver version for google-chrome
2025-05-18 09:05:24,740 - INFO - Get LATEST chromedriver version for google-chrome
2025-05-18 09:05:25,070 - INFO - Driver [C:\Users\Stass\.wdm\drivers\chromedriver\win64\136.0.7103.94\chromedriver-win32/chromedriver.exe] found in cache
2025-05-18 09:08:35,518 - ERROR - Element with locator ('css selector', 'div.content-page li:nth-child(3) div.w-100 div') still visible after 30 seconds.
2025-05-18 09:08:45,507 - INFO - ====== WebDriver manager ======
2025-05-18 09:08:47,247 - INFO - Get LATEST chromedriver version for google-chrome
2025-05-18 09:08:51,619 - INFO - Get LATEST chromedriver version for google-chrome
2025-05-18 09:08:51,945 - INFO - Driver [C:\Users\Stass\.wdm\drivers\chromedriver\win64\136.0.7103.94\chromedriver-win32/chromedriver.exe] found in cache
2025-05-18 09:11:04,547 - ERROR - Element with locator ('css selector', '[class="p-button p-component p-button-icon-only p-speeddial-button p-button-rounded"]') not clickable after 30 seconds.
2025-05-18 09:11:09,029 - INFO - ====== WebDriver manager ======
2025-05-18 09:11:11,193 - INFO - Get LATEST chromedriver version for google-chrome
2025-05-18 09:11:11,515 - INFO - Get LATEST chromedriver version for google-chrome
2025-05-18 09:11:11,952 - INFO - Driver [C:\Users\Stass\.wdm\drivers\chromedriver\win64\136.0.7103.94\chromedriver-win32/chromedriver.exe] found in cache
2025-05-18 09:13:39,369 - ERROR - Element with locator ('css selector', 'div.content-page li:nth-child(3) div.w-100 div') still visible after 30 seconds.
2025-05-18 09:13:48,917 - INFO - ====== WebDriver manager ======
2025-05-18 09:13:50,607 - INFO - Get LATEST chromedriver version for google-chrome
2025-05-18 09:13:54,979 - INFO - Get LATEST chromedriver version for google-chrome
2025-05-18 09:13:55,279 - INFO - Driver [C:\Users\Stass\.wdm\drivers\chromedriver\win64\136.0.7103.94\chromedriver-win32/chromedriver.exe] found in cache
2025-05-18 09:15:10,193 - ERROR - Element with locator ('css selector', '[aria-posinset="1"]') not found.
2025-05-18 09:15:31,859 - INFO - ====== WebDriver manager ======
2025-05-18 09:15:34,077 - INFO - Get LATEST chromedriver version for google-chrome
2025-05-18 09:15:34,351 - INFO - Get LATEST chromedriver version for google-chrome
2025-05-18 09:15:34,625 - INFO - Driver [C:\Users\Stass\.wdm\drivers\chromedriver\win64\136.0.7103.94\chromedriver-win32/chromedriver.exe] found in cache
2025-05-18 09:18:24,881 - ERROR - Element with locator ('css selector', 'div.content-page li:nth-child(3) div.w-100 div') still visible after 30 seconds.
2025-05-18 09:18:33,315 - INFO - ====== WebDriver manager ======
2025-05-18 09:18:35,745 - INFO - Get LATEST chromedriver version for google-chrome
2025-05-18 09:18:40,089 - INFO - Get LATEST chromedriver version for google-chrome
2025-05-18 09:18:40,414 - INFO - Driver [C:\Users\Stass\.wdm\drivers\chromedriver\win64\136.0.7103.94\chromedriver-win32/chromedriver.exe] found in cache
2025-05-18 09:20:03,727 - ERROR - Element with locator ('css selector', '[aria-label="Далее"]') not clickable.
2025-05-18 09:21:25,675 - ERROR - Element with locator ('css selector', '#instanceV\\.756 > input') not visible.
2025-05-18 09:22:03,371 - ERROR - Element with locator ('css selector', '.p-speeddial-action-icon.pi.pi-user-plus') not clickable after 30 seconds.
2025-05-18 09:22:12,251 - INFO - ====== WebDriver manager ======
2025-05-18 09:22:14,063 - INFO - Get LATEST chromedriver version for google-chrome
2025-05-18 09:22:14,651 - INFO - Get LATEST chromedriver version for google-chrome
2025-05-18 09:22:14,968 - INFO - Driver [C:\Users\Stass\.wdm\drivers\chromedriver\win64\136.0.7103.94\chromedriver-win32/chromedriver.exe] found in cache
2025-05-18 09:23:19,689 - INFO - ====== WebDriver manager ======
2025-05-18 09:23:22,029 - INFO - Get LATEST chromedriver version for google-chrome
2025-05-18 09:23:26,371 - INFO - Get LATEST chromedriver version for google-chrome
2025-05-18 09:23:26,667 - INFO - Driver [C:\Users\Stass\.wdm\drivers\chromedriver\win64\136.0.7103.94\chromedriver-win32/chromedriver.exe] found in cache
2025-05-18 09:24:17,007 - ERROR - Element with locator ('class name', 'p-button.p-component.mt-2.p-button-warning') not clickable after 30 seconds.
2025-05-18 09:24:19,647 - INFO - ====== WebDriver manager ======
2025-05-18 09:24:22,035 - INFO - Get LATEST chromedriver version for google-chrome
2025-05-18 09:24:22,691 - INFO - Get LATEST chromedriver version for google-chrome
2025-05-18 09:24:22,949 - INFO - Driver [C:\Users\Stass\.wdm\drivers\chromedriver\win64\136.0.7103.94\chromedriver-win32/chromedriver.exe] found in cache
2025-05-18 09:25:26,601 - INFO - ====== WebDriver manager ======
2025-05-18 09:25:28,232 - INFO - Get LATEST chromedriver version for google-chrome
2025-05-18 09:25:32,525 - INFO - Get LATEST chromedriver version for google-chrome
2025-05-18 09:25:32,772 - INFO - Driver [C:\Users\Stass\.wdm\drivers\chromedriver\win64\136.0.7103.94\chromedriver-win32/chromedriver.exe] found in cache
2025-05-18 09:26:24,149 - INFO - ====== WebDriver manager ======
2025-05-18 09:26:26,027 - INFO - Get LATEST chromedriver version for google-chrome
2025-05-18 09:26:30,415 - INFO - Get LATEST chromedriver version for google-chrome
2025-05-18 09:26:30,724 - INFO - Driver [C:\Users\Stass\.wdm\drivers\chromedriver\win64\136.0.7103.94\chromedriver-win32/chromedriver.exe] found in cache
2025-05-18 09:28:03,721 - ERROR - Element with locator ('css selector', '#instanceV\\.756 > input') not visible.
2025-05-18 09:28:28,658 - INFO - ====== WebDriver manager ======
2025-05-18 09:28:30,417 - INFO - Get LATEST chromedriver version for google-chrome
2025-05-18 09:28:34,730 - INFO - Get LATEST chromedriver version for google-chrome
2025-05-18 09:28:35,025 - INFO - Driver [C:\Users\Stass\.wdm\drivers\chromedriver\win64\136.0.7103.94\chromedriver-win32/chromedriver.exe] found in cache
2025-05-18 09:29:02,919 - WARNING - Retrying (Retry(total=2, connect=None, read=None, redirect=None, status=None)) after connection broken by 'NewConnectionError('<urllib3.connection.HTTPConnection object at 0x000002D7D0143910>: Failed to establish a new connection: [WinError 10061] Подключение не установлено, т.к. конечный компьютер отверг запрос на подключение')': /session/da13511a4f9eac005ad6f984d425bf51
2025-05-18 09:29:06,992 - WARNING - Retrying (Retry(total=1, connect=None, read=None, redirect=None, status=None)) after connection broken by 'NewConnectionError('<urllib3.connection.HTTPConnection object at 0x000002D7D0140A50>: Failed to establish a new connection: [WinError 10061] Подключение не установлено, т.к. конечный компьютер отверг запрос на подключение')': /session/da13511a4f9eac005ad6f984d425bf51
2025-05-18 09:29:11,073 - WARNING - Retrying (Retry(total=0, connect=None, read=None, redirect=None, status=None)) after connection broken by 'NewConnectionError('<urllib3.connection.HTTPConnection object at 0x000002D7D0143E10>: Failed to establish a new connection: [WinError 10061] Подключение не установлено, т.к. конечный компьютер отверг запрос на подключение')': /session/da13511a4f9eac005ad6f984d425bf51
2025-05-18 09:29:19,208 - INFO - ====== WebDriver manager ======
2025-05-18 09:29:21,025 - INFO - Get LATEST chromedriver version for google-chrome
2025-05-18 09:29:25,391 - INFO - Get LATEST chromedriver version for google-chrome
2025-05-18 09:29:25,646 - INFO - Driver [C:\Users\Stass\.wdm\drivers\chromedriver\win64\136.0.7103.94\chromedriver-win32/chromedriver.exe] found in cache
2025-05-18 09:29:44,510 - WARNING - Retrying (Retry(total=2, connect=None, read=None, redirect=None, status=None)) after connection broken by 'NewConnectionError('<urllib3.connection.HTTPConnection object at 0x000002D7D016FA50>: Failed to establish a new connection: [WinError 10061] Подключение не установлено, т.к. конечный компьютер отверг запрос на подключение')': /session/95c0710ecff217c940ad9f36fe5fdc72
2025-05-18 09:29:48,601 - WARNING - Retrying (Retry(total=1, connect=None, read=None, redirect=None, status=None)) after connection broken by 'NewConnectionError('<urllib3.connection.HTTPConnection object at 0x000002D7D016F550>: Failed to establish a new connection: [WinError 10061] Подключение не установлено, т.к. конечный компьютер отверг запрос на подключение')': /session/95c0710ecff217c940ad9f36fe5fdc72
2025-05-18 09:29:52,695 - WARNING - Retrying (Retry(total=0, connect=None, read=None, redirect=None, status=None)) after connection broken by 'NewConnectionError('<urllib3.connection.HTTPConnection object at 0x000002D7CE2FC110>: Failed to establish a new connection: [WinError 10061] Подключение не установлено, т.к. конечный компьютер отверг запрос на подключение')': /session/95c0710ecff217c940ad9f36fe5fdc72
2025-05-18 09:30:00,782 - INFO - ====== WebDriver manager ======
2025-05-18 09:30:02,732 - INFO - Get LATEST chromedriver version for google-chrome
2025-05-18 09:30:07,119 - INFO - Get LATEST chromedriver version for google-chrome
2025-05-18 09:30:07,377 - INFO - Driver [C:\Users\Stass\.wdm\drivers\chromedriver\win64\136.0.7103.94\chromedriver-win32/chromedriver.exe] found in cache
2025-05-18 09:31:28,397 - WARNING - Retrying (Retry(total=2, connect=None, read=None, redirect=None, status=None)) after connection broken by 'NewConnectionError('<urllib3.connection.HTTPConnection object at 0x000002D7D0143010>: Failed to establish a new connection: [WinError 10061] Подключение не установлено, т.к. конечный компьютер отверг запрос на подключение')': /session/502b678598d0500db30383ce863911da
2025-05-18 09:31:32,499 - WARNING - Retrying (Retry(total=1, connect=None, read=None, redirect=None, status=None)) after connection broken by 'NewConnectionError('<urllib3.connection.HTTPConnection object at 0x000002D7CE2C3990>: Failed to establish a new connection: [WinError 10061] Подключение не установлено, т.к. конечный компьютер отверг запрос на подключение')': /session/502b678598d0500db30383ce863911da
2025-05-18 09:31:36,570 - WARNING - Retrying (Retry(total=0, connect=None, read=None, redirect=None, status=None)) after connection broken by 'NewConnectionError('<urllib3.connection.HTTPConnection object at 0x000002D7CE2C0410>: Failed to establish a new connection: [WinError 10061] Подключение не установлено, т.к. конечный компьютер отверг запрос на подключение')': /session/502b678598d0500db30383ce863911da
2025-05-18 09:31:44,732 - INFO - ====== WebDriver manager ======
2025-05-18 09:31:46,399 - INFO - Get LATEST chromedriver version for google-chrome
2025-05-18 09:31:50,791 - INFO - Get LATEST chromedriver version for google-chrome
2025-05-18 09:31:51,050 - INFO - Driver [C:\Users\Stass\.wdm\drivers\chromedriver\win64\136.0.7103.94\chromedriver-win32/chromedriver.exe] found in cache
2025-05-18 09:32:09,887 - WARNING - Retrying (Retry(total=2, connect=None, read=None, redirect=None, status=None)) after connection broken by 'NewConnectionError('<urllib3.connection.HTTPConnection object at 0x000002D7CE2FD810>: Failed to establish a new connection: [WinError 10061] Подключение не установлено, т.к. конечный компьютер отверг запрос на подключение')': /session/ff4be801c556fb5f5293ec77a6dbbbcd
2025-05-18 09:32:13,947 - WARNING - Retrying (Retry(total=1, connect=None, read=None, redirect=None, status=None)) after connection broken by 'NewConnectionError('<urllib3.connection.HTTPConnection object at 0x000002D7CE2FDD90>: Failed to establish a new connection: [WinError 10061] Подключение не установлено, т.к. конечный компьютер отверг запрос на подключение')': /session/ff4be801c556fb5f5293ec77a6dbbbcd
2025-05-18 09:32:18,023 - WARNING - Retrying (Retry(total=0, connect=None, read=None, redirect=None, status=None)) after connection broken by 'NewConnectionError('<urllib3.connection.HTTPConnection object at 0x000002D7CE2FCE10>: Failed to establish a new connection: [WinError 10061] Подключение не установлено, т.к. конечный компьютер отверг запрос на подключение')': /session/ff4be801c556fb5f5293ec77a6dbbbcd
2025-05-18 09:32:26,173 - INFO - ====== WebDriver manager ======
2025-05-18 09:32:27,840 - INFO - Get LATEST chromedriver version for google-chrome
2025-05-18 09:32:32,170 - INFO - Get LATEST chromedriver version for google-chrome
2025-05-18 09:32:32,423 - INFO - Driver [C:\Users\Stass\.wdm\drivers\chromedriver\win64\136.0.7103.94\chromedriver-win32/chromedriver.exe] found in cache
2025-05-18 09:32:53,340 - WARNING - Retrying (Retry(total=2, connect=None, read=None, redirect=None, status=None)) after connection broken by 'NewConnectionError('<urllib3.connection.HTTPConnection object at 0x000002D7CE2FEC50>: Failed to establish a new connection: [WinError 10061] Подключение не установлено, т.к. конечный компьютер отверг запрос на подключение')': /session/83ead01e77f12196b41af350e7d1d742
2025-05-18 09:32:57,427 - WARNING - Retrying (Retry(total=1, connect=None, read=None, redirect=None, status=None)) after connection broken by 'NewConnectionError('<urllib3.connection.HTTPConnection object at 0x000002D7CE2FF4D0>: Failed to establish a new connection: [WinError 10061] Подключение не установлено, т.к. конечный компьютер отверг запрос на подключение')': /session/83ead01e77f12196b41af350e7d1d742
2025-05-18 09:33:01,478 - WARNING - Retrying (Retry(total=0, connect=None, read=None, redirect=None, status=None)) after connection broken by 'NewConnectionError('<urllib3.connection.HTTPConnection object at 0x000002D7CE2576D0>: Failed to establish a new connection: [WinError 10061] Подключение не установлено, т.к. конечный компьютер отверг запрос на подключение')': /session/83ead01e77f12196b41af350e7d1d742
2025-05-18 09:33:09,628 - INFO - ====== WebDriver manager ======
2025-05-18 09:33:12,362 - INFO - Get LATEST chromedriver version for google-chrome
2025-05-18 09:33:16,736 - INFO - Get LATEST chromedriver version for google-chrome
2025-05-18 09:33:17,010 - INFO - Driver [C:\Users\Stass\.wdm\drivers\chromedriver\win64\136.0.7103.94\chromedriver-win32/chromedriver.exe] found in cache
2025-05-18 09:33:37,383 - WARNING - Retrying (Retry(total=2, connect=None, read=None, redirect=None, status=None)) after connection broken by 'NewConnectionError('<urllib3.connection.HTTPConnection object at 0x000002D7D011FB90>: Failed to establish a new connection: [WinError 10061] Подключение не установлено, т.к. конечный компьютер отверг запрос на подключение')': /session/6672f9b7a492a747c141be5729a30868
2025-05-18 09:33:41,465 - WARNING - Retrying (Retry(total=1, connect=None, read=None, redirect=None, status=None)) after connection broken by 'NewConnectionError('<urllib3.connection.HTTPConnection object at 0x000002D7D011D9D0>: Failed to establish a new connection: [WinError 10061] Подключение не установлено, т.к. конечный компьютер отверг запрос на подключение')': /session/6672f9b7a492a747c141be5729a30868
2025-05-18 09:33:45,523 - WARNING - Retrying (Retry(total=0, connect=None, read=None, redirect=None, status=None)) after connection broken by 'NewConnectionError('<urllib3.connection.HTTPConnection object at 0x000002D7D011C4D0>: Failed to establish a new connection: [WinError 10061] Подключение не установлено, т.к. конечный компьютер отверг запрос на подключение')': /session/6672f9b7a492a747c141be5729a30868
2025-05-18 09:33:53,663 - INFO - ====== WebDriver manager ======
2025-05-18 09:33:55,485 - INFO - Get LATEST chromedriver version for google-chrome
2025-05-18 09:34:16,150 - INFO - Get LATEST chromedriver version for google-chrome
2025-05-18 09:34:16,452 - INFO - Driver [C:\Users\Stass\.wdm\drivers\chromedriver\win64\136.0.7103.94\chromedriver-win32/chromedriver.exe] found in cache
2025-05-18 09:34:35,189 - WARNING - Retrying (Retry(total=2, connect=None, read=None, redirect=None, status=None)) after connection broken by 'NewConnectionError('<urllib3.connection.HTTPConnection object at 0x000002D7D00B2690>: Failed to establish a new connection: [WinError 10061] Подключение не установлено, т.к. конечный компьютер отверг запрос на подключение')': /session/07963329863caa4f3c305974ac3edb55
2025-05-18 09:34:39,273 - WARNING - Retrying (Retry(total=1, connect=None, read=None, redirect=None, status=None)) after connection broken by 'NewConnectionError('<urllib3.connection.HTTPConnection object at 0x000002D7D00B3C90>: Failed to establish a new connection: [WinError 10061] Подключение не установлено, т.к. конечный компьютер отверг запрос на подключение')': /session/07963329863caa4f3c305974ac3edb55
2025-05-18 09:34:43,341 - WARNING - Retrying (Retry(total=0, connect=None, read=None, redirect=None, status=None)) after connection broken by 'NewConnectionError('<urllib3.connection.HTTPConnection object at 0x000002D7D00B0390>: Failed to establish a new connection: [WinError 10061] Подключение не установлено, т.к. конечный компьютер отверг запрос на подключение')': /session/07963329863caa4f3c305974ac3edb55
2025-05-18 09:34:51,481 - INFO - ====== WebDriver manager ======
2025-05-18 09:34:53,338 - INFO - Get LATEST chromedriver version for google-chrome
2025-05-18 09:34:57,638 - INFO - Get LATEST chromedriver version for google-chrome
2025-05-18 09:34:57,948 - INFO - Driver [C:\Users\Stass\.wdm\drivers\chromedriver\win64\136.0.7103.94\chromedriver-win32/chromedriver.exe] found in cache
2025-05-18 09:45:29,852 - INFO - ====== WebDriver manager ======
2025-05-18 09:45:31,653 - INFO - Get LATEST chromedriver version for google-chrome
2025-05-18 09:45:32,036 - INFO - Get LATEST chromedriver version for google-chrome
2025-05-18 09:45:32,354 - INFO - Driver [C:\Users\Stass\.wdm\drivers\chromedriver\win64\136.0.7103.94\chromedriver-win32/chromedriver.exe] found in cache
2025-05-18 10:38:51,569 - INFO - ====== WebDriver manager ======
2025-05-18 10:38:53,637 - INFO - Get LATEST chromedriver version for google-chrome
2025-05-18 10:38:54,020 - INFO - Get LATEST chromedriver version for google-chrome
2025-05-18 10:38:54,330 - INFO - Driver [C:\Users\Stass\.wdm\drivers\chromedriver\win64\136.0.7103.94\chromedriver-win32/chromedriver.exe] found in cache
2025-05-18 10:39:31,298 - INFO - Старт проверки "Продажа техники из магазина за наличку"
2025-05-18 10:39:56,105 - INFO - Переход в магазин
2025-05-18 10:40:02,389 - INFO - Открытие фильтра справа и сортировка для продажи товаров (не ЮИ)
2025-05-18 10:40:32,619 - INFO - Продажа товара из магазина (не ЮИ)
2025-05-18 10:40:58,121 - INFO - Печать документа
2025-05-18 10:41:02,691 - INFO - Печать чека создания "догов потребит займа"
2025-05-18 10:41:11,071 - INFO - Проверка статуса продажи товара (печати чека)
2025-05-18 10:41:41,568 - ERROR - Element with locator ('css selector', 'div.content-page li:nth-child(3) div.w-100 div') still visible after 30 seconds.
2025-05-18 10:41:48,859 - INFO - Переход в карточку товара из печати чека
2025-05-18 10:41:55,274 - INFO - Проверка статуса "Нет в наличии" в карточке товара
2025-05-18 10:42:29,004 - INFO - ====== WebDriver manager ======
2025-05-18 10:42:31,334 - INFO - Get LATEST chromedriver version for google-chrome
2025-05-18 10:42:31,818 - INFO - Get LATEST chromedriver version for google-chrome
2025-05-18 10:42:32,189 - INFO - Driver [C:\Users\Stass\.wdm\drivers\chromedriver\win64\136.0.7103.94\chromedriver-win32/chromedriver.exe] found in cache
2025-05-18 10:44:56,451 - ERROR - Element with locator ('css selector', 'div.content-page li:nth-child(3) div.w-100 div') still visible after 30 seconds.
2025-05-18 10:45:06,068 - INFO - ====== WebDriver manager ======
2025-05-18 10:45:09,727 - INFO - Get LATEST chromedriver version for google-chrome
2025-05-18 10:45:14,139 - INFO - Get LATEST chromedriver version for google-chrome
2025-05-18 10:45:14,400 - INFO - Driver [C:\Users\Stass\.wdm\drivers\chromedriver\win64\136.0.7103.94\chromedriver-win32/chromedriver.exe] found in cache
2025-05-18 10:47:45,780 - ERROR - Element with locator ('css selector', 'div.content-page li:nth-child(3) div.w-100 div') still visible after 30 seconds.
2025-05-18 10:47:56,948 - INFO - ====== WebDriver manager ======
2025-05-18 10:47:58,942 - INFO - Get LATEST chromedriver version for google-chrome
2025-05-18 10:48:03,324 - INFO - Get LATEST chromedriver version for google-chrome
2025-05-18 10:48:03,648 - INFO - Driver [C:\Users\Stass\.wdm\drivers\chromedriver\win64\136.0.7103.94\chromedriver-win32/chromedriver.exe] found in cache
2025-05-18 10:50:37,920 - ERROR - Element with locator ('css selector', 'div.content-page li:nth-child(3) div.w-100 div') still visible after 30 seconds.
2025-05-18 10:50:47,206 - INFO - ====== WebDriver manager ======
2025-05-18 10:50:48,846 - INFO - Get LATEST chromedriver version for google-chrome
2025-05-18 10:50:53,176 - INFO - Get LATEST chromedriver version for google-chrome
2025-05-18 10:50:55,013 - INFO - Driver [C:\Users\Stass\.wdm\drivers\chromedriver\win64\136.0.7103.94\chromedriver-win32/chromedriver.exe] found in cache
2025-05-18 10:53:56,069 - ERROR - Element with locator ('css selector', '[aria-posinset="1"]') not found.
2025-05-18 10:55:10,160 - ERROR - Element with locator ('css selector', '.p-speeddial-action-icon.pi.pi-user-plus') not clickable after 30 seconds.
2025-05-18 10:55:18,537 - INFO - ====== WebDriver manager ======
2025-05-18 10:55:20,561 - INFO - Get LATEST chromedriver version for google-chrome
2025-05-18 10:55:20,856 - INFO - Get LATEST chromedriver version for google-chrome
2025-05-18 10:55:21,114 - INFO - Driver [C:\Users\Stass\.wdm\drivers\chromedriver\win64\136.0.7103.94\chromedriver-win32/chromedriver.exe] found in cache
2025-05-18 10:57:21,378 - ERROR - Element with locator ('css selector', '[class="p-button p-component p-button-icon-only p-speeddial-button p-button-rounded"]') not clickable after 30 seconds.
2025-05-18 10:57:29,812 - INFO - ====== WebDriver manager ======
2025-05-18 10:57:31,487 - INFO - Get LATEST chromedriver version for google-chrome
2025-05-18 10:57:31,735 - INFO - Get LATEST chromedriver version for google-chrome
2025-05-18 10:57:31,978 - INFO - Driver [C:\Users\Stass\.wdm\drivers\chromedriver\win64\136.0.7103.94\chromedriver-win32/chromedriver.exe] found in cache
2025-05-18 10:58:49,032 - ERROR - Element with locator ('css selector', '[aria-label="Далее"]') not clickable.
2025-05-18 11:00:09,599 - ERROR - Element with locator ('css selector', '#instanceV\\.756 > input') not visible.
2025-05-18 11:01:23,543 - ERROR - Element with locator ('css selector', '[class="p-button p-component p-button-icon-only p-speeddial-button p-button-rounded"]') not clickable after 30 seconds.
2025-05-18 11:01:26,998 - INFO - ====== WebDriver manager ======
2025-05-18 11:01:28,641 - INFO - Get LATEST chromedriver version for google-chrome
2025-05-18 11:01:28,990 - INFO - Get LATEST chromedriver version for google-chrome
2025-05-18 11:01:29,269 - INFO - Driver [C:\Users\Stass\.wdm\drivers\chromedriver\win64\136.0.7103.94\chromedriver-win32/chromedriver.exe] found in cache
2025-05-18 11:02:51,997 - INFO - ====== WebDriver manager ======
2025-05-18 11:02:53,589 - INFO - Get LATEST chromedriver version for google-chrome
2025-05-18 11:02:57,943 - INFO - Get LATEST chromedriver version for google-chrome
2025-05-18 11:02:58,268 - INFO - Driver [C:\Users\Stass\.wdm\drivers\chromedriver\win64\136.0.7103.94\chromedriver-win32/chromedriver.exe] found in cache
2025-05-18 11:03:58,339 - INFO - ====== WebDriver manager ======
2025-05-18 11:03:59,969 - INFO - Get LATEST chromedriver version for google-chrome
2025-05-18 11:04:08,764 - INFO - Get LATEST chromedriver version for google-chrome
2025-05-18 11:04:16,112 - INFO - Driver [C:\Users\Stass\.wdm\drivers\chromedriver\win64\136.0.7103.94\chromedriver-win32/chromedriver.exe] found in cache
2025-05-18 11:05:23,776 - INFO - ====== WebDriver manager ======
2025-05-18 11:05:26,093 - INFO - Get LATEST chromedriver version for google-chrome
2025-05-18 11:05:30,605 - INFO - Get LATEST chromedriver version for google-chrome
2025-05-18 11:05:30,899 - INFO - Driver [C:\Users\Stass\.wdm\drivers\chromedriver\win64\136.0.7103.94\chromedriver-win32/chromedriver.exe] found in cache
2025-05-18 11:06:30,162 - INFO - ====== WebDriver manager ======
2025-05-18 11:06:32,662 - INFO - Get LATEST chromedriver version for google-chrome
2025-05-18 11:06:38,343 - INFO - Get LATEST chromedriver version for google-chrome
2025-05-18 11:06:38,645 - INFO - Driver [C:\Users\Stass\.wdm\drivers\chromedriver\win64\136.0.7103.94\chromedriver-win32/chromedriver.exe] found in cache
2025-05-18 11:07:53,384 - ERROR - Element with locator ('class name', 'p-button.p-component.w-100') not clickable after 30 seconds.
2025-05-18 11:08:40,267 - ERROR - Element with locator ('id', 'instanceV.730') not found.
2025-05-18 11:08:44,760 - INFO - ====== WebDriver manager ======
2025-05-18 11:08:46,431 - INFO - Get LATEST chromedriver version for google-chrome
2025-05-18 11:08:46,834 - INFO - Get LATEST chromedriver version for google-chrome
2025-05-18 11:08:48,135 - INFO - Driver [C:\Users\Stass\.wdm\drivers\chromedriver\win64\136.0.7103.94\chromedriver-win32/chromedriver.exe] found in cache
2025-05-18 11:11:05,411 - INFO - ====== WebDriver manager ======
2025-05-18 11:11:09,652 - INFO - Get LATEST chromedriver version for google-chrome
2025-05-18 11:11:09,984 - INFO - Get LATEST chromedriver version for google-chrome
2025-05-18 11:11:10,365 - INFO - Driver [C:\Users\Stass\.wdm\drivers\chromedriver\win64\136.0.7103.94\chromedriver-win32/chromedriver.exe] found in cache
2025-05-18 11:11:27,577 - WARNING - Retrying (Retry(total=2, connect=None, read=None, redirect=None, status=None)) after connection broken by 'NewConnectionError('<urllib3.connection.HTTPConnection object at 0x000001B52BB14D10>: Failed to establish a new connection: [WinError 10061] Подключение не установлено, т.к. конечный компьютер отверг запрос на подключение')': /session/d3457f66a1884d6e7914c680ffe85efd
2025-05-18 11:11:31,643 - WARNING - Retrying (Retry(total=1, connect=None, read=None, redirect=None, status=None)) after connection broken by 'NewConnectionError('<urllib3.connection.HTTPConnection object at 0x000001B52BB14C10>: Failed to establish a new connection: [WinError 10061] Подключение не установлено, т.к. конечный компьютер отверг запрос на подключение')': /session/d3457f66a1884d6e7914c680ffe85efd
2025-05-18 11:11:35,724 - WARNING - Retrying (Retry(total=0, connect=None, read=None, redirect=None, status=None)) after connection broken by 'NewConnectionError('<urllib3.connection.HTTPConnection object at 0x000001B52BB153D0>: Failed to establish a new connection: [WinError 10061] Подключение не установлено, т.к. конечный компьютер отверг запрос на подключение')': /session/d3457f66a1884d6e7914c680ffe85efd
2025-05-18 11:11:43,862 - INFO - ====== WebDriver manager ======
2025-05-18 11:11:45,582 - INFO - Get LATEST chromedriver version for google-chrome
2025-05-18 11:11:50,110 - INFO - Get LATEST chromedriver version for google-chrome
2025-05-18 11:11:50,426 - INFO - Driver [C:\Users\Stass\.wdm\drivers\chromedriver\win64\136.0.7103.94\chromedriver-win32/chromedriver.exe] found in cache
2025-05-18 11:12:11,143 - WARNING - Retrying (Retry(total=2, connect=None, read=None, redirect=None, status=None)) after connection broken by 'NewConnectionError('<urllib3.connection.HTTPConnection object at 0x000001B52B8C6990>: Failed to establish a new connection: [WinError 10061] Подключение не установлено, т.к. конечный компьютер отверг запрос на подключение')': /session/fb45d78ec093ee1884bb3f13ed84d342
2025-05-18 11:12:15,218 - WARNING - Retrying (Retry(total=1, connect=None, read=None, redirect=None, status=None)) after connection broken by 'NewConnectionError('<urllib3.connection.HTTPConnection object at 0x000001B52B8C7350>: Failed to establish a new connection: [WinError 10061] Подключение не установлено, т.к. конечный компьютер отверг запрос на подключение')': /session/fb45d78ec093ee1884bb3f13ed84d342
2025-05-18 11:12:19,310 - WARNING - Retrying (Retry(total=0, connect=None, read=None, redirect=None, status=None)) after connection broken by 'NewConnectionError('<urllib3.connection.HTTPConnection object at 0x000001B52B8C6E50>: Failed to establish a new connection: [WinError 10061] Подключение не установлено, т.к. конечный компьютер отверг запрос на подключение')': /session/fb45d78ec093ee1884bb3f13ed84d342
2025-05-18 11:12:27,472 - INFO - ====== WebDriver manager ======
2025-05-18 11:12:29,375 - INFO - Get LATEST chromedriver version for google-chrome
2025-05-18 11:12:33,744 - INFO - Get LATEST chromedriver version for google-chrome
2025-05-18 11:12:33,996 - INFO - Driver [C:\Users\Stass\.wdm\drivers\chromedriver\win64\136.0.7103.94\chromedriver-win32/chromedriver.exe] found in cache
2025-05-18 11:12:54,752 - WARNING - Retrying (Retry(total=2, connect=None, read=None, redirect=None, status=None)) after connection broken by 'NewConnectionError('<urllib3.connection.HTTPConnection object at 0x000001B52B8C6AD0>: Failed to establish a new connection: [WinError 10061] Подключение не установлено, т.к. конечный компьютер отверг запрос на подключение')': /session/8d3708b53de6d0cf45471ad65c955d68
2025-05-18 11:12:58,854 - WARNING - Retrying (Retry(total=1, connect=None, read=None, redirect=None, status=None)) after connection broken by 'NewConnectionError('<urllib3.connection.HTTPConnection object at 0x000001B52B8C6FD0>: Failed to establish a new connection: [WinError 10061] Подключение не установлено, т.к. конечный компьютер отверг запрос на подключение')': /session/8d3708b53de6d0cf45471ad65c955d68
2025-05-18 11:13:02,956 - WARNING - Retrying (Retry(total=0, connect=None, read=None, redirect=None, status=None)) after connection broken by 'NewConnectionError('<urllib3.connection.HTTPConnection object at 0x000001B52B8C5290>: Failed to establish a new connection: [WinError 10061] Подключение не установлено, т.к. конечный компьютер отверг запрос на подключение')': /session/8d3708b53de6d0cf45471ad65c955d68
2025-05-18 11:13:11,152 - INFO - ====== WebDriver manager ======
2025-05-18 11:13:12,896 - INFO - Get LATEST chromedriver version for google-chrome
2025-05-18 11:13:17,294 - INFO - Get LATEST chromedriver version for google-chrome
2025-05-18 11:13:17,563 - INFO - Driver [C:\Users\Stass\.wdm\drivers\chromedriver\win64\136.0.7103.94\chromedriver-win32/chromedriver.exe] found in cache
2025-05-18 11:14:03,539 - WARNING - Retrying (Retry(total=2, connect=None, read=None, redirect=None, status=None)) after connection broken by 'NewConnectionError('<urllib3.connection.HTTPConnection object at 0x000001B52B435710>: Failed to establish a new connection: [WinError 10061] Подключение не установлено, т.к. конечный компьютер отверг запрос на подключение')': /session/4e9a73d0019722f63d8b69a68423ecab
2025-05-18 11:14:07,601 - WARNING - Retrying (Retry(total=1, connect=None, read=None, redirect=None, status=None)) after connection broken by 'NewConnectionError('<urllib3.connection.HTTPConnection object at 0x000001B52B46FD90>: Failed to establish a new connection: [WinError 10061] Подключение не установлено, т.к. конечный компьютер отверг запрос на подключение')': /session/4e9a73d0019722f63d8b69a68423ecab
2025-05-18 11:14:11,658 - WARNING - Retrying (Retry(total=0, connect=None, read=None, redirect=None, status=None)) after connection broken by 'NewConnectionError('<urllib3.connection.HTTPConnection object at 0x000001B52B46EA50>: Failed to establish a new connection: [WinError 10061] Подключение не установлено, т.к. конечный компьютер отверг запрос на подключение')': /session/4e9a73d0019722f63d8b69a68423ecab
2025-05-18 11:14:19,838 - INFO - ====== WebDriver manager ======
2025-05-18 11:14:21,534 - INFO - Get LATEST chromedriver version for google-chrome
2025-05-18 11:14:26,971 - INFO - Get LATEST chromedriver version for google-chrome
2025-05-18 11:15:03,338 - INFO - Driver [C:\Users\Stass\.wdm\drivers\chromedriver\win64\136.0.7103.94\chromedriver-win32/chromedriver.exe] found in cache
2025-05-18 11:15:22,526 - WARNING - Retrying (Retry(total=2, connect=None, read=None, redirect=None, status=None)) after connection broken by 'NewConnectionError('<urllib3.connection.HTTPConnection object at 0x000001B52BAFD610>: Failed to establish a new connection: [WinError 10061] Подключение не установлено, т.к. конечный компьютер отверг запрос на подключение')': /session/7cfbf4f61822927be6129e87e359dac2
2025-05-18 11:15:26,594 - WARNING - Retrying (Retry(total=1, connect=None, read=None, redirect=None, status=None)) after connection broken by 'NewConnectionError('<urllib3.connection.HTTPConnection object at 0x000001B52B46F510>: Failed to establish a new connection: [WinError 10061] Подключение не установлено, т.к. конечный компьютер отверг запрос на подключение')': /session/7cfbf4f61822927be6129e87e359dac2
2025-05-18 11:15:30,659 - WARNING - Retrying (Retry(total=0, connect=None, read=None, redirect=None, status=None)) after connection broken by 'NewConnectionError('<urllib3.connection.HTTPConnection object at 0x000001B52B46FB90>: Failed to establish a new connection: [WinError 10061] Подключение не установлено, т.к. конечный компьютер отверг запрос на подключение')': /session/7cfbf4f61822927be6129e87e359dac2
2025-05-18 11:15:38,799 - INFO - ====== WebDriver manager ======
2025-05-18 11:15:40,994 - INFO - Get LATEST chromedriver version for google-chrome
2025-05-18 11:15:46,032 - INFO - Get LATEST chromedriver version for google-chrome
2025-05-18 11:15:46,339 - INFO - Driver [C:\Users\Stass\.wdm\drivers\chromedriver\win64\136.0.7103.94\chromedriver-win32/chromedriver.exe] found in cache
2025-05-18 11:16:09,103 - WARNING - Retrying (Retry(total=2, connect=None, read=None, redirect=None, status=None)) after connection broken by 'NewConnectionError('<urllib3.connection.HTTPConnection object at 0x000001B52B558110>: Failed to establish a new connection: [WinError 10061] Подключение не установлено, т.к. конечный компьютер отверг запрос на подключение')': /session/1221a83f363c20e47928d29927d6b8e6
2025-05-18 11:16:13,168 - WARNING - Retrying (Retry(total=1, connect=None, read=None, redirect=None, status=None)) after connection broken by 'NewConnectionError('<urllib3.connection.HTTPConnection object at 0x000001B52B559A10>: Failed to establish a new connection: [WinError 10061] Подключение не установлено, т.к. конечный компьютер отверг запрос на подключение')': /session/1221a83f363c20e47928d29927d6b8e6
2025-05-18 11:16:17,249 - WARNING - Retrying (Retry(total=0, connect=None, read=None, redirect=None, status=None)) after connection broken by 'NewConnectionError('<urllib3.connection.HTTPConnection object at 0x000001B52B4E7750>: Failed to establish a new connection: [WinError 10061] Подключение не установлено, т.к. конечный компьютер отверг запрос на подключение')': /session/1221a83f363c20e47928d29927d6b8e6
2025-05-18 11:16:25,408 - INFO - ====== WebDriver manager ======
2025-05-18 11:16:27,888 - INFO - Get LATEST chromedriver version for google-chrome
2025-05-18 11:16:32,297 - INFO - Get LATEST chromedriver version for google-chrome
2025-05-18 11:16:32,646 - INFO - Driver [C:\Users\Stass\.wdm\drivers\chromedriver\win64\136.0.7103.94\chromedriver-win32/chromedriver.exe] found in cache
2025-05-18 11:18:33,260 - ERROR - Element with locator ('class name', 'p-button.p-component.w-100') not clickable.
2025-05-18 11:19:11,400 - ERROR - Element with locator <selenium.webdriver.remote.webelement.WebElement (session="265379b6c3570c3e4557b54f6148c6d2", element="f.C51917C016608BCB0FFA8696585F102F.d.29F22B94103DFF0F141B0F94BF9AD345.e.473")> not clickable after 30 seconds.
2025-05-18 11:19:48,383 - ERROR - Element with locator ('css selector', '[aria-posinset="1"]') not found.
2025-05-18 12:47:44,236 - INFO - ====== WebDriver manager ======
2025-05-18 12:47:45,873 - INFO - Get LATEST chromedriver version for google-chrome
2025-05-18 12:47:46,136 - INFO - Get LATEST chromedriver version for google-chrome
2025-05-18 12:47:46,391 - INFO - Driver [C:\Users\Stass\.wdm\drivers\chromedriver\win64\136.0.7103.94\chromedriver-win32/chromedriver.exe] found in cache
2025-05-18 12:48:01,490 - INFO - Старт проверки "Продажа техники из магазина за наличку"
2025-05-18 12:48:08,933 - INFO - Переход в магазин
2025-05-18 12:48:11,681 - INFO - Открытие фильтра справа и сортировка для продажи товаров (не ЮИ)
2025-05-18 12:48:27,093 - INFO - Продажа товара из магазина (не ЮИ)
2025-05-18 12:48:43,317 - INFO - ====== WebDriver manager ======
2025-05-18 12:48:45,094 - INFO - Get LATEST chromedriver version for google-chrome
2025-05-18 12:48:45,412 - INFO - Get LATEST chromedriver version for google-chrome
2025-05-18 12:48:45,703 - INFO - Driver [C:\Users\Stass\.wdm\drivers\chromedriver\win64\136.0.7103.94\chromedriver-win32/chromedriver.exe] found in cache
2025-05-18 12:50:53,643 - ERROR - Element with locator ('css selector', 'div.content-page li:nth-child(3) div.w-100 div') still visible after 30 seconds.
2025-05-18 12:51:02,935 - INFO - ====== WebDriver manager ======
2025-05-18 12:51:04,556 - INFO - Get LATEST chromedriver version for google-chrome
2025-05-18 12:51:09,041 - INFO - Get LATEST chromedriver version for google-chrome
2025-05-18 12:51:09,508 - INFO - Driver [C:\Users\Stass\.wdm\drivers\chromedriver\win64\136.0.7103.94\chromedriver-win32/chromedriver.exe] found in cache
2025-05-18 12:51:49,205 - ERROR - Element with locator ('class name', 'btn.btn-primary') not clickable after 30 seconds.
2025-05-18 12:52:19,618 - ERROR - Element with locator ('id', 'email') not found.
2025-05-18 12:52:50,341 - ERROR - Element with locator ('id', 'password') not found.
2025-05-18 12:52:54,880 - INFO - ====== WebDriver manager ======
2025-05-18 12:52:56,353 - INFO - Get LATEST chromedriver version for google-chrome
2025-05-18 12:52:56,612 - INFO - Get LATEST chromedriver version for google-chrome
2025-05-18 12:52:56,863 - INFO - Driver [C:\Users\Stass\.wdm\drivers\chromedriver\win64\136.0.7103.94\chromedriver-win32/chromedriver.exe] found in cache
2025-05-18 12:55:09,972 - ERROR - Element with locator ('css selector', 'div.content-page li:nth-child(3) div.w-100 div') still visible after 30 seconds.
2025-05-18 12:55:21,071 - INFO - ====== WebDriver manager ======
2025-05-18 12:55:22,665 - INFO - Get LATEST chromedriver version for google-chrome
2025-05-18 12:55:27,078 - INFO - Get LATEST chromedriver version for google-chrome
2025-05-18 12:55:27,387 - INFO - Driver [C:\Users\Stass\.wdm\drivers\chromedriver\win64\136.0.7103.94\chromedriver-win32/chromedriver.exe] found in cache
2025-05-18 12:56:45,187 - ERROR - Element with locator ('css selector', '[aria-posinset="1"]') not found.
2025-05-18 12:58:53,116 - ERROR - Element with locator ('css selector', 'div.content-page li:nth-child(3) div.w-100 div') still visible after 30 seconds.
2025-05-18 12:59:02,611 - INFO - ====== WebDriver manager ======
2025-05-18 12:59:04,081 - INFO - Get LATEST chromedriver version for google-chrome
2025-05-18 12:59:08,513 - INFO - Get LATEST chromedriver version for google-chrome
2025-05-18 12:59:08,784 - INFO - Driver [C:\Users\Stass\.wdm\drivers\chromedriver\win64\136.0.7103.94\chromedriver-win32/chromedriver.exe] found in cache
2025-05-18 13:01:05,018 - ERROR - Element with locator ('css selector', 'div.content-page li:nth-child(3) div.w-100 div') still visible after 30 seconds.
2025-05-18 13:02:02,141 - ERROR - Element with locator ('css selector', 'div.content-page li:nth-child(3) div.w-100 div') still visible after 30 seconds.
2025-05-18 13:02:13,148 - INFO - ====== WebDriver manager ======
2025-05-18 13:02:14,652 - INFO - Get LATEST chromedriver version for google-chrome
2025-05-18 13:02:19,062 - INFO - Get LATEST chromedriver version for google-chrome
2025-05-18 13:02:19,313 - INFO - Driver [C:\Users\Stass\.wdm\drivers\chromedriver\win64\136.0.7103.94\chromedriver-win32/chromedriver.exe] found in cache
2025-05-18 13:03:35,828 - ERROR - Element with locator ('css selector', '[aria-label="Далее"]') not clickable.
2025-05-18 13:04:52,818 - ERROR - Element with locator ('css selector', '#instanceV\\.756 > input') not visible.
2025-05-18 13:07:01,172 - ERROR - Element with locator ('css selector', 'div.content-page li:nth-child(3) div.w-100 div') still visible after 30 seconds.
2025-05-18 13:07:27,328 - INFO - ====== WebDriver manager ======
2025-05-18 13:07:28,846 - INFO - Get LATEST chromedriver version for google-chrome
2025-05-18 13:07:29,177 - INFO - Get LATEST chromedriver version for google-chrome
2025-05-18 13:07:29,507 - INFO - Driver [C:\Users\Stass\.wdm\drivers\chromedriver\win64\136.0.7103.94\chromedriver-win32/chromedriver.exe] found in cache
2025-05-18 13:09:33,977 - INFO - ====== WebDriver manager ======
2025-05-18 13:09:35,521 - INFO - Get LATEST chromedriver version for google-chrome
2025-05-18 13:09:39,927 - INFO - Get LATEST chromedriver version for google-chrome
2025-05-18 13:09:40,229 - INFO - Driver [C:\Users\Stass\.wdm\drivers\chromedriver\win64\136.0.7103.94\chromedriver-win32/chromedriver.exe] found in cache
2025-05-18 13:10:48,209 - INFO - ====== WebDriver manager ======
2025-05-18 13:10:49,695 - INFO - Get LATEST chromedriver version for google-chrome
2025-05-18 13:10:54,108 - INFO - Get LATEST chromedriver version for google-chrome
2025-05-18 13:10:54,415 - INFO - Driver [C:\Users\Stass\.wdm\drivers\chromedriver\win64\136.0.7103.94\chromedriver-win32/chromedriver.exe] found in cache
2025-05-18 13:12:10,708 - INFO - ====== WebDriver manager ======
2025-05-18 13:12:12,192 - INFO - Get LATEST chromedriver version for google-chrome
2025-05-18 13:12:16,604 - INFO - Get LATEST chromedriver version for google-chrome
2025-05-18 13:12:16,941 - INFO - Driver [C:\Users\Stass\.wdm\drivers\chromedriver\win64\136.0.7103.94\chromedriver-win32/chromedriver.exe] found in cache
2025-05-18 13:13:04,326 - INFO - ====== WebDriver manager ======
2025-05-18 13:13:05,801 - INFO - Get LATEST chromedriver version for google-chrome
2025-05-18 13:13:10,199 - INFO - Get LATEST chromedriver version for google-chrome
2025-05-18 13:13:10,467 - INFO - Driver [C:\Users\Stass\.wdm\drivers\chromedriver\win64\136.0.7103.94\chromedriver-win32/chromedriver.exe] found in cache
2025-05-18 13:14:29,687 - ERROR - Element with locator ('css selector', '#instanceV\\.756 > input') not visible.
2025-05-18 13:14:49,307 - INFO - ====== WebDriver manager ======
2025-05-18 13:14:50,844 - INFO - Get LATEST chromedriver version for google-chrome
2025-05-18 13:14:55,166 - INFO - Get LATEST chromedriver version for google-chrome
2025-05-18 13:14:55,520 - INFO - Driver [C:\Users\Stass\.wdm\drivers\chromedriver\win64\136.0.7103.94\chromedriver-win32/chromedriver.exe] found in cache
2025-05-18 13:15:42,214 - WARNING - Retrying (Retry(total=2, connect=None, read=None, redirect=None, status=None)) after connection broken by 'NewConnectionError('<urllib3.connection.HTTPConnection object at 0x0000021141740A10>: Failed to establish a new connection: [WinError 10061] Подключение не установлено, т.к. конечный компьютер отверг запрос на подключение')': /session/aaf87436c30de01f4b4fc7257748ba70
2025-05-18 13:15:46,305 - WARNING - Retrying (Retry(total=1, connect=None, read=None, redirect=None, status=None)) after connection broken by 'NewConnectionError('<urllib3.connection.HTTPConnection object at 0x00000211410EAF10>: Failed to establish a new connection: [WinError 10061] Подключение не установлено, т.к. конечный компьютер отверг запрос на подключение')': /session/aaf87436c30de01f4b4fc7257748ba70
2025-05-18 13:15:50,401 - WARNING - Retrying (Retry(total=0, connect=None, read=None, redirect=None, status=None)) after connection broken by 'NewConnectionError('<urllib3.connection.HTTPConnection object at 0x00000211410EBFD0>: Failed to establish a new connection: [WinError 10061] Подключение не установлено, т.к. конечный компьютер отверг запрос на подключение')': /session/aaf87436c30de01f4b4fc7257748ba70
2025-05-18 13:15:58,549 - INFO - ====== WebDriver manager ======
2025-05-18 13:16:00,078 - INFO - Get LATEST chromedriver version for google-chrome
2025-05-18 13:16:04,436 - INFO - Get LATEST chromedriver version for google-chrome
2025-05-18 13:16:04,744 - INFO - Driver [C:\Users\Stass\.wdm\drivers\chromedriver\win64\136.0.7103.94\chromedriver-win32/chromedriver.exe] found in cache
2025-05-18 13:16:20,652 - WARNING - Retrying (Retry(total=2, connect=None, read=None, redirect=None, status=None)) after connection broken by 'NewConnectionError('<urllib3.connection.HTTPConnection object at 0x000002114168C990>: Failed to establish a new connection: [WinError 10061] Подключение не установлено, т.к. конечный компьютер отверг запрос на подключение')': /session/b291c67b1058a7674839bf530835b51c
2025-05-18 13:16:24,744 - WARNING - Retrying (Retry(total=1, connect=None, read=None, redirect=None, status=None)) after connection broken by 'NewConnectionError('<urllib3.connection.HTTPConnection object at 0x00000211416FB8D0>: Failed to establish a new connection: [WinError 10061] Подключение не установлено, т.к. конечный компьютер отверг запрос на подключение')': /session/b291c67b1058a7674839bf530835b51c
2025-05-18 13:16:28,822 - WARNING - Retrying (Retry(total=0, connect=None, read=None, redirect=None, status=None)) after connection broken by 'NewConnectionError('<urllib3.connection.HTTPConnection object at 0x00000211416FB710>: Failed to establish a new connection: [WinError 10061] Подключение не установлено, т.к. конечный компьютер отверг запрос на подключение')': /session/b291c67b1058a7674839bf530835b51c
2025-05-18 13:16:37,018 - INFO - ====== WebDriver manager ======
2025-05-18 13:16:38,537 - INFO - Get LATEST chromedriver version for google-chrome
2025-05-18 13:16:42,932 - INFO - Get LATEST chromedriver version for google-chrome
2025-05-18 13:16:43,199 - INFO - Driver [C:\Users\Stass\.wdm\drivers\chromedriver\win64\136.0.7103.94\chromedriver-win32/chromedriver.exe] found in cache
2025-05-18 13:16:59,903 - WARNING - Retrying (Retry(total=2, connect=None, read=None, redirect=None, status=None)) after connection broken by 'NewConnectionError('<urllib3.connection.HTTPConnection object at 0x000002114169C650>: Failed to establish a new connection: [WinError 10061] Подключение не установлено, т.к. конечный компьютер отверг запрос на подключение')': /session/492f430e3827d16d63cb43f18b02a546
2025-05-18 13:17:03,979 - WARNING - Retrying (Retry(total=1, connect=None, read=None, redirect=None, status=None)) after connection broken by 'NewConnectionError('<urllib3.connection.HTTPConnection object at 0x000002114169DC10>: Failed to establish a new connection: [WinError 10061] Подключение не установлено, т.к. конечный компьютер отверг запрос на подключение')': /session/492f430e3827d16d63cb43f18b02a546
2025-05-18 13:17:08,070 - WARNING - Retrying (Retry(total=0, connect=None, read=None, redirect=None, status=None)) after connection broken by 'NewConnectionError('<urllib3.connection.HTTPConnection object at 0x000002114169FAD0>: Failed to establish a new connection: [WinError 10061] Подключение не установлено, т.к. конечный компьютер отверг запрос на подключение')': /session/492f430e3827d16d63cb43f18b02a546
2025-05-18 13:17:16,248 - INFO - ====== WebDriver manager ======
2025-05-18 13:17:17,796 - INFO - Get LATEST chromedriver version for google-chrome
2025-05-18 13:17:22,186 - INFO - Get LATEST chromedriver version for google-chrome
2025-05-18 13:17:22,487 - INFO - Driver [C:\Users\Stass\.wdm\drivers\chromedriver\win64\136.0.7103.94\chromedriver-win32/chromedriver.exe] found in cache
2025-05-18 13:17:37,964 - WARNING - Retrying (Retry(total=2, connect=None, read=None, redirect=None, status=None)) after connection broken by 'NewConnectionError('<urllib3.connection.HTTPConnection object at 0x0000021141173B90>: Failed to establish a new connection: [WinError 10061] Подключение не установлено, т.к. конечный компьютер отверг запрос на подключение')': /session/15806f1984dd48fa6acb3f75e92b7b52
2025-05-18 13:17:42,071 - WARNING - Retrying (Retry(total=1, connect=None, read=None, redirect=None, status=None)) after connection broken by 'NewConnectionError('<urllib3.connection.HTTPConnection object at 0x0000021141170FD0>: Failed to establish a new connection: [WinError 10061] Подключение не установлено, т.к. конечный компьютер отверг запрос на подключение')': /session/15806f1984dd48fa6acb3f75e92b7b52
2025-05-18 13:17:46,180 - WARNING - Retrying (Retry(total=0, connect=None, read=None, redirect=None, status=None)) after connection broken by 'NewConnectionError('<urllib3.connection.HTTPConnection object at 0x0000021141172850>: Failed to establish a new connection: [WinError 10061] Подключение не установлено, т.к. конечный компьютер отверг запрос на подключение')': /session/15806f1984dd48fa6acb3f75e92b7b52
2025-05-18 13:17:54,332 - INFO - ====== WebDriver manager ======
2025-05-18 13:17:55,881 - INFO - Get LATEST chromedriver version for google-chrome
2025-05-18 13:18:00,248 - INFO - Get LATEST chromedriver version for google-chrome
2025-05-18 13:18:00,558 - INFO - Driver [C:\Users\Stass\.wdm\drivers\chromedriver\win64\136.0.7103.94\chromedriver-win32/chromedriver.exe] found in cache
2025-05-18 13:18:44,307 - ERROR - Element with locator ('class name', 'btn.btn-primary') not clickable after 30 seconds.
2025-05-18 13:19:14,703 - ERROR - Element with locator ('id', 'email') not found.
2025-05-18 13:19:45,489 - ERROR - Element with locator ('id', 'password') not found.
2025-05-18 13:19:50,780 - INFO - ====== WebDriver manager ======
2025-05-18 13:19:52,233 - INFO - Get LATEST chromedriver version for google-chrome
2025-05-18 13:19:52,489 - INFO - Get LATEST chromedriver version for google-chrome
2025-05-18 13:19:52,735 - INFO - Driver [C:\Users\Stass\.wdm\drivers\chromedriver\win64\136.0.7103.94\chromedriver-win32/chromedriver.exe] found in cache
2025-05-18 13:20:16,947 - WARNING - Retrying (Retry(total=2, connect=None, read=None, redirect=None, status=None)) after connection broken by 'NewConnectionError('<urllib3.connection.HTTPConnection object at 0x00000211415A94D0>: Failed to establish a new connection: [WinError 10061] Подключение не установлено, т.к. конечный компьютер отверг запрос на подключение')': /session/d064edcdf551c97c8ad95070f21abc41
2025-05-18 13:20:21,008 - WARNING - Retrying (Retry(total=1, connect=None, read=None, redirect=None, status=None)) after connection broken by 'NewConnectionError('<urllib3.connection.HTTPConnection object at 0x00000211410AF150>: Failed to establish a new connection: [WinError 10061] Подключение не установлено, т.к. конечный компьютер отверг запрос на подключение')': /session/d064edcdf551c97c8ad95070f21abc41
2025-05-18 13:20:25,104 - WARNING - Retrying (Retry(total=0, connect=None, read=None, redirect=None, status=None)) after connection broken by 'NewConnectionError('<urllib3.connection.HTTPConnection object at 0x0000021141696D50>: Failed to establish a new connection: [WinError 10061] Подключение не установлено, т.к. конечный компьютер отверг запрос на подключение')': /session/d064edcdf551c97c8ad95070f21abc41
2025-05-18 13:20:33,272 - INFO - ====== WebDriver manager ======
2025-05-18 13:20:34,788 - INFO - Get LATEST chromedriver version for google-chrome
2025-05-18 13:20:39,119 - INFO - Get LATEST chromedriver version for google-chrome
2025-05-18 13:20:39,398 - INFO - Driver [C:\Users\Stass\.wdm\drivers\chromedriver\win64\136.0.7103.94\chromedriver-win32/chromedriver.exe] found in cache
2025-05-18 13:20:54,899 - WARNING - Retrying (Retry(total=2, connect=None, read=None, redirect=None, status=None)) after connection broken by 'NewConnectionError('<urllib3.connection.HTTPConnection object at 0x00000211416A57D0>: Failed to establish a new connection: [WinError 10061] Подключение не установлено, т.к. конечный компьютер отверг запрос на подключение')': /session/0864f46854e0ad8fa2568a036179ce53
2025-05-18 13:20:58,978 - WARNING - Retrying (Retry(total=1, connect=None, read=None, redirect=None, status=None)) after connection broken by 'NewConnectionError('<urllib3.connection.HTTPConnection object at 0x00000211416A4450>: Failed to establish a new connection: [WinError 10061] Подключение не установлено, т.к. конечный компьютер отверг запрос на подключение')': /session/0864f46854e0ad8fa2568a036179ce53
2025-05-18 13:21:03,057 - WARNING - Retrying (Retry(total=0, connect=None, read=None, redirect=None, status=None)) after connection broken by 'NewConnectionError('<urllib3.connection.HTTPConnection object at 0x00000211411B8A50>: Failed to establish a new connection: [WinError 10061] Подключение не установлено, т.к. конечный компьютер отверг запрос на подключение')': /session/0864f46854e0ad8fa2568a036179ce53
2025-05-18 13:21:11,241 - INFO - ====== WebDriver manager ======
2025-05-18 13:21:12,752 - INFO - Get LATEST chromedriver version for google-chrome
2025-05-18 13:21:17,123 - INFO - Get LATEST chromedriver version for google-chrome
2025-05-18 13:21:17,564 - INFO - Driver [C:\Users\Stass\.wdm\drivers\chromedriver\win64\136.0.7103.94\chromedriver-win32/chromedriver.exe] found in cache
2025-05-18 13:21:53,244 - ERROR - Element with locator ('class name', 'btn.btn-primary') not clickable after 30 seconds.
2025-05-18 13:22:23,668 - ERROR - Element with locator ('id', 'email') not found.
2025-05-18 13:22:54,413 - ERROR - Element with locator ('id', 'password') not found.
2025-05-18 14:15:56,662 - INFO - ====== WebDriver manager ======
2025-05-18 14:15:58,367 - INFO - Get LATEST chromedriver version for google-chrome
2025-05-18 14:15:58,690 - INFO - Get LATEST chromedriver version for google-chrome
2025-05-18 14:15:59,011 - INFO - Driver [C:\Users\Stass\.wdm\drivers\chromedriver\win64\136.0.7103.94\chromedriver-win32/chromedriver.exe] found in cache
2025-05-18 14:16:14,561 - ERROR - Failed to take screenshot: Message: invalid session id: session deleted as the browser has closed the connection
from disconnected: not connected to DevTools
  (Session info: chrome=136.0.7103.114)
Stacktrace:
	GetHandleVerifier [0x0128FC83+61635]
	GetHandleVerifier [0x0128FCC4+61700]
	(No symbol) [0x010B05D3]
	(No symbol) [0x0109FE20]
	(No symbol) [0x010BDD1F]
	(No symbol) [0x01123E8C]
	(No symbol) [0x0113DF19]
	(No symbol) [0x0111D096]
	(No symbol) [0x010EC840]
	(No symbol) [0x010ED6A4]
	GetHandleVerifier [0x015145A3+2701795]
	GetHandleVerifier [0x0150FD26+2683238]
	GetHandleVerifier [0x0152AA6E+2793134]
	GetHandleVerifier [0x012A6945+155013]
	GetHandleVerifier [0x012AD02D+181357]
	GetHandleVerifier [0x012974D8+92440]
	GetHandleVerifier [0x01297680+92864]
	GetHandleVerifier [0x01282070+5296]
	BaseThreadInitThunk [0x767B5D49+25]
	RtlInitializeExceptionChain [0x777BD03B+107]
	RtlGetAppContainerNamedObjectPath [0x777BCFC1+561]

2025-05-19 16:13:13,757 - INFO - ====== WebDriver manager ======
2025-05-19 16:13:15,755 - INFO - Get LATEST chromedriver version for google-chrome
2025-05-19 16:13:16,282 - INFO - Get LATEST chromedriver version for google-chrome
2025-05-19 16:13:16,612 - INFO - Get LATEST chromedriver version for google-chrome
2025-05-19 16:13:17,329 - INFO - WebDriver version 136.0.7103.94 selected
2025-05-19 16:13:17,335 - INFO - Modern chrome version https://storage.googleapis.com/chrome-for-testing-public/136.0.7103.94/win32/chromedriver-win32.zip
2025-05-19 16:13:17,336 - INFO - About to download new driver from https://storage.googleapis.com/chrome-for-testing-public/136.0.7103.94/win32/chromedriver-win32.zip
2025-05-19 16:13:17,608 - INFO - Driver downloading response is 200
2025-05-20 14:54:51,231 - INFO - ====== WebDriver manager ======
2025-05-20 14:54:53,659 - INFO - Get LATEST chromedriver version for google-chrome
2025-05-20 14:54:54,045 - INFO - Get LATEST chromedriver version for google-chrome
2025-05-20 14:54:54,254 - INFO - Get LATEST chromedriver version for google-chrome
2025-05-20 14:54:54,895 - INFO - WebDriver version 136.0.7103.94 selected
2025-05-20 14:54:54,901 - INFO - Modern chrome version https://storage.googleapis.com/chrome-for-testing-public/136.0.7103.94/win32/chromedriver-win32.zip
2025-05-20 14:54:54,901 - INFO - About to download new driver from https://storage.googleapis.com/chrome-for-testing-public/136.0.7103.94/win32/chromedriver-win32.zip
2025-05-20 14:54:55,136 - INFO - Driver downloading response is 200
2025-05-20 14:54:58,735 - INFO - Get LATEST chromedriver version for google-chrome
2025-05-20 14:54:59,728 - INFO - Driver has been saved in cache [C:\Users\Stass\.wdm\drivers\chromedriver\win64\136.0.7103.94]
2025-05-20 15:19:09,131 - INFO - ====== WebDriver manager ======
2025-05-20 15:19:10,776 - INFO - Get LATEST chromedriver version for google-chrome
2025-05-20 15:19:11,034 - INFO - Get LATEST chromedriver version for google-chrome
2025-05-20 15:19:11,268 - INFO - Driver [C:\Users\Stass\.wdm\drivers\chromedriver\win64\136.0.7103.94\chromedriver-win32/chromedriver.exe] found in cache
2025-05-20 15:19:28,633 - INFO - Старт проверки "Продажа техники из магазина за наличку"
2025-05-20 15:19:34,002 - INFO - Переход в магазин
2025-05-20 15:19:38,800 - INFO - Открытие фильтра справа и сортировка для продажи товаров (не ЮИ)
2025-05-20 15:41:41,733 - INFO - ====== WebDriver manager ======
2025-05-20 15:41:50,606 - INFO - Get LATEST chromedriver version for google-chrome
2025-05-20 15:41:52,114 - INFO - Get LATEST chromedriver version for google-chrome
2025-05-20 15:41:53,072 - INFO - Driver [C:\Users\Stass\.wdm\drivers\chromedriver\win64\136.0.7103.94\chromedriver-win32/chromedriver.exe] found in cache
2025-05-20 15:42:33,270 - ERROR - Element with locator ('class name', 'btn.btn-primary') not clickable after 30 seconds.
2025-05-20 15:43:03,729 - ERROR - Element with locator ('id', 'email') not found.
2025-05-20 15:43:34,912 - ERROR - Element with locator ('id', 'password') not found.
2025-05-20 15:43:38,232 - INFO - ====== WebDriver manager ======
2025-05-20 15:43:39,788 - INFO - Get LATEST chromedriver version for google-chrome
2025-05-20 15:43:40,235 - INFO - Get LATEST chromedriver version for google-chrome
2025-05-20 15:43:40,441 - INFO - Driver [C:\Users\Stass\.wdm\drivers\chromedriver\win64\136.0.7103.94\chromedriver-win32/chromedriver.exe] found in cache
2025-05-20 15:44:05,426 - WARNING - Retrying (Retry(total=2, connect=None, read=None, redirect=None, status=None)) after connection broken by 'NewConnectionError('<urllib3.connection.HTTPConnection object at 0x000001EEA619B610>: Failed to establish a new connection: [WinError 10061] Подключение не установлено, т.к. конечный компьютер отверг запрос на подключение')': /session/7b25fb0d301a5e80e95ca7d86acaf1cc
2025-05-20 15:51:57,724 - INFO - ====== WebDriver manager ======
2025-05-20 15:51:59,372 - INFO - Get LATEST chromedriver version for google-chrome
2025-05-20 15:52:00,792 - INFO - Get LATEST chromedriver version for google-chrome
2025-05-20 15:52:01,266 - INFO - Driver [C:\Users\Stass\.wdm\drivers\chromedriver\win64\136.0.7103.94\chromedriver-win32/chromedriver.exe] found in cache
2025-05-20 15:52:17,974 - INFO - Старт проверки "Продажа техники из магазина за наличку"
2025-05-20 15:52:24,910 - INFO - Переход в магазин
2025-05-20 15:52:27,738 - INFO - Открытие фильтра справа и сортировка для продажи товаров (не ЮИ)
2025-05-20 15:52:43,294 - INFO - Продажа товара из магазина (не ЮИ)
2025-05-20 15:53:17,911 - ERROR - Element with locator ('id', 'counteragentId') not clickable.
2025-05-20 15:53:50,308 - INFO - Печать документа
2025-05-20 15:53:54,014 - INFO - Печать чека создания "догов потребит займа"
2025-05-20 15:53:58,687 - INFO - Проверка статуса продажи товара (печати чека)
2025-05-20 15:54:28,950 - ERROR - Element with locator ('css selector', 'div.content-page li:nth-child(3) div.w-100 div') still visible after 30 seconds.
2025-05-20 15:54:33,766 - INFO - Переход в карточку товара из печати чека
2025-05-20 15:54:38,299 - INFO - Проверка статуса "Нет в наличии" в карточке товара
2025-05-20 15:54:38,720 - INFO - Проверка состояния "Продан" в карточке товара
2025-05-20 15:54:39,125 - INFO - Продажа техники из магазина за наличку завершена успешно
2025-05-20 15:58:05,825 - INFO - ====== WebDriver manager ======
2025-05-20 15:58:07,609 - INFO - Get LATEST chromedriver version for google-chrome
2025-05-20 15:58:08,160 - INFO - Get LATEST chromedriver version for google-chrome
2025-05-20 15:58:08,421 - INFO - Driver [C:\Users\Stass\.wdm\drivers\chromedriver\win64\136.0.7103.94\chromedriver-win32/chromedriver.exe] found in cache
2025-05-20 15:58:23,815 - INFO - Старт проверки "Продажа техники из магазина за наличку"
2025-05-20 15:58:30,005 - INFO - Переход в магазин
2025-05-20 15:58:33,884 - INFO - Открытие фильтра справа и сортировка для продажи товаров (не ЮИ)
2025-05-20 15:58:50,856 - INFO - Продажа товара из магазина (не ЮИ)
2025-05-20 15:59:20,163 - INFO - Печать документа
2025-05-20 15:59:24,132 - INFO - Печать чека создания "догов потребит займа"
2025-05-20 15:59:29,229 - INFO - Проверка статуса продажи товара (печати чека)
2025-05-20 15:59:59,314 - ERROR - Element with locator ('css selector', 'div.content-page li:nth-child(3) div.w-100 div') still visible after 30 seconds.
2025-05-20 16:00:05,241 - INFO - Переход в карточку товара из печати чека
2025-05-20 16:00:10,505 - INFO - Проверка статуса "Нет в наличии" в карточке товара
2025-05-20 16:00:11,563 - INFO - Проверка состояния "Продан" в карточке товара
2025-05-20 16:00:12,656 - INFO - Продажа техники из магазина за наличку завершена успешно
2025-05-20 16:00:15,890 - INFO - ====== WebDriver manager ======
2025-05-20 16:00:21,598 - INFO - Get LATEST chromedriver version for google-chrome
2025-05-20 16:00:21,838 - INFO - Get LATEST chromedriver version for google-chrome
2025-05-20 16:00:22,078 - INFO - Driver [C:\Users\Stass\.wdm\drivers\chromedriver\win64\136.0.7103.94\chromedriver-win32/chromedriver.exe] found in cache
2025-05-20 16:02:37,390 - ERROR - Element with locator ('css selector', 'div.content-page li:nth-child(3) div.w-100 div') still visible after 30 seconds.
2025-05-20 16:02:46,052 - INFO - ====== WebDriver manager ======
2025-05-20 16:02:47,885 - INFO - Get LATEST chromedriver version for google-chrome
2025-05-20 16:02:52,194 - INFO - Get LATEST chromedriver version for google-chrome
2025-05-20 16:02:52,610 - INFO - Driver [C:\Users\Stass\.wdm\drivers\chromedriver\win64\136.0.7103.94\chromedriver-win32/chromedriver.exe] found in cache
2025-05-20 16:05:16,699 - ERROR - Element with locator ('css selector', '[class="p-button p-component p-button-icon-only p-speeddial-button p-button-rounded"]') not clickable after 30 seconds.
2025-05-20 16:05:20,625 - INFO - ====== WebDriver manager ======
2025-05-20 16:05:22,193 - INFO - Get LATEST chromedriver version for google-chrome
2025-05-20 16:05:22,503 - INFO - Get LATEST chromedriver version for google-chrome
2025-05-20 16:05:22,692 - INFO - Driver [C:\Users\Stass\.wdm\drivers\chromedriver\win64\136.0.7103.94\chromedriver-win32/chromedriver.exe] found in cache
2025-05-20 16:07:16,859 - ERROR - Element with locator ('css selector', '[class="p-button p-component p-button-icon-only p-speeddial-button p-button-rounded"]') not clickable after 30 seconds.
2025-05-20 16:07:23,777 - INFO - ====== WebDriver manager ======
2025-05-20 16:07:27,675 - INFO - Get LATEST chromedriver version for google-chrome
2025-05-20 16:07:28,060 - INFO - Get LATEST chromedriver version for google-chrome
2025-05-20 16:07:28,824 - INFO - Driver [C:\Users\Stass\.wdm\drivers\chromedriver\win64\136.0.7103.94\chromedriver-win32/chromedriver.exe] found in cache
2025-05-20 16:09:12,313 - ERROR - Element with locator ('css selector', '[aria-posinset="1"]') not found.
2025-05-20 16:11:04,328 - ERROR - Element with locator ('css selector', 'div.content-page li:nth-child(3) div.w-100 div') still visible after 30 seconds.
2025-05-20 16:11:12,772 - INFO - ====== WebDriver manager ======
2025-05-20 16:11:14,580 - INFO - Get LATEST chromedriver version for google-chrome
2025-05-20 16:11:19,049 - INFO - Get LATEST chromedriver version for google-chrome
2025-05-20 16:11:19,317 - INFO - Driver [C:\Users\Stass\.wdm\drivers\chromedriver\win64\136.0.7103.94\chromedriver-win32/chromedriver.exe] found in cache
2025-05-20 16:13:30,513 - ERROR - Element with locator ('css selector', 'div.content-page li:nth-child(3) div.w-100 div') still visible after 30 seconds.
2025-05-20 16:13:32,601 - ERROR - Текст не совпадает. Ожидаемый: Завершено, Фактический: Распечатка чека: Текст не совпадает. Ожидаемый: Завершено, Фактический: Распечатка чека
2025-05-20 16:13:36,682 - INFO - ====== WebDriver manager ======
2025-05-20 16:13:38,239 - INFO - Get LATEST chromedriver version for google-chrome
2025-05-20 16:13:38,487 - INFO - Get LATEST chromedriver version for google-chrome
2025-05-20 16:13:38,730 - INFO - Driver [C:\Users\Stass\.wdm\drivers\chromedriver\win64\136.0.7103.94\chromedriver-win32/chromedriver.exe] found in cache
2025-05-20 16:15:08,623 - ERROR - Element with locator ('css selector', '[aria-label="Далее"]') not clickable.
2025-05-20 16:16:32,001 - ERROR - Element with locator ('css selector', '#instanceV\\.756 > input') not visible.
2025-05-20 16:17:35,221 - ERROR - Element with locator ('css selector', '[class="p-button p-component p-button-icon-only p-speeddial-button p-button-rounded"]') not clickable after 30 seconds.
2025-05-20 16:17:39,498 - INFO - ====== WebDriver manager ======
2025-05-20 16:17:41,016 - INFO - Get LATEST chromedriver version for google-chrome
2025-05-20 16:17:41,379 - INFO - Get LATEST chromedriver version for google-chrome
2025-05-20 16:17:41,633 - INFO - Driver [C:\Users\Stass\.wdm\drivers\chromedriver\win64\136.0.7103.94\chromedriver-win32/chromedriver.exe] found in cache
2025-05-20 16:18:47,777 - INFO - ====== WebDriver manager ======
2025-05-20 16:18:49,414 - INFO - Get LATEST chromedriver version for google-chrome
2025-05-20 16:18:53,710 - INFO - Get LATEST chromedriver version for google-chrome
2025-05-20 16:18:54,366 - INFO - Driver [C:\Users\Stass\.wdm\drivers\chromedriver\win64\136.0.7103.94\chromedriver-win32/chromedriver.exe] found in cache
2025-05-20 16:20:01,685 - INFO - ====== WebDriver manager ======
2025-05-20 16:20:03,154 - INFO - Get LATEST chromedriver version for google-chrome
2025-05-20 16:20:11,566 - INFO - Get LATEST chromedriver version for google-chrome
2025-05-20 16:20:11,784 - INFO - Driver [C:\Users\Stass\.wdm\drivers\chromedriver\win64\136.0.7103.94\chromedriver-win32/chromedriver.exe] found in cache
2025-05-20 16:21:07,167 - INFO - ====== WebDriver manager ======
2025-05-20 16:21:08,898 - INFO - Get LATEST chromedriver version for google-chrome
2025-05-20 16:21:13,206 - INFO - Get LATEST chromedriver version for google-chrome
2025-05-20 16:21:13,486 - INFO - Driver [C:\Users\Stass\.wdm\drivers\chromedriver\win64\136.0.7103.94\chromedriver-win32/chromedriver.exe] found in cache
2025-05-20 16:22:11,115 - INFO - ====== WebDriver manager ======
2025-05-20 16:22:13,007 - INFO - Get LATEST chromedriver version for google-chrome
2025-05-20 16:22:17,301 - INFO - Get LATEST chromedriver version for google-chrome
2025-05-20 16:22:17,593 - INFO - Driver [C:\Users\Stass\.wdm\drivers\chromedriver\win64\136.0.7103.94\chromedriver-win32/chromedriver.exe] found in cache
2025-05-20 16:23:39,974 - ERROR - Element with locator ('css selector', '#instanceV\\.756 > input') not visible.
2025-05-20 16:23:56,735 - INFO - ====== WebDriver manager ======
2025-05-20 16:23:58,298 - INFO - Get LATEST chromedriver version for google-chrome
2025-05-20 16:24:03,304 - INFO - Get LATEST chromedriver version for google-chrome
2025-05-20 16:24:03,579 - INFO - Driver [C:\Users\Stass\.wdm\drivers\chromedriver\win64\136.0.7103.94\chromedriver-win32/chromedriver.exe] found in cache
2025-05-20 16:24:38,807 - INFO - ====== WebDriver manager ======
2025-05-20 16:24:40,730 - INFO - Get LATEST chromedriver version for google-chrome
2025-05-20 16:24:45,065 - INFO - Get LATEST chromedriver version for google-chrome
2025-05-20 16:24:45,274 - INFO - Driver [C:\Users\Stass\.wdm\drivers\chromedriver\win64\136.0.7103.94\chromedriver-win32/chromedriver.exe] found in cache
2025-05-20 16:24:55,179 - INFO - ====== WebDriver manager ======
2025-05-20 16:24:57,306 - INFO - Get LATEST chromedriver version for google-chrome
2025-05-20 16:25:01,667 - INFO - Get LATEST chromedriver version for google-chrome
2025-05-20 16:25:01,999 - INFO - Driver [C:\Users\Stass\.wdm\drivers\chromedriver\win64\136.0.7103.94\chromedriver-win32/chromedriver.exe] found in cache
2025-05-20 16:25:17,215 - INFO - ====== WebDriver manager ======
2025-05-20 16:25:18,659 - INFO - Get LATEST chromedriver version for google-chrome
2025-05-20 16:25:22,963 - INFO - Get LATEST chromedriver version for google-chrome
2025-05-20 16:25:23,227 - INFO - Driver [C:\Users\Stass\.wdm\drivers\chromedriver\win64\136.0.7103.94\chromedriver-win32/chromedriver.exe] found in cache
2025-05-20 16:25:37,651 - INFO - ====== WebDriver manager ======
2025-05-20 16:25:39,508 - INFO - Get LATEST chromedriver version for google-chrome
2025-05-20 16:25:43,883 - INFO - Get LATEST chromedriver version for google-chrome
2025-05-20 16:25:44,253 - INFO - Driver [C:\Users\Stass\.wdm\drivers\chromedriver\win64\136.0.7103.94\chromedriver-win32/chromedriver.exe] found in cache
2025-05-20 16:25:56,308 - INFO - ====== WebDriver manager ======
2025-05-20 16:25:58,999 - INFO - Get LATEST chromedriver version for google-chrome
2025-05-20 16:26:03,304 - INFO - Get LATEST chromedriver version for google-chrome
2025-05-20 16:26:03,550 - INFO - Driver [C:\Users\Stass\.wdm\drivers\chromedriver\win64\136.0.7103.94\chromedriver-win32/chromedriver.exe] found in cache
2025-05-20 16:26:14,742 - INFO - ====== WebDriver manager ======
2025-05-20 16:26:16,180 - INFO - Get LATEST chromedriver version for google-chrome
2025-05-20 16:26:20,507 - INFO - Get LATEST chromedriver version for google-chrome
2025-05-20 16:26:20,877 - INFO - Driver [C:\Users\Stass\.wdm\drivers\chromedriver\win64\136.0.7103.94\chromedriver-win32/chromedriver.exe] found in cache
2025-05-20 16:26:32,681 - INFO - ====== WebDriver manager ======
2025-05-20 16:26:34,198 - INFO - Get LATEST chromedriver version for google-chrome
2025-05-20 16:26:38,513 - INFO - Get LATEST chromedriver version for google-chrome
2025-05-20 16:26:38,747 - INFO - Driver [C:\Users\Stass\.wdm\drivers\chromedriver\win64\136.0.7103.94\chromedriver-win32/chromedriver.exe] found in cache
2025-05-20 16:27:41,471 - ERROR - Element with locator ('class name', 'p-button.p-component.w-100') not clickable.
2025-05-20 16:28:19,010 - ERROR - Element with locator <selenium.webdriver.remote.webelement.WebElement (session="b0212144754f43e9791edb9ed0d8036e", element="f.0034A2ED8FBE0FED59EE5520F92CD4B0.d.CAED2335F87447D55BB40A613D815363.e.451")> not clickable after 30 seconds.
2025-05-20 16:28:55,437 - ERROR - Element with locator ('css selector', '[aria-posinset="1"]') not found.
2025-05-20 16:29:43,851 - ERROR - Element with locator ('css selector', '[class="p-button p-component p-button-icon-only p-speeddial-button p-button-rounded p-speeddial-rotate"]') not clickable.
2025-05-20 16:30:15,029 - ERROR - Element with locator ('id', 'name') not found.
2025-05-20 16:45:23,647 - INFO - ====== WebDriver manager ======
2025-05-20 16:45:25,196 - INFO - Get LATEST chromedriver version for google-chrome
2025-05-20 16:45:25,508 - INFO - Get LATEST chromedriver version for google-chrome
2025-05-20 16:45:25,773 - INFO - Driver [C:\Users\Stass\.wdm\drivers\chromedriver\win64\136.0.7103.94\chromedriver-win32/chromedriver.exe] found in cache
2025-05-20 16:46:08,247 - ERROR - Element with locator ('class name', 'p-button.p-component.mt-2.p-button-warning') not clickable after 30 seconds.
2025-05-20 16:46:11,006 - INFO - ====== WebDriver manager ======
2025-05-20 16:46:12,516 - INFO - Get LATEST chromedriver version for google-chrome
2025-05-20 16:46:12,745 - INFO - Get LATEST chromedriver version for google-chrome
2025-05-20 16:46:13,000 - INFO - Driver [C:\Users\Stass\.wdm\drivers\chromedriver\win64\136.0.7103.94\chromedriver-win32/chromedriver.exe] found in cache
2025-05-20 16:48:41,948 - ERROR - Element with locator ('css selector', 'div.content-page li:nth-child(3) div.w-100 div') still visible after 30 seconds.
2025-05-20 16:48:51,133 - INFO - ====== WebDriver manager ======
2025-05-20 16:48:52,690 - INFO - Get LATEST chromedriver version for google-chrome
2025-05-20 16:49:01,193 - INFO - Get LATEST chromedriver version for google-chrome
2025-05-20 16:49:01,461 - INFO - Driver [C:\Users\Stass\.wdm\drivers\chromedriver\win64\136.0.7103.94\chromedriver-win32/chromedriver.exe] found in cache
2025-05-20 16:51:19,405 - ERROR - Element with locator ('css selector', 'div.content-page li:nth-child(3) div.w-100 div') still visible after 30 seconds.
2025-05-20 16:51:21,474 - ERROR - Текст не совпадает. Ожидаемый: Завершено, Фактический: Распечатка чека: Текст не совпадает. Ожидаемый: Завершено, Фактический: Распечатка чека
2025-05-20 16:51:25,618 - INFO - ====== WebDriver manager ======
2025-05-20 16:51:27,189 - INFO - Get LATEST chromedriver version for google-chrome
2025-05-20 16:51:27,475 - INFO - Get LATEST chromedriver version for google-chrome
2025-05-20 16:51:27,939 - INFO - Driver [C:\Users\Stass\.wdm\drivers\chromedriver\win64\136.0.7103.94\chromedriver-win32/chromedriver.exe] found in cache
2025-05-20 16:53:29,446 - ERROR - Element with locator ('css selector', '[class="p-button p-component p-button-icon-only p-speeddial-button p-button-rounded"]') not clickable after 30 seconds.
2025-05-20 16:53:32,636 - INFO - ====== WebDriver manager ======
2025-05-20 16:53:34,133 - INFO - Get LATEST chromedriver version for google-chrome
2025-05-20 16:53:34,482 - INFO - Get LATEST chromedriver version for google-chrome
2025-05-20 16:53:34,796 - INFO - Driver [C:\Users\Stass\.wdm\drivers\chromedriver\win64\136.0.7103.94\chromedriver-win32/chromedriver.exe] found in cache
2025-05-20 16:54:54,172 - ERROR - Element with locator ('css selector', '[aria-posinset="1"]') not found.
2025-05-20 16:55:24,421 - WARNING - Retrying (Retry(total=2, connect=None, read=None, redirect=None, status=None)) after connection broken by 'NewConnectionError('<urllib3.connection.HTTPConnection object at 0x000001C66F3AD8D0>: Failed to establish a new connection: [WinError 10061] Подключение не установлено, т.к. конечный компьютер отверг запрос на подключение')': /session/ade1265518306a0433c54e93f144f15d
